Archive member included to satisfy reference by file (symbol)

/Applications/FEH_ARM/bin/../lib/gcc/arm-none-eabi/10.3.1/../../../../arm-none-eabi/lib/thumb/v7e-m/nofp/libstdc++.a(del_ops.o)
                              Libraries/FEHIO.o (operator delete(void*, unsigned int))
/Applications/FEH_ARM/bin/../lib/gcc/arm-none-eabi/10.3.1/../../../../arm-none-eabi/lib/thumb/v7e-m/nofp/libstdc++.a(new_op.o)
                              Libraries/FEHIO.o (operator new(unsigned int))
/Applications/FEH_ARM/bin/../lib/gcc/arm-none-eabi/10.3.1/../../../../arm-none-eabi/lib/thumb/v7e-m/nofp/libstdc++.a(bad_alloc.o)
                              /Applications/FEH_ARM/bin/../lib/gcc/arm-none-eabi/10.3.1/../../../../arm-none-eabi/lib/thumb/v7e-m/nofp/libstdc++.a(new_op.o) (std::bad_alloc::~bad_alloc())
/Applications/FEH_ARM/bin/../lib/gcc/arm-none-eabi/10.3.1/../../../../arm-none-eabi/lib/thumb/v7e-m/nofp/libstdc++.a(del_op.o)
                              /Applications/FEH_ARM/bin/../lib/gcc/arm-none-eabi/10.3.1/../../../../arm-none-eabi/lib/thumb/v7e-m/nofp/libstdc++.a(del_ops.o) (operator delete(void*))
/Applications/FEH_ARM/bin/../lib/gcc/arm-none-eabi/10.3.1/../../../../arm-none-eabi/lib/thumb/v7e-m/nofp/libstdc++.a(eh_alloc.o)
                              /Applications/FEH_ARM/bin/../lib/gcc/arm-none-eabi/10.3.1/../../../../arm-none-eabi/lib/thumb/v7e-m/nofp/libstdc++.a(new_op.o) (__cxa_allocate_exception)
/Applications/FEH_ARM/bin/../lib/gcc/arm-none-eabi/10.3.1/../../../../arm-none-eabi/lib/thumb/v7e-m/nofp/libstdc++.a(eh_exception.o)
                              /Applications/FEH_ARM/bin/../lib/gcc/arm-none-eabi/10.3.1/../../../../arm-none-eabi/lib/thumb/v7e-m/nofp/libstdc++.a(bad_alloc.o) (std::exception::~exception())
/Applications/FEH_ARM/bin/../lib/gcc/arm-none-eabi/10.3.1/../../../../arm-none-eabi/lib/thumb/v7e-m/nofp/libstdc++.a(eh_terminate.o)
                              /Applications/FEH_ARM/bin/../lib/gcc/arm-none-eabi/10.3.1/../../../../arm-none-eabi/lib/thumb/v7e-m/nofp/libstdc++.a(eh_alloc.o) (std::terminate())
/Applications/FEH_ARM/bin/../lib/gcc/arm-none-eabi/10.3.1/../../../../arm-none-eabi/lib/thumb/v7e-m/nofp/libstdc++.a(eh_throw.o)
                              /Applications/FEH_ARM/bin/../lib/gcc/arm-none-eabi/10.3.1/../../../../arm-none-eabi/lib/thumb/v7e-m/nofp/libstdc++.a(new_op.o) (__cxa_throw)
/Applications/FEH_ARM/bin/../lib/gcc/arm-none-eabi/10.3.1/../../../../arm-none-eabi/lib/thumb/v7e-m/nofp/libstdc++.a(eh_unex_handler.o)
                              /Applications/FEH_ARM/bin/../lib/gcc/arm-none-eabi/10.3.1/../../../../arm-none-eabi/lib/thumb/v7e-m/nofp/libstdc++.a(eh_terminate.o) (__cxxabiv1::__unexpected_handler)
/Applications/FEH_ARM/bin/../lib/gcc/arm-none-eabi/10.3.1/../../../../arm-none-eabi/lib/thumb/v7e-m/nofp/libstdc++.a(new_handler.o)
                              /Applications/FEH_ARM/bin/../lib/gcc/arm-none-eabi/10.3.1/../../../../arm-none-eabi/lib/thumb/v7e-m/nofp/libstdc++.a(new_op.o) (std::get_new_handler())
/Applications/FEH_ARM/bin/../lib/gcc/arm-none-eabi/10.3.1/../../../../arm-none-eabi/lib/thumb/v7e-m/nofp/libstdc++.a(pure.o)
                              /Applications/FEH_ARM/bin/../lib/gcc/arm-none-eabi/10.3.1/../../../../arm-none-eabi/lib/thumb/v7e-m/nofp/libstdc++.a(eh_exception.o) (__cxa_pure_virtual)
/Applications/FEH_ARM/bin/../lib/gcc/arm-none-eabi/10.3.1/../../../../arm-none-eabi/lib/thumb/v7e-m/nofp/libstdc++.a(si_class_type_info.o)
                              /Applications/FEH_ARM/bin/../lib/gcc/arm-none-eabi/10.3.1/../../../../arm-none-eabi/lib/thumb/v7e-m/nofp/libstdc++.a(bad_alloc.o) (vtable for __cxxabiv1::__si_class_type_info)
/Applications/FEH_ARM/bin/../lib/gcc/arm-none-eabi/10.3.1/../../../../arm-none-eabi/lib/thumb/v7e-m/nofp/libstdc++.a(tinfo.o)
                              /Applications/FEH_ARM/bin/../lib/gcc/arm-none-eabi/10.3.1/../../../../arm-none-eabi/lib/thumb/v7e-m/nofp/libstdc++.a(si_class_type_info.o) (std::type_info::__is_pointer_p() const)
/Applications/FEH_ARM/bin/../lib/gcc/arm-none-eabi/10.3.1/../../../../arm-none-eabi/lib/thumb/v7e-m/nofp/libstdc++.a(vterminate.o)
                              /Applications/FEH_ARM/bin/../lib/gcc/arm-none-eabi/10.3.1/../../../../arm-none-eabi/lib/thumb/v7e-m/nofp/libstdc++.a(eh_terminate.o) (__gnu_cxx::__verbose_terminate_handler())
/Applications/FEH_ARM/bin/../lib/gcc/arm-none-eabi/10.3.1/../../../../arm-none-eabi/lib/thumb/v7e-m/nofp/libstdc++.a(class_type_info.o)
                              /Applications/FEH_ARM/bin/../lib/gcc/arm-none-eabi/10.3.1/../../../../arm-none-eabi/lib/thumb/v7e-m/nofp/libstdc++.a(si_class_type_info.o) (__cxxabiv1::__class_type_info::__do_upcast(__cxxabiv1::__class_type_info const*, void**) const)
/Applications/FEH_ARM/bin/../lib/gcc/arm-none-eabi/10.3.1/../../../../arm-none-eabi/lib/thumb/v7e-m/nofp/libstdc++.a(cp-demangle.o)
[...]
Memory Configuration

Name             Origin             Length             Attributes
PROGRAM_FLASH    0x000000000000c000 0x0000000000073c00 xr
SRAM_UPPER       0x0000000020000000 0x0000000000010000 xrw
SRAM_LOWER       0x000000001fff0000 0x0000000000010000 xrw
*default*        0x0000000000000000 0xffffffffffffffff

Linker script and memory map

LOAD /Applications/FEH_ARM/bin/../lib/gcc/arm-none-eabi/10.3.1/thumb/v7e-m/nofp/crti.o
LOAD /Applications/FEH_ARM/bin/../lib/gcc/arm-none-eabi/10.3.1/thumb/v7e-m/nofp/crtbegin.o
LOAD /Applications/FEH_ARM/bin/../lib/gcc/arm-none-eabi/10.3.1/../../../../arm-none-eabi/lib/thumb/v7e-m/nofp/crt0.o
LOAD ../main.o
LOAD Startup/startup_mk60d10.o
LOAD Libraries/FEHMotor.o
LOAD Drivers/mcg.o
LOAD Drivers/i2c.o
LOAD Drivers/spi.o
LOAD Drivers/uart.o
LOAD Drivers/ff.o
LOAD Drivers/SDHC.o
LOAD Drivers/lptmr.o
LOAD FEHProteus.o
LOAD Drivers/FEHPropeller.o
LOAD Libraries/FEHUtility.o
LOAD Libraries/FEHIO.o
LOAD Drivers/adc16.o
LOAD Libraries/FEHBuzzer.o
LOAD Libraries/FEHServo.o
LOAD Libraries/FEHLCD.o
LOAD Libraries/FEHAccel.o
LOAD Libraries/FEHBattery.o
LOAD Drivers/FEHXBee.o
LOAD Libraries/FEHRCS.o
LOAD Libraries/FEHSD.o
LOAD Libraries/FEHRandom.o
LOAD /Applications/FEH_ARM/bin/../lib/gcc/arm-none-eabi/10.3.1/../../../../arm-none-eabi/lib/thumb/v7e-m/nofp/libstdc++.a
LOAD /Applications/FEH_ARM/bin/../lib/gcc/arm-none-eabi/10.3.1/../../../../arm-none-eabi/lib/thumb/v7e-m/nofp/libm.a
START GROUP
LOAD /Applications/FEH_ARM/bin/../lib/gcc/arm-none-eabi/10.3.1/thumb/v7e-m/nofp/libgcc.a
LOAD /Applications/FEH_ARM/bin/../lib/gcc/arm-none-eabi/10.3.1/../../../../arm-none-eabi/lib/thumb/v7e-m/nofp/libg.a
LOAD /Applications/FEH_ARM/bin/../lib/gcc/arm-none-eabi/10.3.1/../../../../arm-none-eabi/lib/thumb/v7e-m/nofp/libc.a
END GROUP
START GROUP
LOAD /Applications/FEH_ARM/bin/../lib/gcc/arm-none-eabi/10.3.1/thumb/v7e-m/nofp/libgcc.a
LOAD /Applications/FEH_ARM/bin/../lib/gcc/arm-none-eabi/10.3.1/../../../../arm-none-eabi/lib/thumb/v7e-m/nofp/libc.a
LOAD /Applications/FEH_ARM/bin/../lib/gcc/arm-none-eabi/10.3.1/../../../../arm-none-eabi/lib/thumb/v7e-m/nofp/libnosys.a
END GROUP
LOAD /Applications/FEH_ARM/bin/../lib/gcc/arm-none-eabi/10.3.1/thumb/v7e-m/nofp/crtend.o
LOAD /Applications/FEH_ARM/bin/../lib/gcc/arm-none-eabi/10.3.1/thumb/v7e-m/nofp/crtn.o
                0x000000000000c000                __base_PROGRAM_FLASH = 0xc000
                0x000000000000c000                __base_Flash = 0xc000
                0x000000000007fc00                __top_PROGRAM_FLASH = 0x7fc00
                0x000000000007fc00                __top_Flash = 0x7fc00
                0x0000000020000000                __base_SRAM_UPPER = 0x20000000
                0x0000000020000000                __base_RAM = 0x20000000
                0x0000000020010000                __top_SRAM_UPPER = 0x20010000
                0x0000000020010000                __top_RAM = 0x20010000
                0x000000001fff0000                __base_SRAM_LOWER = 0x1fff0000
                0x000000001fff0000                __base_RAM2 = 0x1fff0000
                0x0000000020000000                __top_SRAM_LOWER = 0x20000000
                0x0000000020000000                __top_RAM2 = 0x20000000

.text           0x000000000000c000      0x410
 FILL mask 0xff
                0x000000000000c000                __vectors_start__ = ABSOLUTE (.)
 *(.isr_vector)
 .isr_vector    0x000000000000c000      0x1bc Startup/startup_mk60d10.o
                0x000000000000c000                __Vectors
                0x000000000000c000                g_pfnVectors
                0x000000000000c1bc                . = ALIGN (0x4)
                0x000000000000c1bc                __section_table_start = .
                0x000000000000c1bc                __data_section_table = .
                0x000000000000c1bc        0x4 LONG 0x1c0e4 LOADADDR (.data)
                0x000000000000c1c0        0x4 LONG 0x20000000 ADDR (.data)
                0x000000000000c1c4        0x4 LONG 0x16c8 SIZEOF (.data)
                0x000000000000c1c8        0x4 LONG 0x1c0e4 LOADADDR (.data_RAM2)
                0x000000000000c1cc        0x4 LONG 0x1fff0000 ADDR (.data_RAM2)
                0x000000000000c1d0        0x4 LONG 0x0 SIZEOF (.data_RAM2)
                0x000000000000c1d4                __data_section_table_end = .
                0x000000000000c1d4                __bss_section_table = .
                0x000000000000c1d4        0x4 LONG 0x200016c8 ADDR (.bss)
                0x000000000000c1d8        0x4 LONG 0x484 SIZEOF (.bss)
                0x000000000000c1dc        0x4 LONG 0x1fff0000 ADDR (.bss_RAM2)
                0x000000000000c1e0        0x4 LONG 0x0 SIZEOF (.bss_RAM2)
                0x000000000000c1e4                __bss_section_table_end = .
                0x000000000000c1e4                __section_table_end = .
 *(.after_vectors*)
 .after_vectors.init_data
                0x000000000000c1e4       0x42 Startup/startup_mk60d10.o
                0x000000000000c1e4                data_init(unsigned int, unsigned int, unsigned int)
 .after_vectors.init_bss
                0x000000000000c226       0x36 Startup/startup_mk60d10.o
                0x000000000000c226                bss_init(unsigned int, unsigned int)
 .after_vectors.reset
                0x000000000000c25c       0xb4 Startup/startup_mk60d10.o
                0x000000000000c25c                ResetISR
 .after_vectors
                0x000000000000c310       0x3c Startup/startup_mk60d10.o
                0x000000000000c310                NMI_Handler
                0x000000000000c316                HardFault_Handler
                0x000000000000c31c                MemManage_Handler
                0x000000000000c322                BusFault_Handler
                0x000000000000c328                UsageFault_Handler
                0x000000000000c32e                SVC_Handler
                0x000000000000c334                DebugMon_Handler
                0x000000000000c33a                PendSV_Handler
                0x000000000000c340                SysTick_Handler
                0x000000000000c346                PIT2_DriverIRQHandler
                0x000000000000c346                SDHC_DriverIRQHandler
                0x000000000000c346                I2S0_Tx_DriverIRQHandler
                0x000000000000c346                TSI0_DriverIRQHandler
                0x000000000000c346                RTC_Seconds_DriverIRQHandler
                0x000000000000c346                Reserved109_DriverIRQHandler
                0x000000000000c346                DMA6_DriverIRQHandler
                0x000000000000c346                LLWU_DriverIRQHandler
                0x000000000000c346                MCM_DriverIRQHandler
                0x000000000000c346                MCG_DriverIRQHandler
                0x000000000000c346                ENET_1588_Timer_DriverIRQHandler
                0x000000000000c346                DAC1_DriverIRQHandler
                0x000000000000c346                CMP1_DriverIRQHandler
                0x000000000000c346                UART5_RX_TX_DriverIRQHandler
                0x000000000000c346                FTM0_DriverIRQHandler
                0x000000000000c346                IntDefaultHandler
                0x000000000000c346                USB0_DriverIRQHandler
                0x000000000000c346                UART5_ERR_DriverIRQHandler
                0x000000000000c346                DMA11_DriverIRQHandler
                0x000000000000c346                DAC0_DriverIRQHandler
                0x000000000000c346                DMA10_DriverIRQHandler
                0x000000000000c346                CMP2_DriverIRQHandler
                0x000000000000c346                UART2_ERR_DriverIRQHandler
                0x000000000000c346                SPI2_DriverIRQHandler
                0x000000000000c346                LVD_LVW_DriverIRQHandler
                0x000000000000c346                RNG_DriverIRQHandler
                0x000000000000c346                DMA5_DriverIRQHandler
                0x000000000000c346                DMA4_DriverIRQHandler
                0x000000000000c346                UART2_RX_TX_DriverIRQHandler
                0x000000000000c346                USBDCD_DriverIRQHandler
                0x000000000000c346                UART3_ERR_DriverIRQHandler
                0x000000000000c346                DMA3_DriverIRQHandler
                0x000000000000c346                DMA8_DriverIRQHandler
                0x000000000000c346                DMA9_DriverIRQHandler
                0x000000000000c346                UART0_ERR_DriverIRQHandler
                0x000000000000c346                CMT_DriverIRQHandler
                0x000000000000c346                ADC1_DriverIRQHandler
                0x000000000000c346                DMA14_DriverIRQHandler
                0x000000000000c346                PIT3_DriverIRQHandler
                0x000000000000c346                PIT1_DriverIRQHandler
                0x000000000000c346                WDOG_EWM_DriverIRQHandler
                0x000000000000c346                PDB0_DriverIRQHandler
                0x000000000000c346                Reserved95_DriverIRQHandler
                0x000000000000c346                RTC_DriverIRQHandler
                0x000000000000c346                I2S0_Rx_DriverIRQHandler
                0x000000000000c346                Read_Collision_DriverIRQHandler
                0x000000000000c346                SWI_DriverIRQHandler
                0x000000000000c346                UART4_RX_TX_DriverIRQHandler
                0x000000000000c346                UART4_ERR_DriverIRQHandler
                0x000000000000c346                UART0_LON_DriverIRQHandler
                0x000000000000c346                DMA1_DriverIRQHandler
                0x000000000000c346                I2C1_DriverIRQHandler
                0x000000000000c346                UART3_RX_TX_DriverIRQHandler
                0x000000000000c346                ENET_Receive_DriverIRQHandler
                0x000000000000c346                DMA13_DriverIRQHandler
                0x000000000000c346                ENET_Error_DriverIRQHandler
                0x000000000000c346                DMA15_DriverIRQHandler
                0x000000000000c346                SPI0_DriverIRQHandler
                0x000000000000c346                ADC0_DriverIRQHandler
                0x000000000000c346                FTFL_DriverIRQHandler
                0x000000000000c346                CMP0_DriverIRQHandler
                0x000000000000c346                CAN0_DriverIRQHandler
                0x000000000000c346                Reserved59_DriverIRQHandler
                0x000000000000c346                UART1_ERR_DriverIRQHandler
                0x000000000000c346                DMA2_DriverIRQHandler
                0x000000000000c346                ENET_Transmit_DriverIRQHandler
                0x000000000000c346                I2C0_DriverIRQHandler
                0x000000000000c346                CAN1_DriverIRQHandler
                0x000000000000c346                DMA7_DriverIRQHandler
                0x000000000000c346                UART1_RX_TX_DriverIRQHandler
                0x000000000000c346                Reserved108_DriverIRQHandler
                0x000000000000c346                Reserved102_DriverIRQHandler
                0x000000000000c346                DMA0_DriverIRQHandler
                0x000000000000c346                DMA12_DriverIRQHandler
                0x000000000000c346                SPI1_DriverIRQHandler
                0x000000000000c346                LPTMR0_DriverIRQHandler
                0x000000000000c346                DMA_Error_DriverIRQHandler
                0x000000000000c346                FTM1_DriverIRQHandler
                0x000000000000c346                FTM2_DriverIRQHandler
                0x0000000000000400                . = 0x400
 *fill*         0x000000000000c34c       0xb4 ff
                0x000000000000c400                PROVIDE (__FLASH_CONFIG_START__ = .)
 *(.FlashConfig)
 .FlashConfig   0x000000000000c400       0x10 Startup/startup_mk60d10.o
                0x000000000000c410                PROVIDE (__FLASH_CONFIG_END__ = .)
                0x0000000000000001                ASSERT (! ((__FLASH_CONFIG_START__ == __FLASH_CONFIG_END__)), Linker Flash Config Support Enabled, but no .FlashConfig section provided within application)

.eh_frame       0x000000000000c410        0x0
 .eh_frame      0x000000000000c410        0x0 /Applications/FEH_ARM/bin/../lib/gcc/arm-none-eabi/10.3.1/thumb/v7e-m/nofp/crtbegin.o

.glue_7         0x000000000000c410        0x0
 .glue_7        0x000000000000c410        0x0 linker stubs

.glue_7t        0x000000000000c410        0x0
 .glue_7t       0x000000000000c410        0x0 linker stubs

.vfp11_veneer   0x000000000000c410        0x0
 .vfp11_veneer  0x000000000000c410        0x0 linker stubs

.v4_bx          0x000000000000c410        0x0
 .v4_bx         0x000000000000c410        0x0 linker stubs

.iplt           0x000000000000c410        0x0
 .iplt          0x000000000000c410        0x0 /Applications/FEH_ARM/bin/../lib/gcc/arm-none-eabi/10.3.1/thumb/v7e-m/nofp/crtbegin.o

.text           0x000000000000c440     0xfc9c
 *(.text*)
 .text          0x000000000000c440       0x40 /Applications/FEH_ARM/bin/../lib/gcc/arm-none-eabi/10.3.1/thumb/v7e-m/nofp/crtbegin.o
 .text._ZSt3absd
                0x000000000000c480       0x1e ../main.o
                0x000000000000c480                std::abs(double)
 *fill*         0x000000000000c49e        0x2 
 .text.main     0x000000000000c4a0      0x16c ../main.o
                0x000000000000c4a0                main
 .text._Z13setMotorSpeedii
                0x000000000000c60c       0x3c ../main.o
                0x000000000000c60c                setMotorSpeed(int, int)
 .text._Z9powerMoveddd
                0x000000000000c648      0x1bc ../main.o
                0x000000000000c648                powerMove(double, double, double)
 *fill*         0x000000000000c804        0x4 
 .text._Z4moved
                0x000000000000c808      0x190 ../main.o
                0x000000000000c808                move(double)
 .text._Z4turnd
                0x000000000000c998      0x1d8 ../main.o
                0x000000000000c998                turn(double)
 .text._Z13verticalServod
                0x000000000000cb70       0x3c ../main.o
                0x000000000000cb70                verticalServo(double)
 .text._Z15horizontalServod
                0x000000000000cbac       0x64 ../main.o
                0x000000000000cbac                horizontalServo(double)
 .text._Z11updateStatePi
                0x000000000000cc10       0xcc ../main.o
                0x000000000000cc10                updateState(int*)
 *fill*         0x000000000000ccdc        0x4 
 .text._Z6moveLFd
                0x000000000000cce0      0x1ec ../main.o
                0x000000000000cce0                moveLF(double)
 .text._Z10finalStartv
                0x000000000000cecc      0x1ec ../main.o
                0x000000000000cecc                finalStart()
 .text._Z10compostBinv
                0x000000000000d0b8       0x90 ../main.o
                0x000000000000d0b8                compostBin()
 .text._Z10openWindowv
                0x000000000000d148      0x14c ../main.o
                0x000000000000d148                openWindow()
 *fill*         0x000000000000d294        0x4 
 .text._Z6applesv
                0x000000000000d298      0x17c ../main.o
                0x000000000000d298                apples()
 *fill*         0x000000000000d414        0x4 
 .text._Z7buttonsv
                0x000000000000d418      0x1c8 ../main.o
                0x000000000000d418                buttons()
 .text._Z6leversv
                0x000000000000d5e0      0x120 ../main.o
                0x000000000000d5e0                levers()
 .text._Z41__static_initialization_and_destruction_0ii
                0x000000000000d700       0xa8 ../main.o
 .text._GLOBAL__sub_I_skipStart
                0x000000000000d7a8       0x10 ../main.o
 .text.PORTD_IRQHandler
                0x000000000000d7b8       0x50 Startup/startup_mk60d10.o
                0x000000000000d7b8                PORTD_IRQHandler
 .text._Z15InitPowerButtonv
                0x000000000000d808       0x60 Startup/startup_mk60d10.o
                0x000000000000d808                InitPowerButton()
 .text._ZL11pll_init_blv
                0x000000000000d868       0xe0 Startup/startup_mk60d10.o
 .text._Z14InitFEHProteusv
                0x000000000000d948       0xec Startup/startup_mk60d10.o
                0x000000000000d948                InitFEHProteus()
 .text.DMA0_IRQHandler
                0x000000000000da34        0xc Startup/startup_mk60d10.o
                0x000000000000da34                DMA0_IRQHandler
 .text.DMA1_IRQHandler
                0x000000000000da40        0xc Startup/startup_mk60d10.o
                0x000000000000da40                DMA1_IRQHandler
 .text.DMA2_IRQHandler
                0x000000000000da4c        0xc Startup/startup_mk60d10.o
                0x000000000000da4c                DMA2_IRQHandler
 .text.DMA3_IRQHandler
                0x000000000000da58        0xc Startup/startup_mk60d10.o
                0x000000000000da58                DMA3_IRQHandler
 .text.DMA4_IRQHandler
                0x000000000000da64        0xc Startup/startup_mk60d10.o
                0x000000000000da64                DMA4_IRQHandler
 .text.DMA5_IRQHandler
                0x000000000000da70        0xc Startup/startup_mk60d10.o
                0x000000000000da70                DMA5_IRQHandler
 .text.DMA6_IRQHandler
                0x000000000000da7c        0xc Startup/startup_mk60d10.o
                0x000000000000da7c                DMA6_IRQHandler
 .text.DMA7_IRQHandler
                0x000000000000da88        0xc Startup/startup_mk60d10.o
                0x000000000000da88                DMA7_IRQHandler
 .text.DMA8_IRQHandler
                0x000000000000da94        0xc Startup/startup_mk60d10.o
                0x000000000000da94                DMA8_IRQHandler
 .text.DMA9_IRQHandler
                0x000000000000daa0        0xc Startup/startup_mk60d10.o
                0x000000000000daa0                DMA9_IRQHandler
 .text.DMA10_IRQHandler
                0x000000000000daac        0xc Startup/startup_mk60d10.o
                0x000000000000daac                DMA10_IRQHandler
 .text.DMA11_IRQHandler
                0x000000000000dab8        0xc Startup/startup_mk60d10.o
                0x000000000000dab8                DMA11_IRQHandler
 .text.DMA12_IRQHandler
                0x000000000000dac4        0xc Startup/startup_mk60d10.o
                0x000000000000dac4                DMA12_IRQHandler
 .text.DMA13_IRQHandler
                0x000000000000dad0        0xc Startup/startup_mk60d10.o
                0x000000000000dad0                DMA13_IRQHandler
 .text.DMA14_IRQHandler
                0x000000000000dadc        0xc Startup/startup_mk60d10.o
                0x000000000000dadc                DMA14_IRQHandler
 .text.DMA15_IRQHandler
                0x000000000000dae8        0xc Startup/startup_mk60d10.o
                0x000000000000dae8                DMA15_IRQHandler
 .text.DMA_Error_IRQHandler
                0x000000000000daf4        0xc Startup/startup_mk60d10.o
                0x000000000000daf4                DMA_Error_IRQHandler
 .text.MCM_IRQHandler
                0x000000000000db00        0xc Startup/startup_mk60d10.o
                0x000000000000db00                MCM_IRQHandler
 .text.FTFL_IRQHandler
                0x000000000000db0c        0xc Startup/startup_mk60d10.o
                0x000000000000db0c                FTFL_IRQHandler
 .text.Read_Collision_IRQHandler
                0x000000000000db18        0xc Startup/startup_mk60d10.o
                0x000000000000db18                Read_Collision_IRQHandler
 .text.LVD_LVW_IRQHandler
                0x000000000000db24        0xc Startup/startup_mk60d10.o
                0x000000000000db24                LVD_LVW_IRQHandler
 .text.LLWU_IRQHandler
                0x000000000000db30        0xc Startup/startup_mk60d10.o
                0x000000000000db30                LLWU_IRQHandler
 .text.WDOG_EWM_IRQHandler
                0x000000000000db3c        0xc Startup/startup_mk60d10.o
                0x000000000000db3c                WDOG_EWM_IRQHandler
 .text.RNG_IRQHandler
                0x000000000000db48        0xc Startup/startup_mk60d10.o
                0x000000000000db48                RNG_IRQHandler
 .text.I2C0_IRQHandler
                0x000000000000db54        0xc Startup/startup_mk60d10.o
                0x000000000000db54                I2C0_IRQHandler
 .text.I2C1_IRQHandler
                0x000000000000db60        0xc Startup/startup_mk60d10.o
                0x000000000000db60                I2C1_IRQHandler
 .text.SPI0_IRQHandler
                0x000000000000db6c        0xc Startup/startup_mk60d10.o
                0x000000000000db6c                SPI0_IRQHandler
 .text.SPI1_IRQHandler
                0x000000000000db78        0xc Startup/startup_mk60d10.o
                0x000000000000db78                SPI1_IRQHandler
 .text.SPI2_IRQHandler
                0x000000000000db84        0xc Startup/startup_mk60d10.o
                0x000000000000db84                SPI2_IRQHandler
 .text.CAN0_ORed_Message_buffer_IRQHandler
                0x000000000000db90        0xc Startup/startup_mk60d10.o
                0x000000000000db90                CAN0_ORed_Message_buffer_IRQHandler
 .text.CAN0_Bus_Off_IRQHandler
                0x000000000000db9c        0xc Startup/startup_mk60d10.o
                0x000000000000db9c                CAN0_Bus_Off_IRQHandler
 .text.CAN0_Error_IRQHandler
                0x000000000000dba8        0xc Startup/startup_mk60d10.o
                0x000000000000dba8                CAN0_Error_IRQHandler
 .text.CAN0_Tx_Warning_IRQHandler
                0x000000000000dbb4        0xc Startup/startup_mk60d10.o
                0x000000000000dbb4                CAN0_Tx_Warning_IRQHandler
 .text.CAN0_Rx_Warning_IRQHandler
                0x000000000000dbc0        0xc Startup/startup_mk60d10.o
                0x000000000000dbc0                CAN0_Rx_Warning_IRQHandler
 .text.CAN0_Wake_Up_IRQHandler
                0x000000000000dbcc        0xc Startup/startup_mk60d10.o
                0x000000000000dbcc                CAN0_Wake_Up_IRQHandler
 .text.I2S0_Tx_IRQHandler
                0x000000000000dbd8        0xc Startup/startup_mk60d10.o
                0x000000000000dbd8                I2S0_Tx_IRQHandler
 .text.I2S0_Rx_IRQHandler
                0x000000000000dbe4        0xc Startup/startup_mk60d10.o
                0x000000000000dbe4                I2S0_Rx_IRQHandler
 .text.CAN1_ORed_Message_buffer_IRQHandler
                0x000000000000dbf0        0xc Startup/startup_mk60d10.o
                0x000000000000dbf0                CAN1_ORed_Message_buffer_IRQHandler
 .text.CAN1_Bus_Off_IRQHandler
                0x000000000000dbfc        0xc Startup/startup_mk60d10.o
                0x000000000000dbfc                CAN1_Bus_Off_IRQHandler
 .text.CAN1_Error_IRQHandler
                0x000000000000dc08        0xc Startup/startup_mk60d10.o
                0x000000000000dc08                CAN1_Error_IRQHandler
 .text.CAN1_Tx_Warning_IRQHandler
                0x000000000000dc14        0xc Startup/startup_mk60d10.o
                0x000000000000dc14                CAN1_Tx_Warning_IRQHandler
 .text.CAN1_Rx_Warning_IRQHandler
                0x000000000000dc20        0xc Startup/startup_mk60d10.o
                0x000000000000dc20                CAN1_Rx_Warning_IRQHandler
 .text.CAN1_Wake_Up_IRQHandler
                0x000000000000dc2c        0xc Startup/startup_mk60d10.o
                0x000000000000dc2c                CAN1_Wake_Up_IRQHandler
 .text.Reserved59_IRQHandler
                0x000000000000dc38        0xc Startup/startup_mk60d10.o
                0x000000000000dc38                Reserved59_IRQHandler
 .text.UART0_LON_IRQHandler
                0x000000000000dc44        0xc Startup/startup_mk60d10.o
                0x000000000000dc44                UART0_LON_IRQHandler
 .text.UART0_ERR_IRQHandler
                0x000000000000dc50        0xc Startup/startup_mk60d10.o
                0x000000000000dc50                UART0_ERR_IRQHandler
 .text.UART1_RX_TX_IRQHandler
                0x000000000000dc5c        0xc Startup/startup_mk60d10.o
                0x000000000000dc5c                UART1_RX_TX_IRQHandler
 .text.UART1_ERR_IRQHandler
                0x000000000000dc68        0xc Startup/startup_mk60d10.o
                0x000000000000dc68                UART1_ERR_IRQHandler
 .text.UART2_RX_TX_IRQHandler
                0x000000000000dc74        0xc Startup/startup_mk60d10.o
                0x000000000000dc74                UART2_RX_TX_IRQHandler
 .text.UART2_ERR_IRQHandler
                0x000000000000dc80        0xc Startup/startup_mk60d10.o
                0x000000000000dc80                UART2_ERR_IRQHandler
 .text.UART3_RX_TX_IRQHandler
                0x000000000000dc8c        0xc Startup/startup_mk60d10.o
                0x000000000000dc8c                UART3_RX_TX_IRQHandler
 .text.UART3_ERR_IRQHandler
                0x000000000000dc98        0xc Startup/startup_mk60d10.o
                0x000000000000dc98                UART3_ERR_IRQHandler
 .text.UART4_RX_TX_IRQHandler
                0x000000000000dca4        0xc Startup/startup_mk60d10.o
                0x000000000000dca4                UART4_RX_TX_IRQHandler
 .text.UART4_ERR_IRQHandler
                0x000000000000dcb0        0xc Startup/startup_mk60d10.o
                0x000000000000dcb0                UART4_ERR_IRQHandler
 .text.UART5_RX_TX_IRQHandler
                0x000000000000dcbc        0xc Startup/startup_mk60d10.o
                0x000000000000dcbc                UART5_RX_TX_IRQHandler
 .text.UART5_ERR_IRQHandler
                0x000000000000dcc8        0xc Startup/startup_mk60d10.o
                0x000000000000dcc8                UART5_ERR_IRQHandler
 .text.ADC0_IRQHandler
                0x000000000000dcd4        0xc Startup/startup_mk60d10.o
                0x000000000000dcd4                ADC0_IRQHandler
 .text.ADC1_IRQHandler
                0x000000000000dce0        0xc Startup/startup_mk60d10.o
                0x000000000000dce0                ADC1_IRQHandler
 .text.CMP0_IRQHandler
                0x000000000000dcec        0xc Startup/startup_mk60d10.o
                0x000000000000dcec                CMP0_IRQHandler
 .text.CMP1_IRQHandler
                0x000000000000dcf8        0xc Startup/startup_mk60d10.o
                0x000000000000dcf8                CMP1_IRQHandler
 .text.CMP2_IRQHandler
                0x000000000000dd04        0xc Startup/startup_mk60d10.o
                0x000000000000dd04                CMP2_IRQHandler
 .text.FTM0_IRQHandler
                0x000000000000dd10        0xc Startup/startup_mk60d10.o
                0x000000000000dd10                FTM0_IRQHandler
 .text.FTM1_IRQHandler
                0x000000000000dd1c        0xc Startup/startup_mk60d10.o
                0x000000000000dd1c                FTM1_IRQHandler
 .text.FTM2_IRQHandler
                0x000000000000dd28        0xc Startup/startup_mk60d10.o
                0x000000000000dd28                FTM2_IRQHandler
 .text.CMT_IRQHandler
                0x000000000000dd34        0xc Startup/startup_mk60d10.o
                0x000000000000dd34                CMT_IRQHandler
 .text.RTC_IRQHandler
                0x000000000000dd40        0xc Startup/startup_mk60d10.o
                0x000000000000dd40                RTC_IRQHandler
 .text.RTC_Seconds_IRQHandler
                0x000000000000dd4c        0xc Startup/startup_mk60d10.o
                0x000000000000dd4c                RTC_Seconds_IRQHandler
 .text.PIT1_IRQHandler
                0x000000000000dd58        0xc Startup/startup_mk60d10.o
                0x000000000000dd58                PIT1_IRQHandler
 .text.PIT2_IRQHandler
                0x000000000000dd64        0xc Startup/startup_mk60d10.o
                0x000000000000dd64                PIT2_IRQHandler
 .text.PIT3_IRQHandler
                0x000000000000dd70        0xc Startup/startup_mk60d10.o
                0x000000000000dd70                PIT3_IRQHandler
 .text.PDB0_IRQHandler
                0x000000000000dd7c        0xc Startup/startup_mk60d10.o
                0x000000000000dd7c                PDB0_IRQHandler
 .text.USB0_IRQHandler
                0x000000000000dd88        0xc Startup/startup_mk60d10.o
                0x000000000000dd88                USB0_IRQHandler
 .text.USBDCD_IRQHandler
                0x000000000000dd94        0xc Startup/startup_mk60d10.o
                0x000000000000dd94                USBDCD_IRQHandler
 .text.ENET_1588_Timer_IRQHandler
                0x000000000000dda0        0xc Startup/startup_mk60d10.o
                0x000000000000dda0                ENET_1588_Timer_IRQHandler
 .text.ENET_Transmit_IRQHandler
                0x000000000000ddac        0xc Startup/startup_mk60d10.o
                0x000000000000ddac                ENET_Transmit_IRQHandler
 .text.ENET_Receive_IRQHandler
                0x000000000000ddb8        0xc Startup/startup_mk60d10.o
                0x000000000000ddb8                ENET_Receive_IRQHandler
 .text.ENET_Error_IRQHandler
                0x000000000000ddc4        0xc Startup/startup_mk60d10.o
                0x000000000000ddc4                ENET_Error_IRQHandler
 .text.Reserved95_IRQHandler
                0x000000000000ddd0        0xc Startup/startup_mk60d10.o
                0x000000000000ddd0                Reserved95_IRQHandler
 .text.SDHC_IRQHandler
                0x000000000000dddc        0xc Startup/startup_mk60d10.o
                0x000000000000dddc                SDHC_IRQHandler
 .text.DAC0_IRQHandler
                0x000000000000dde8        0xc Startup/startup_mk60d10.o
                0x000000000000dde8                DAC0_IRQHandler
 .text.DAC1_IRQHandler
                0x000000000000ddf4        0xc Startup/startup_mk60d10.o
                0x000000000000ddf4                DAC1_IRQHandler
 .text.TSI0_IRQHandler
                0x000000000000de00        0xc Startup/startup_mk60d10.o
                0x000000000000de00                TSI0_IRQHandler
 .text.MCG_IRQHandler
                0x000000000000de0c        0xc Startup/startup_mk60d10.o
                0x000000000000de0c                MCG_IRQHandler
 .text.LPTMR0_IRQHandler
                0x000000000000de18        0xc Startup/startup_mk60d10.o
                0x000000000000de18                LPTMR0_IRQHandler
 .text.Reserved102_IRQHandler
                0x000000000000de24        0xc Startup/startup_mk60d10.o
                0x000000000000de24                Reserved102_IRQHandler
 .text.Reserved108_IRQHandler
                0x000000000000de30        0xc Startup/startup_mk60d10.o
                0x000000000000de30                Reserved108_IRQHandler
 .text.Reserved109_IRQHandler
                0x000000000000de3c        0xc Startup/startup_mk60d10.o
                0x000000000000de3c                Reserved109_IRQHandler
 .text.SWI_IRQHandler
                0x000000000000de48        0xc Startup/startup_mk60d10.o
                0x000000000000de48                SWI_IRQHandler
 *fill*         0x000000000000de54        0x4 
 .text._ZN8FEHMotorC2ENS_12FEHMotorPortEf
                0x000000000000de58       0x7c Libraries/FEHMotor.o
                0x000000000000de58                FEHMotor::FEHMotor(FEHMotor::FEHMotorPort, float)
                0x000000000000de58                FEHMotor::FEHMotor(FEHMotor::FEHMotorPort, float)
 .text._ZN8FEHMotor4StopEv
                0x000000000000ded4       0x30 Libraries/FEHMotor.o
                0x000000000000ded4                FEHMotor::Stop()
 .text._ZN8FEHMotor8SetPowerEi
                0x000000000000df04       0x54 Libraries/FEHMotor.o
                0x000000000000df04                FEHMotor::SetPower(int)
 .text._ZN8FEHMotor10SetPercentEf
                0x000000000000df58       0xf8 Libraries/FEHMotor.o
                0x000000000000df58                FEHMotor::SetPercent(float)
 .text._Z21IIC_StartTransmissionhh
                0x000000000000e050       0x6c Drivers/i2c.o
                0x000000000000e050                IIC_StartTransmission(unsigned char, unsigned char)
 .text._Z5Pausev
                0x000000000000e0bc       0x24 Drivers/i2c.o
                0x000000000000e0bc                Pause()
 .text._Z21MMA8451QWriteRegisterhh
                0x000000000000e0e0       0x68 Drivers/i2c.o
                0x000000000000e0e0                MMA8451QWriteRegister(unsigned char, unsigned char)
 .text._Z8i2c_Waitv
                0x000000000000e148       0x6c Drivers/i2c.o
                0x000000000000e148                i2c_Wait()
 .text._Z12SPI_SendCharh
                0x000000000000e1b4       0x1a Drivers/spi.o
                0x000000000000e1b4                SPI_SendChar(unsigned char)
 .text._Z16SPI_WriteCommandhh
                0x000000000000e1ce       0x34 Drivers/spi.o
                0x000000000000e1ce                SPI_WriteCommand(unsigned char, unsigned char)
 .text._Z11SPI_GetCharv
                0x000000000000e202       0x10 Drivers/spi.o
                0x000000000000e202                SPI_GetChar()
 .text._Z15SPI_ReadCommandh
                0x000000000000e212       0x38 Drivers/spi.o
                0x000000000000e212                SPI_ReadCommand(unsigned char)
 *fill*         0x000000000000e24a        0x2 
 .text._Z13SPI_CS_Assertv
                0x000000000000e24c       0x1c Drivers/spi.o
                0x000000000000e24c                SPI_CS_Assert()
 .text._Z15SPI_CS_Deassertv
                0x000000000000e268       0x1c Drivers/spi.o
                0x000000000000e268                SPI_CS_Deassert()
 .text._Z12SPI_Transferh
                0x000000000000e284       0x6c Drivers/spi.o
                0x000000000000e284                SPI_Transfer(unsigned char)
 .text._Z8SPI_Initv
                0x000000000000e2f0       0xa0 Drivers/spi.o
                0x000000000000e2f0                SPI_Init()
 .text._Z9uart_initPV11UART_MemMapii
                0x000000000000e390      0x174 Drivers/uart.o
                0x000000000000e390                uart_init(UART_MemMap volatile*, int, int)
 .text._Z12uart_getcharPV11UART_MemMap
                0x000000000000e504       0x32 Drivers/uart.o
                0x000000000000e504                uart_getchar(UART_MemMap volatile*)
 .text._Z12uart_putcharPV11UART_MemMapc
                0x000000000000e536       0x32 Drivers/uart.o
                0x000000000000e536                uart_putchar(UART_MemMap volatile*, char)
 .text._ZL7mem_setPvij
                0x000000000000e568       0x3c Drivers/ff.o
 .text._ZL11move_windowP5FATFSm
                0x000000000000e5a4       0xc8 Drivers/ff.o
 .text._ZL4syncP5FATFS
                0x000000000000e66c      0x14c Drivers/ff.o
 .text._ZL8validateP5FATFSt
                0x000000000000e7b8       0x54 Drivers/ff.o
 .text._Z6f_syncP3FIL
                0x000000000000e80c      0x186 Drivers/ff.o
                0x000000000000e80c                f_sync(FIL*)
 .text._Z7f_closeP3FIL
                0x000000000000e992       0x28 Drivers/ff.o
                0x000000000000e992                f_close(FIL*)
 *fill*         0x000000000000e9ba        0x2 
 .text._ZL17SDHC_set_baudratemm
                0x000000000000e9bc       0xe8 Drivers/SDHC.o
 .text._Z9SDHC_initP17esdhc_info_structPK17esdhc_init_struct
                0x000000000000eaa4      0x130 Drivers/SDHC.o
                0x000000000000eaa4                SDHC_init(esdhc_info_struct*, esdhc_init_struct const*)
 .text._ZL15SDHC_is_runningv
                0x000000000000ebd4       0x24 Drivers/SDHC.o
 .text._ZL16SDHC_status_waitm
                0x000000000000ebf8       0x2c Drivers/SDHC.o
 .text._ZL17SDHC_send_commandP20esdhc_command_struct
                0x000000000000ec24      0x1f8 Drivers/SDHC.o
 .text._Z10SDHC_ioctlmPv
                0x000000000000ee1c      0x6f0 Drivers/SDHC.o
                0x000000000000ee1c                SDHC_ioctl(unsigned long, void*)
 .text._ZL14rcvr_datablockPhm
                0x000000000000f50c       0xf0 Drivers/SDHC.o
 .text._Z9disk_readhPhmh
                0x000000000000f5fc      0x124 Drivers/SDHC.o
                0x000000000000f5fc                disk_read(unsigned char, unsigned char*, unsigned long, unsigned char)
 .text._ZL14xmit_datablockPKhm
                0x000000000000f720       0xa4 Drivers/SDHC.o
 .text._Z10disk_writehPKhmh
                0x000000000000f7c4      0x198 Drivers/SDHC.o
                0x000000000000f7c4                disk_write(unsigned char, unsigned char const*, unsigned long, unsigned char)
 .text._Z10disk_ioctlhhPv
                0x000000000000f95c      0x104 Drivers/SDHC.o
                0x000000000000f95c                disk_ioctl(unsigned char, unsigned char, void*)
 .text._Z11disk_statush
                0x000000000000fa60       0x28 Drivers/SDHC.o
                0x000000000000fa60                disk_status(unsigned char)
 .text._Z13time_delay_msm
                0x000000000000fa88       0x6c Drivers/lptmr.o
                0x000000000000fa88                time_delay_ms(unsigned long)
 .text._Z41__static_initialization_and_destruction_0ii
                0x000000000000faf4       0x2c FEHProteus.o
 .text._GLOBAL__sub_I_Propeller
                0x000000000000fb20       0x10 FEHProteus.o
 .text._ZN12FEHPropellerC2Ev
                0x000000000000fb30       0x1a Drivers/FEHPropeller.o
                0x000000000000fb30                FEHPropeller::FEHPropeller()
                0x000000000000fb30                FEHPropeller::FEHPropeller()
 *fill*         0x000000000000fb4a        0x2 
 .text._ZN12FEHPropeller10InitializeEv
                0x000000000000fb4c       0x74 Drivers/FEHPropeller.o
                0x000000000000fb4c                FEHPropeller::Initialize()
 .text._ZN12FEHPropeller12SetMotorRateEhhh
                0x000000000000fbc0       0x5c Drivers/FEHPropeller.o
                0x000000000000fbc0                FEHPropeller::SetMotorRate(unsigned char, unsigned char, unsigned char)
 .text._ZL5Delaymjj
                0x000000000000fc1c       0x94 Libraries/FEHUtility.o
 .text._Z5Sleepi
                0x000000000000fcb0       0x2c Libraries/FEHUtility.o
                0x000000000000fcb0                Sleep(int)
 .text._Z5Sleepd
                0x000000000000fcdc       0x4c Libraries/FEHUtility.o
                0x000000000000fcdc                Sleep(double)
 .text._Z7TimeNowv
                0x000000000000fd28       0x5c Libraries/FEHUtility.o
                0x000000000000fd28                TimeNow()
 .text._Z11TimeNowMSecv
                0x000000000000fd84       0x38 Libraries/FEHUtility.o
                0x000000000000fd84                TimeNowMSec()
 .text._ZN14DigitalEncoderC2EN5FEHIO8FEHIOPinE
                0x000000000000fdbc       0x26 Libraries/FEHIO.o
                0x000000000000fdbc                DigitalEncoder::DigitalEncoder(FEHIO::FEHIOPin)
                0x000000000000fdbc                DigitalEncoder::DigitalEncoder(FEHIO::FEHIOPin)
 *fill*         0x000000000000fde2        0x2 
 .text._Z10enable_irqi
                0x000000000000fde4      0x11c Libraries/FEHIO.o
                0x000000000000fde4                enable_irq(int)
 .text._ZN14DigitalEncoder10InitializeEN5FEHIO8FEHIOPinENS0_21FEHIOInterruptTriggerE
                0x000000000000ff00      0x1a8 Libraries/FEHIO.o
                0x000000000000ff00                DigitalEncoder::Initialize(FEHIO::FEHIOPin, FEHIO::FEHIOInterruptTrigger)
 .text._Z16PORTB_IRQHandlerv
                0x00000000000100a8       0x9c Libraries/FEHIO.o
                0x00000000000100a8                PORTB_IRQHandler()
 .text._Z16PORTC_IRQHandlerv
                0x0000000000010144       0x9c Libraries/FEHIO.o
                0x0000000000010144                PORTC_IRQHandler()
 .text._Z16PORTA_IRQHandlerv
                0x00000000000101e0       0xa0 Libraries/FEHIO.o
                0x00000000000101e0                PORTA_IRQHandler()
 .text._Z16PORTE_IRQHandlerv
                0x0000000000010280       0x98 Libraries/FEHIO.o
                0x0000000000010280                PORTE_IRQHandler()
 .text._ZN14DigitalEncoder6CountsEv
                0x0000000000010318       0x24 Libraries/FEHIO.o
                0x0000000000010318                DigitalEncoder::Counts()
 .text._ZN14DigitalEncoder11ResetCountsEv
                0x000000000001033c       0x24 Libraries/FEHIO.o
                0x000000000001033c                DigitalEncoder::ResetCounts()
 .text._ZN14AnalogInputPinC2EN5FEHIO8FEHIOPinE
                0x0000000000010360       0x1e Libraries/FEHIO.o
                0x0000000000010360                AnalogInputPin::AnalogInputPin(FEHIO::FEHIOPin)
                0x0000000000010360                AnalogInputPin::AnalogInputPin(FEHIO::FEHIOPin)
 *fill*         0x000000000001037e        0x2 
 .text._ZN14AnalogInputPin5ValueEv
                0x0000000000010380      0x120 Libraries/FEHIO.o
                0x0000000000010380                AnalogInputPin::Value()
 .text._ZN13AnalogEncoder12EncoderValueEv
                0x00000000000104a0       0xb0 Libraries/FEHIO.o
                0x00000000000104a0                AnalogEncoder::EncoderValue()
 .text._ZN14AnalogInputPin8InitADCsEv
                0x0000000000010550       0x98 Libraries/FEHIO.o
                0x0000000000010550                AnalogInputPin::InitADCs()
 .text._Z15PIT0_IRQHandlerv
                0x00000000000105e8       0x28 Libraries/FEHIO.o
                0x00000000000105e8                PIT0_IRQHandler()
 .text._ZN13AnalogEncoder4InitEv
                0x0000000000010610       0x44 Libraries/FEHIO.o
                0x0000000000010610                AnalogEncoder::Init()
 .text._ZN13AnalogEncoder14SetCounterInitEj
                0x0000000000010654       0x20 Libraries/FEHIO.o
                0x0000000000010654                AnalogEncoder::SetCounterInit(unsigned int)
 .text._ZN13AnalogEncoder10ProcessIntEv
                0x0000000000010674       0x68 Libraries/FEHIO.o
                0x0000000000010674                AnalogEncoder::ProcessInt()
 .text._ZN13AnalogEncoder14ProcessIntSelfEv
                0x00000000000106dc       0x6e Libraries/FEHIO.o
                0x00000000000106dc                AnalogEncoder::ProcessIntSelf()
 .text._Z7ADC_CalPV10ADC_MemMap
                0x000000000001074a      0x13e Drivers/adc16.o
                0x000000000001074a                ADC_Cal(ADC_MemMap volatile*)
 .text._Z14ADC_Config_AltPV10ADC_MemMapP7adc_cfg
                0x0000000000010888       0x6c Drivers/adc16.o
                0x0000000000010888                ADC_Config_Alt(ADC_MemMap volatile*, adc_cfg*)
 .text._ZN9FEHBuzzerC2Ev
                0x00000000000108f4       0x14 Libraries/FEHBuzzer.o
                0x00000000000108f4                FEHBuzzer::FEHBuzzer()
                0x00000000000108f4                FEHBuzzer::FEHBuzzer()
 .text._Z41__static_initialization_and_destruction_0ii
                0x0000000000010908       0x2c Libraries/FEHBuzzer.o
 .text._GLOBAL__sub_I_Buzzer
                0x0000000000010934       0x10 Libraries/FEHBuzzer.o
 .text._ZN8FEHServoC2ENS_12FEHServoPortE
                0x0000000000010944       0x38 Libraries/FEHServo.o
                0x0000000000010944                FEHServo::FEHServo(FEHServo::FEHServoPort)
                0x0000000000010944                FEHServo::FEHServo(FEHServo::FEHServoPort)
 .text._ZN8FEHServo6SetMinEi
                0x000000000001097c       0x3a Libraries/FEHServo.o
                0x000000000001097c                FEHServo::SetMin(int)
 .text._ZN8FEHServo6SetMaxEi
                0x00000000000109b6       0x3a Libraries/FEHServo.o
                0x00000000000109b6                FEHServo::SetMax(int)
 .text._ZN8FEHServo9SetDegreeEf
                0x00000000000109f0       0xf8 Libraries/FEHServo.o
                0x00000000000109f0                FEHServo::SetDegree(float)
 .text._ZN6FEHLCD11_InitializeEv
                0x0000000000010ae8      0x410 Libraries/FEHLCD.o
                0x0000000000010ae8                FEHLCD::_Initialize()
 .text._ZN6FEHLCDC2Ev
                0x0000000000010ef8       0x50 Libraries/FEHLCD.o
                0x0000000000010ef8                FEHLCD::FEHLCD()
                0x0000000000010ef8                FEHLCD::FEHLCD()
 .text._ZN6FEHLCD10InitializeEv
                0x0000000000010f48       0x28 Libraries/FEHLCD.o
                0x0000000000010f48                FEHLCD::Initialize()
 .text._ZN6FEHLCD10PrintImageEii
                0x0000000000010f70       0xbc Libraries/FEHLCD.o
                0x0000000000010f70                FEHLCD::PrintImage(int, int)
 .text._ZN6FEHLCD9PrintLogoEii
                0x000000000001102c       0xbc Libraries/FEHLCD.o
                0x000000000001102c                FEHLCD::PrintLogo(int, int)
 .text._ZN6FEHLCD22ConvertFEHColorTo24BitENS_11FEHLCDColorE
                0x00000000000110e8       0x78 Libraries/FEHLCD.o
                0x00000000000110e8                FEHLCD::ConvertFEHColorTo24Bit(FEHLCD::FEHLCDColor)
 .text._ZN6FEHLCD24Convert24BitColorTo16BitEj
                0x0000000000011160       0x30 Libraries/FEHLCD.o
                0x0000000000011160                FEHLCD::Convert24BitColorTo16Bit(unsigned int)
 .text._ZN6FEHLCD22ConvertRGBColorTo16BitEhhh
                0x0000000000011190       0x4a Libraries/FEHLCD.o
                0x0000000000011190                FEHLCD::ConvertRGBColorTo16Bit(unsigned char, unsigned char, unsigned char)
 .text._ZN6FEHLCD5ClearENS_11FEHLCDColorE
                0x00000000000111da       0x28 Libraries/FEHLCD.o
                0x00000000000111da                FEHLCD::Clear(FEHLCD::FEHLCDColor)
 .text._ZN6FEHLCD5ClearEj
                0x0000000000011202       0x2c Libraries/FEHLCD.o
                0x0000000000011202                FEHLCD::Clear(unsigned int)
 .text._ZN6FEHLCD5ClearEv
                0x000000000001122e       0x16 Libraries/FEHLCD.o
                0x000000000001122e                FEHLCD::Clear()
 .text._ZN6FEHLCD18SetBackgroundColorENS_11FEHLCDColorE
                0x0000000000011244       0x28 Libraries/FEHLCD.o
                0x0000000000011244                FEHLCD::SetBackgroundColor(FEHLCD::FEHLCDColor)
 .text._ZN6FEHLCD18SetBackgroundColorEj
                0x000000000001126c       0x26 Libraries/FEHLCD.o
                0x000000000001126c                FEHLCD::SetBackgroundColor(unsigned int)
 .text._ZN6FEHLCD12SetFontColorENS_11FEHLCDColorE
                0x0000000000011292       0x28 Libraries/FEHLCD.o
                0x0000000000011292                FEHLCD::SetFontColor(FEHLCD::FEHLCDColor)
 .text._ZN6FEHLCD12SetFontColorEj
                0x00000000000112ba       0x26 Libraries/FEHLCD.o
                0x00000000000112ba                FEHLCD::SetFontColor(unsigned int)
 .text._ZN6FEHLCD7WriteAtEPKcii
                0x00000000000112e0       0x46 Libraries/FEHLCD.o
                0x00000000000112e0                FEHLCD::WriteAt(char const*, int, int)
 .text._ZN6FEHLCD11TS_SPI_InitEv
                0x0000000000011326       0x7c Libraries/FEHLCD.o
                0x0000000000011326                FEHLCD::TS_SPI_Init()
 *fill*         0x00000000000113a2        0x6 
 .text._ZN6FEHLCD5TouchEPfS0_
                0x00000000000113a8      0x1fc Libraries/FEHLCD.o
                0x00000000000113a8                FEHLCD::Touch(float*, float*)
 .text._ZN6FEHLCD3absEi
                0x00000000000115a4       0x22 Libraries/FEHLCD.o
                0x00000000000115a4                FEHLCD::abs(int)
 .text._ZN6FEHLCD5WriteEPKc
                0x00000000000115c6       0x4e Libraries/FEHLCD.o
                0x00000000000115c6                FEHLCD::Write(char const*)
 .text._ZN6FEHLCD5WriteEi
                0x0000000000011614       0x30 Libraries/FEHLCD.o
                0x0000000000011614                FEHLCD::Write(int)
 .text._ZN6FEHLCD5WriteEf
                0x0000000000011644       0xc0 Libraries/FEHLCD.o
                0x0000000000011644                FEHLCD::Write(float)
 .text._ZN6FEHLCD5WriteEc
                0x0000000000011704       0x30 Libraries/FEHLCD.o
                0x0000000000011704                FEHLCD::Write(char)
 .text._ZN6FEHLCD9WriteLineEPKc
                0x0000000000011734       0x26 Libraries/FEHLCD.o
                0x0000000000011734                FEHLCD::WriteLine(char const*)
 .text._ZN6FEHLCD9WriteLineEi
                0x000000000001175a       0x26 Libraries/FEHLCD.o
                0x000000000001175a                FEHLCD::WriteLine(int)
 .text._ZN6FEHLCD9WriteLineEf
                0x0000000000011780       0x26 Libraries/FEHLCD.o
                0x0000000000011780                FEHLCD::WriteLine(float)
 .text._ZN6FEHLCD9WriteLineEc
                0x00000000000117a6       0x2a Libraries/FEHLCD.o
                0x00000000000117a6                FEHLCD::WriteLine(char)
 .text._ZN6FEHLCD10WriteIndexEh
                0x00000000000117d0      0x14c Libraries/FEHLCD.o
                0x00000000000117d0                FEHLCD::WriteIndex(unsigned char)
 .text._ZN6FEHLCD14WriteParameterEh
                0x000000000001191c      0x130 Libraries/FEHLCD.o
                0x000000000001191c                FEHLCD::WriteParameter(unsigned char)
 .text._ZN6FEHLCD6_ClearEv
                0x0000000000011a4c      0x15c Libraries/FEHLCD.o
                0x0000000000011a4c                FEHLCD::_Clear()
 .text._ZN6FEHLCD8NextLineEv
                0x0000000000011ba8       0x2a Libraries/FEHLCD.o
                0x0000000000011ba8                FEHLCD::NextLine()
 .text._ZN6FEHLCD9CheckLineEv
                0x0000000000011bd2       0x28 Libraries/FEHLCD.o
                0x0000000000011bd2                FEHLCD::CheckLine()
 .text._ZN6FEHLCD8NextCharEv
                0x0000000000011bfa       0x32 Libraries/FEHLCD.o
                0x0000000000011bfa                FEHLCD::NextChar()
 .text._ZN6FEHLCD9DrawPixelEii
                0x0000000000011c2c       0x2a Libraries/FEHLCD.o
                0x0000000000011c2c                FEHLCD::DrawPixel(int, int)
 .text._Z4SwapRiS_
                0x0000000000011c56       0x28 Libraries/FEHLCD.o
                0x0000000000011c56                Swap(int&, int&)
 .text._ZN6FEHLCD13DrawRectangleEiiii
                0x0000000000011c7e       0x7c Libraries/FEHLCD.o
                0x0000000000011c7e                FEHLCD::DrawRectangle(int, int, int, int)
 .text._ZN6FEHLCD13SetDrawRegionEiiii
                0x0000000000011cfa       0xfe Libraries/FEHLCD.o
                0x0000000000011cfa                FEHLCD::SetDrawRegion(int, int, int, int)
 .text._ZN6FEHLCD8DrawLineEiiii
                0x0000000000011df8      0x14c Libraries/FEHLCD.o
                0x0000000000011df8                FEHLCD::DrawLine(int, int, int, int)
 .text._ZN6FEHLCD9WriteCharEiic
                0x0000000000011f44       0x34 Libraries/FEHLCD.o
                0x0000000000011f44                FEHLCD::WriteChar(int, int, char)
 .text._ZN6FEHLCD11WriteCharAtEiic
                0x0000000000011f78      0x214 Libraries/FEHLCD.o
                0x0000000000011f78                FEHLCD::WriteCharAt(int, int, char)
 .text._ZN6FEHLCD11RepeatColorEv
                0x000000000001218c       0x70 Libraries/FEHLCD.o
                0x000000000001218c                FEHLCD::RepeatColor()
 .text._ZN6FEHLCD10_ForePixelEv
                0x00000000000121fc       0xc4 Libraries/FEHLCD.o
                0x00000000000121fc                FEHLCD::_ForePixel()
 .text._ZN6FEHLCD10_BackPixelEv
                0x00000000000122c0       0xc4 Libraries/FEHLCD.o
                0x00000000000122c0                FEHLCD::_BackPixel()
 .text._ZN6FEHLCD22SetRegisterColorValuesEv
                0x0000000000012384      0x336 Libraries/FEHLCD.o
                0x0000000000012384                FEHLCD::SetRegisterColorValues()
 .text._ZN7FEHIcon4IconC2Ev
                0x00000000000126ba       0x14 Libraries/FEHLCD.o
                0x00000000000126ba                FEHIcon::Icon::Icon()
                0x00000000000126ba                FEHIcon::Icon::Icon()
 .text._ZN7FEHIcon4Icon13SetPropertiesEPciiiijj
                0x00000000000126ce       0x6a Libraries/FEHLCD.o
                0x00000000000126ce                FEHIcon::Icon::SetProperties(char*, int, int, int, int, unsigned int, unsigned int)
 .text._ZN7FEHIcon4Icon4DrawEv
                0x0000000000012738       0x90 Libraries/FEHLCD.o
                0x0000000000012738                FEHIcon::Icon::Draw()
 .text._ZN7FEHIcon4Icon6SelectEv
                0x00000000000127c8       0x90 Libraries/FEHLCD.o
                0x00000000000127c8                FEHIcon::Icon::Select()
 .text._ZN7FEHIcon4Icon8DeselectEv
                0x0000000000012858       0x8c Libraries/FEHLCD.o
                0x0000000000012858                FEHIcon::Icon::Deselect()
 .text._ZN7FEHIcon4Icon7PressedEffi
                0x00000000000128e4      0x13c Libraries/FEHLCD.o
                0x00000000000128e4                FEHIcon::Icon::Pressed(float, float, int)
 .text._ZN7FEHIcon4Icon12WhilePressedEff
                0x0000000000012a20       0x50 Libraries/FEHLCD.o
                0x0000000000012a20                FEHIcon::Icon::WhilePressed(float, float)
 .text._ZN7FEHIcon13DrawIconArrayEPNS_4IconEiiiiiiPA20_cjj
                0x0000000000012a70      0x168 Libraries/FEHLCD.o
                0x0000000000012a70                FEHIcon::DrawIconArray(FEHIcon::Icon*, int, int, int, int, int, int, char (*) [20], unsigned int, unsigned int)
 .text._Z41__static_initialization_and_destruction_0ii
                0x0000000000012bd8       0x2c Libraries/FEHLCD.o
 .text._GLOBAL__sub_I_image
                0x0000000000012c04       0x10 Libraries/FEHLCD.o
 .text._ZN8FEHAccelC2Ev
                0x0000000000012c14       0x70 Libraries/FEHAccel.o
                0x0000000000012c14                FEHAccel::FEHAccel()
                0x0000000000012c14                FEHAccel::FEHAccel()
 .text._Z41__static_initialization_and_destruction_0ii
                0x0000000000012c84       0x2c Libraries/FEHAccel.o
 .text._GLOBAL__sub_I_Accel
                0x0000000000012cb0       0x10 Libraries/FEHAccel.o
 .text._ZN10FEHBattery7VoltageEv
                0x0000000000012cc0       0x54 Libraries/FEHBattery.o
                0x0000000000012cc0                FEHBattery::Voltage()
 .text._ZN10FEHBatteryC2EN5FEHIO8FEHIOPinE
                0x0000000000012d14       0x22 Libraries/FEHBattery.o
                0x0000000000012d14                FEHBattery::FEHBattery(FEHIO::FEHIOPin)
                0x0000000000012d14                FEHBattery::FEHBattery(FEHIO::FEHIOPin)
 *fill*         0x0000000000012d36        0x2 
 .text._Z41__static_initialization_and_destruction_0ii
                0x0000000000012d38       0x30 Libraries/FEHBattery.o
 .text._GLOBAL__sub_I_Battery
                0x0000000000012d68       0x10 Libraries/FEHBattery.o
 .text._ZN7FEHXBeeC2Ev
                0x0000000000012d78       0x1a Drivers/FEHXBee.o
                0x0000000000012d78                FEHXBee::FEHXBee()
                0x0000000000012d78                FEHXBee::FEHXBee()
 *fill*         0x0000000000012d92        0x2 
 .text._ZN7FEHXBee10InitializeEv
                0x0000000000012d94       0xdc Drivers/FEHXBee.o
                0x0000000000012d94                FEHXBee::Initialize()
 .text._ZN7FEHXBee13IsInitializedEv
                0x0000000000012e70       0x16 Drivers/FEHXBee.o
                0x0000000000012e70                FEHXBee::IsInitialized()
 *fill*         0x0000000000012e86        0x2 
 .text._ZN7FEHXBee17ReceiveDataSearchEPcjh
                0x0000000000012e88       0x8c Drivers/FEHXBee.o
                0x0000000000012e88                FEHXBee::ReceiveDataSearch(char*, unsigned int, unsigned char)
 .text._ZN7FEHXBee8SendDataEPcj
                0x0000000000012f14       0x40 Drivers/FEHXBee.o
                0x0000000000012f14                FEHXBee::SendData(char*, unsigned int)
 .text._ZN7FEHXBee17SetPacketCallBackEPFvPhhE
                0x0000000000012f54       0x20 Drivers/FEHXBee.o
                0x0000000000012f54                FEHXBee::SetPacketCallBack(void (*)(unsigned char*, unsigned char))
 .text._Z22UART0_RX_TX_IRQHandlerv
                0x0000000000012f74       0xec Drivers/FEHXBee.o
                0x0000000000012f74                UART0_RX_TX_IRQHandler()
 .text._ZN6FEHRCSC2Ev
                0x0000000000013060       0x68 Libraries/FEHRCS.o
                0x0000000000013060                FEHRCS::FEHRCS()
                0x0000000000013060                FEHRCS::FEHRCS()
 .text._ZN6FEHRCS10InitializeEiPKc
                0x00000000000130c8      0x7a8 Libraries/FEHRCS.o
                0x00000000000130c8                FEHRCS::Initialize(int, char const*)
 .text._ZN6FEHRCS10InitializeEcPKc
                0x0000000000013870       0x4c Libraries/FEHRCS.o
                0x0000000000013870                FEHRCS::Initialize(char, char const*)
 .text._ZN6FEHRCS19InitializeTouchMenuEPKc
                0x00000000000138bc      0x438 Libraries/FEHRCS.o
                0x00000000000138bc                FEHRCS::InitializeTouchMenu(char const*)
 .text._ZN6FEHRCS19CurrentRegionLetterEv
                0x0000000000013cf4       0x20 Libraries/FEHRCS.o
                0x0000000000013cf4                FEHRCS::CurrentRegionLetter()
 .text._ZN6FEHRCS8GetLeverEv
                0x0000000000013d14       0x1c Libraries/FEHRCS.o
                0x0000000000013d14                FEHRCS::GetLever()
 .text._ZN6FEHRCS12isWindowOpenEv
                0x0000000000013d30       0x24 Libraries/FEHRCS.o
                0x0000000000013d30                FEHRCS::isWindowOpen()
 .text._ZN6FEHRCS13WaitForPacketEv
                0x0000000000013d54       0x58 Libraries/FEHRCS.o
                0x0000000000013d54                FEHRCS::WaitForPacket()
 .text._Z14RCSDataProcessPhh
                0x0000000000013dac       0x94 Libraries/FEHRCS.o
                0x0000000000013dac                RCSDataProcess(unsigned char*, unsigned char)
 .text._Z41__static_initialization_and_destruction_0ii
                0x0000000000013e40       0x2c Libraries/FEHRCS.o
 .text._GLOBAL__sub_I_RCS
                0x0000000000013e6c       0x10 Libraries/FEHRCS.o
 .text._ZN5FEHSDC2Ev
                0x0000000000013e7c       0x24 Libraries/FEHSD.o
                0x0000000000013e7c                FEHSD::FEHSD()
                0x0000000000013e7c                FEHSD::FEHSD()
 .text._ZN5FEHSD9FCloseAllEv
                0x0000000000013ea0       0x6c Libraries/FEHSD.o
                0x0000000000013ea0                FEHSD::FCloseAll()
 .text._Z41__static_initialization_and_destruction_0ii
                0x0000000000013f0c       0x2c Libraries/FEHSD.o
 .text._GLOBAL__sub_I_SD
                0x0000000000013f38       0x10 Libraries/FEHSD.o
 .text._ZN9FEHRandom10InitializeEv
                0x0000000000013f48       0x3c Libraries/FEHRandom.o
                0x0000000000013f48                FEHRandom::Initialize()
 .text.startup._GLOBAL__sub_I__ZN9__gnu_cxx9__freeresEv
                0x0000000000013f84       0x28 /Applications/FEH_ARM/bin/../lib/gcc/arm-none-eabi/10.3.1/../../../../arm-none-eabi/lib/thumb/v7e-m/nofp/libstdc++.a(eh_alloc.o)
 .text          0x0000000000013fac      0x378 /Applications/FEH_ARM/bin/../lib/gcc/arm-none-eabi/10.3.1/thumb/v7e-m/nofp/libgcc.a(_arm_addsubdf3.o)
                0x0000000000013fac                __aeabi_drsub
                0x0000000000013fb4                __subdf3
                0x0000000000013fb4                __aeabi_dsub
                0x0000000000013fb8                __aeabi_dadd
                0x0000000000013fb8                __adddf3
                0x0000000000014230                __aeabi_ui2d
                0x0000000000014230                __floatunsidf
                0x0000000000014250                __floatsidf
                0x0000000000014250                __aeabi_i2d
                0x0000000000014274                __extendsfdf2
                0x0000000000014274                __aeabi_f2d
                0x00000000000142b8                __aeabi_ul2d
                0x00000000000142b8                __floatundidf
                0x00000000000142c8                __aeabi_l2d
                0x00000000000142c8                __floatdidf
 .text          0x0000000000014324      0x424 /Applications/FEH_ARM/bin/../lib/gcc/arm-none-eabi/10.3.1/thumb/v7e-m/nofp/libgcc.a(_arm_muldivdf3.o)
                0x0000000000014324                __aeabi_dmul
                0x0000000000014324                __muldf3
                0x0000000000014578                __aeabi_ddiv
                0x0000000000014578                __divdf3
 .text          0x0000000000014748      0x110 /Applications/FEH_ARM/bin/../lib/gcc/arm-none-eabi/10.3.1/thumb/v7e-m/nofp/libgcc.a(_arm_cmpdf2.o)
                0x0000000000014748                __gedf2
                0x0000000000014748                __gtdf2
                0x0000000000014750                __ledf2
                0x0000000000014750                __ltdf2
                0x0000000000014758                __cmpdf2
                0x0000000000014758                __eqdf2
                0x0000000000014758                __nedf2
                0x00000000000147d4                __aeabi_cdrcmple
                0x00000000000147e4                __aeabi_cdcmple
                0x00000000000147e4                __aeabi_cdcmpeq
                0x00000000000147f4                __aeabi_dcmpeq
                0x0000000000014808                __aeabi_dcmplt
                0x000000000001481c                __aeabi_dcmple
                0x0000000000014830                __aeabi_dcmpge
                0x0000000000014844                __aeabi_dcmpgt
 .text          0x0000000000014858       0x50 /Applications/FEH_ARM/bin/../lib/gcc/arm-none-eabi/10.3.1/thumb/v7e-m/nofp/libgcc.a(_arm_fixdfsi.o)
                0x0000000000014858                __fixdfsi
                0x0000000000014858                __aeabi_d2iz
 .text          0x00000000000148a8       0x40 /Applications/FEH_ARM/bin/../lib/gcc/arm-none-eabi/10.3.1/thumb/v7e-m/nofp/libgcc.a(_arm_fixunsdfsi.o)
                0x00000000000148a8                __fixunsdfsi
                0x00000000000148a8                __aeabi_d2uiz
 .text          0x00000000000148e8       0xa0 /Applications/FEH_ARM/bin/../lib/gcc/arm-none-eabi/10.3.1/thumb/v7e-m/nofp/libgcc.a(_arm_truncdfsf2.o)
                0x00000000000148e8                __aeabi_d2f
                0x00000000000148e8                __truncdfsf2
 .text          0x0000000000014988      0x21c /Applications/FEH_ARM/bin/../lib/gcc/arm-none-eabi/10.3.1/thumb/v7e-m/nofp/libgcc.a(_arm_addsubsf3.o)
                0x0000000000014988                __aeabi_frsub
                0x0000000000014990                __aeabi_fsub
                0x0000000000014990                __subsf3
                0x0000000000014994                __aeabi_fadd
                0x0000000000014994                __addsf3
                0x0000000000014af4                __aeabi_ui2f
                0x0000000000014af4                __floatunsisf
                0x0000000000014afc                __floatsisf
                0x0000000000014afc                __aeabi_i2f
                0x0000000000014b18                __aeabi_ul2f
                0x0000000000014b18                __floatundisf
                0x0000000000014b28                __aeabi_l2f
                0x0000000000014b28                __floatdisf
 .text          0x0000000000014ba4      0x2a0 /Applications/FEH_ARM/bin/../lib/gcc/arm-none-eabi/10.3.1/thumb/v7e-m/nofp/libgcc.a(_arm_muldivsf3.o)
                0x0000000000014ba4                __mulsf3
                0x0000000000014ba4                __aeabi_fmul
                0x0000000000014d0c                __divsf3
                0x0000000000014d0c                __aeabi_fdiv
 .text          0x0000000000014e44       0xec /Applications/FEH_ARM/bin/../lib/gcc/arm-none-eabi/10.3.1/thumb/v7e-m/nofp/libgcc.a(_arm_cmpsf2.o)
                0x0000000000014e44                __gesf2
                0x0000000000014e44                __gtsf2
                0x0000000000014e4c                __ltsf2
                0x0000000000014e4c                __lesf2
                0x0000000000014e54                __nesf2
                0x0000000000014e54                __eqsf2
                0x0000000000014e54                __cmpsf2
                0x0000000000014eb4                __aeabi_cfrcmple
                0x0000000000014ebc                __aeabi_cfcmpeq
                0x0000000000014ebc                __aeabi_cfcmple
                0x0000000000014ecc                __aeabi_fcmpeq
                0x0000000000014ee0                __aeabi_fcmplt
                0x0000000000014ef4                __aeabi_fcmple
                0x0000000000014f08                __aeabi_fcmpge
                0x0000000000014f1c                __aeabi_fcmpgt
 .text          0x0000000000014f30       0x4c /Applications/FEH_ARM/bin/../lib/gcc/arm-none-eabi/10.3.1/thumb/v7e-m/nofp/libgcc.a(_arm_fixsfsi.o)
                0x0000000000014f30                __fixsfsi
                0x0000000000014f30                __aeabi_f2iz
 .text.abort    0x0000000000014f7c       0x10 /Applications/FEH_ARM/bin/../lib/gcc/arm-none-eabi/10.3.1/../../../../arm-none-eabi/lib/thumb/v7e-m/nofp/libg.a(lib_a-abort.o)
                0x0000000000014f7c                abort
 .text.__sfvwrite_r
                0x0000000000014f8c      0x2e8 /Applications/FEH_ARM/bin/../lib/gcc/arm-none-eabi/10.3.1/../../../../arm-none-eabi/lib/thumb/v7e-m/nofp/libg.a(lib_a-fvwrite.o)
                0x0000000000014f8c                __sfvwrite_r
 .text.__libc_init_array
                0x0000000000015274       0x48 /Applications/FEH_ARM/bin/../lib/gcc/arm-none-eabi/10.3.1/../../../../arm-none-eabi/lib/thumb/v7e-m/nofp/libg.a(lib_a-init.o)
                0x0000000000015274                __libc_init_array
 .text.__retarget_lock_init_recursive
                0x00000000000152bc        0x4 /Applications/FEH_ARM/bin/../lib/gcc/arm-none-eabi/10.3.1/../../../../arm-none-eabi/lib/thumb/v7e-m/nofp/libg.a(lib_a-lock.o)
                0x00000000000152bc                __retarget_lock_init_recursive
 .text.__retarget_lock_close_recursive
                0x00000000000152c0        0x4 /Applications/FEH_ARM/bin/../lib/gcc/arm-none-eabi/10.3.1/../../../../arm-none-eabi/lib/thumb/v7e-m/nofp/libg.a(lib_a-lock.o)
                0x00000000000152c0                __retarget_lock_close_recursive
 .text.__retarget_lock_acquire_recursive
                0x00000000000152c4        0x4 /Applications/FEH_ARM/bin/../lib/gcc/arm-none-eabi/10.3.1/../../../../arm-none-eabi/lib/thumb/v7e-m/nofp/libg.a(lib_a-lock.o)
                0x00000000000152c4                __retarget_lock_acquire_recursive
 .text.__retarget_lock_release_recursive
                0x00000000000152c8        0x4 /Applications/FEH_ARM/bin/../lib/gcc/arm-none-eabi/10.3.1/../../../../arm-none-eabi/lib/thumb/v7e-m/nofp/libg.a(lib_a-lock.o)
                0x00000000000152c8                __retarget_lock_release_recursive
 .text.malloc   0x00000000000152cc       0x10 /Applications/FEH_ARM/bin/../lib/gcc/arm-none-eabi/10.3.1/../../../../arm-none-eabi/lib/thumb/v7e-m/nofp/libg.a(lib_a-malloc.o)
                0x00000000000152cc                malloc
 .text._malloc_r
                0x00000000000152dc      0x560 /Applications/FEH_ARM/bin/../lib/gcc/arm-none-eabi/10.3.1/../../../../arm-none-eabi/lib/thumb/v7e-m/nofp/libg.a(lib_a-mallocr.o)
                0x00000000000152dc                _malloc_r
 *fill*         0x000000000001583c        0x4 
 .text          0x0000000000015840       0xa0 /Applications/FEH_ARM/bin/../lib/gcc/arm-none-eabi/10.3.1/../../../../arm-none-eabi/lib/thumb/v7e-m/nofp/libg.a(lib_a-memchr.o)
                0x0000000000015840                memchr
 .text          0x00000000000158e0      0x134 /Applications/FEH_ARM/bin/../lib/gcc/arm-none-eabi/10.3.1/../../../../arm-none-eabi/lib/thumb/v7e-m/nofp/libg.a(lib_a-memcpy.o)
                0x00000000000158e0                memcpy
 .text.memmove  0x0000000000015a14       0xf8 /Applications/FEH_ARM/bin/../lib/gcc/arm-none-eabi/10.3.1/../../../../arm-none-eabi/lib/thumb/v7e-m/nofp/libg.a(lib_a-memmove.o)
                0x0000000000015a14                memmove
 .text.memset   0x0000000000015b0c       0xa4 /Applications/FEH_ARM/bin/../lib/gcc/arm-none-eabi/10.3.1/../../../../arm-none-eabi/lib/thumb/v7e-m/nofp/libg.a(lib_a-memset.o)
                0x0000000000015b0c                memset
 .text.__malloc_lock
                0x0000000000015bb0        0xc /Applications/FEH_ARM/bin/../lib/gcc/arm-none-eabi/10.3.1/../../../../arm-none-eabi/lib/thumb/v7e-m/nofp/libg.a(lib_a-mlock.o)
                0x0000000000015bb0                __malloc_lock
 .text.__malloc_unlock
                0x0000000000015bbc        0xc /Applications/FEH_ARM/bin/../lib/gcc/arm-none-eabi/10.3.1/../../../../arm-none-eabi/lib/thumb/v7e-m/nofp/libg.a(lib_a-mlock.o)
                0x0000000000015bbc                __malloc_unlock
 .text._realloc_r
                0x0000000000015bc8      0x3d8 /Applications/FEH_ARM/bin/../lib/gcc/arm-none-eabi/10.3.1/../../../../arm-none-eabi/lib/thumb/v7e-m/nofp/libg.a(lib_a-reallocr.o)
                0x0000000000015bc8                _realloc_r
 .text._sbrk_r  0x0000000000015fa0       0x24 /Applications/FEH_ARM/bin/../lib/gcc/arm-none-eabi/10.3.1/../../../../arm-none-eabi/lib/thumb/v7e-m/nofp/libg.a(lib_a-sbrkr.o)
                0x0000000000015fa0                _sbrk_r
 .text.raise    0x0000000000015fc4       0x5c /Applications/FEH_ARM/bin/../lib/gcc/arm-none-eabi/10.3.1/../../../../arm-none-eabi/lib/thumb/v7e-m/nofp/libg.a(lib_a-signal.o)
                0x0000000000015fc4                raise
 .text._kill_r  0x0000000000016020       0x2c /Applications/FEH_ARM/bin/../lib/gcc/arm-none-eabi/10.3.1/../../../../arm-none-eabi/lib/thumb/v7e-m/nofp/libg.a(lib_a-signalr.o)
                0x0000000000016020                _kill_r
 .text._getpid_r
                0x000000000001604c        0x4 /Applications/FEH_ARM/bin/../lib/gcc/arm-none-eabi/10.3.1/../../../../arm-none-eabi/lib/thumb/v7e-m/nofp/libg.a(lib_a-signalr.o)
                0x000000000001604c                _getpid_r
 .text.sprintf  0x0000000000016050       0x40 /Applications/FEH_ARM/bin/../lib/gcc/arm-none-eabi/10.3.1/../../../../arm-none-eabi/lib/thumb/v7e-m/nofp/libg.a(lib_a-sprintf.o)
                0x0000000000016050                sprintf
 .text.strcpy   0x0000000000016090       0xbc /Applications/FEH_ARM/bin/../lib/gcc/arm-none-eabi/10.3.1/../../../../arm-none-eabi/lib/thumb/v7e-m/nofp/libg.a(lib_a-strcpy.o)
                0x0000000000016090                strcpy
 *fill*         0x000000000001614c       0x34 
 .text          0x0000000000016180       0xdc /Applications/FEH_ARM/bin/../lib/gcc/arm-none-eabi/10.3.1/../../../../arm-none-eabi/lib/thumb/v7e-m/nofp/libg.a(lib_a-strlen.o)
                0x0000000000016180                strlen
 .text._svfprintf_r
                0x000000000001625c     0x1a3c /Applications/FEH_ARM/bin/../lib/gcc/arm-none-eabi/10.3.1/../../../../arm-none-eabi/lib/thumb/v7e-m/nofp/libg.a(lib_a-svfprintf.o)
                0x000000000001625c                _svfprintf_r
 .text.__swbuf_r
                0x0000000000017c98       0xb0 /Applications/FEH_ARM/bin/../lib/gcc/arm-none-eabi/10.3.1/../../../../arm-none-eabi/lib/thumb/v7e-m/nofp/libg.a(lib_a-wbuf.o)
                0x0000000000017c98                __swbuf_r
 .text._write_r
                0x0000000000017d48       0x2c /Applications/FEH_ARM/bin/../lib/gcc/arm-none-eabi/10.3.1/../../../../arm-none-eabi/lib/thumb/v7e-m/nofp/libg.a(lib_a-writer.o)
                0x0000000000017d48                _write_r
 .text.__swsetup_r
                0x0000000000017d74       0xd4 /Applications/FEH_ARM/bin/../lib/gcc/arm-none-eabi/10.3.1/../../../../arm-none-eabi/lib/thumb/v7e-m/nofp/libg.a(lib_a-wsetup.o)
                0x0000000000017d74                __swsetup_r
 .text.startup.register_fini
                0x0000000000017e48       0x14 /Applications/FEH_ARM/bin/../lib/gcc/arm-none-eabi/10.3.1/../../../../arm-none-eabi/lib/thumb/v7e-m/nofp/libg.a(lib_a-__call_atexit.o)
 .text.atexit   0x0000000000017e5c        0xc /Applications/FEH_ARM/bin/../lib/gcc/arm-none-eabi/10.3.1/../../../../arm-none-eabi/lib/thumb/v7e-m/nofp/libg.a(lib_a-atexit.o)
                0x0000000000017e5c                atexit
 .text.quorem   0x0000000000017e68      0x124 /Applications/FEH_ARM/bin/../lib/gcc/arm-none-eabi/10.3.1/../../../../arm-none-eabi/lib/thumb/v7e-m/nofp/libg.a(lib_a-dtoa.o)
 *fill*         0x0000000000017f8c        0x4 
 .text._dtoa_r  0x0000000000017f90      0xec4 /Applications/FEH_ARM/bin/../lib/gcc/arm-none-eabi/10.3.1/../../../../arm-none-eabi/lib/thumb/v7e-m/nofp/libg.a(lib_a-dtoa.o)
                0x0000000000017f90                _dtoa_r
 .text.__sflush_r
                0x0000000000018e54      0x120 /Applications/FEH_ARM/bin/../lib/gcc/arm-none-eabi/10.3.1/../../../../arm-none-eabi/lib/thumb/v7e-m/nofp/libg.a(lib_a-fflush.o)
                0x0000000000018e54                __sflush_r
 .text._fflush_r
                0x0000000000018f74       0x5c /Applications/FEH_ARM/bin/../lib/gcc/arm-none-eabi/10.3.1/../../../../arm-none-eabi/lib/thumb/v7e-m/nofp/libg.a(lib_a-fflush.o)
                0x0000000000018f74                _fflush_r
 .text._cleanup_r
                0x0000000000018fd0        0xc /Applications/FEH_ARM/bin/../lib/gcc/arm-none-eabi/10.3.1/../../../../arm-none-eabi/lib/thumb/v7e-m/nofp/libg.a(lib_a-findfp.o)
                0x0000000000018fd0                _cleanup_r
 .text.__sinit  0x0000000000018fdc      0x10c /Applications/FEH_ARM/bin/../lib/gcc/arm-none-eabi/10.3.1/../../../../arm-none-eabi/lib/thumb/v7e-m/nofp/libg.a(lib_a-findfp.o)
                0x0000000000018fdc                __sinit
 .text.__sfp_lock_acquire
                0x00000000000190e8        0xc /Applications/FEH_ARM/bin/../lib/gcc/arm-none-eabi/10.3.1/../../../../arm-none-eabi/lib/thumb/v7e-m/nofp/libg.a(lib_a-findfp.o)
                0x00000000000190e8                __sfp_lock_acquire
 .text.__sfp_lock_release
                0x00000000000190f4        0xc /Applications/FEH_ARM/bin/../lib/gcc/arm-none-eabi/10.3.1/../../../../arm-none-eabi/lib/thumb/v7e-m/nofp/libg.a(lib_a-findfp.o)
                0x00000000000190f4                __sfp_lock_release
 .text.__libc_fini_array
                0x0000000000019100       0x2c /Applications/FEH_ARM/bin/../lib/gcc/arm-none-eabi/10.3.1/../../../../arm-none-eabi/lib/thumb/v7e-m/nofp/libg.a(lib_a-fini.o)
                0x0000000000019100                __libc_fini_array
 .text._malloc_trim_r
                0x000000000001912c       0xa0 /Applications/FEH_ARM/bin/../lib/gcc/arm-none-eabi/10.3.1/../../../../arm-none-eabi/lib/thumb/v7e-m/nofp/libg.a(lib_a-freer.o)
                0x000000000001912c                _malloc_trim_r
 .text._free_r  0x00000000000191cc      0x20c /Applications/FEH_ARM/bin/../lib/gcc/arm-none-eabi/10.3.1/../../../../arm-none-eabi/lib/thumb/v7e-m/nofp/libg.a(lib_a-freer.o)
                0x00000000000191cc                _free_r
 .text._fwalk_reent
                0x00000000000193d8       0x48 /Applications/FEH_ARM/bin/../lib/gcc/arm-none-eabi/10.3.1/../../../../arm-none-eabi/lib/thumb/v7e-m/nofp/libg.a(lib_a-fwalk.o)
                0x00000000000193d8                _fwalk_reent
 .text._localeconv_r
                0x0000000000019420        0x8 /Applications/FEH_ARM/bin/../lib/gcc/arm-none-eabi/10.3.1/../../../../arm-none-eabi/lib/thumb/v7e-m/nofp/libg.a(lib_a-localeconv.o)
                0x0000000000019420                _localeconv_r
 .text.__smakebuf_r
                0x0000000000019428       0xe0 /Applications/FEH_ARM/bin/../lib/gcc/arm-none-eabi/10.3.1/../../../../arm-none-eabi/lib/thumb/v7e-m/nofp/libg.a(lib_a-makebuf.o)
                0x0000000000019428                __smakebuf_r
 .text._Balloc  0x0000000000019508       0x4c /Applications/FEH_ARM/bin/../lib/gcc/arm-none-eabi/10.3.1/../../../../arm-none-eabi/lib/thumb/v7e-m/nofp/libg.a(lib_a-mprec.o)
                0x0000000000019508                _Balloc
 .text._Bfree   0x0000000000019554       0x14 /Applications/FEH_ARM/bin/../lib/gcc/arm-none-eabi/10.3.1/../../../../arm-none-eabi/lib/thumb/v7e-m/nofp/libg.a(lib_a-mprec.o)
                0x0000000000019554                _Bfree
 .text.__multadd
                0x0000000000019568       0xa0 /Applications/FEH_ARM/bin/../lib/gcc/arm-none-eabi/10.3.1/../../../../arm-none-eabi/lib/thumb/v7e-m/nofp/libg.a(lib_a-mprec.o)
                0x0000000000019568                __multadd
 .text.__hi0bits
                0x0000000000019608       0x40 /Applications/FEH_ARM/bin/../lib/gcc/arm-none-eabi/10.3.1/../../../../arm-none-eabi/lib/thumb/v7e-m/nofp/libg.a(lib_a-mprec.o)
                0x0000000000019608                __hi0bits
 .text.__lo0bits
                0x0000000000019648       0x5c /Applications/FEH_ARM/bin/../lib/gcc/arm-none-eabi/10.3.1/../../../../arm-none-eabi/lib/thumb/v7e-m/nofp/libg.a(lib_a-mprec.o)
                0x0000000000019648                __lo0bits
 .text.__i2b    0x00000000000196a4       0x5c /Applications/FEH_ARM/bin/../lib/gcc/arm-none-eabi/10.3.1/../../../../arm-none-eabi/lib/thumb/v7e-m/nofp/libg.a(lib_a-mprec.o)
                0x00000000000196a4                __i2b
 .text.__multiply
                0x0000000000019700      0x15c /Applications/FEH_ARM/bin/../lib/gcc/arm-none-eabi/10.3.1/../../../../arm-none-eabi/lib/thumb/v7e-m/nofp/libg.a(lib_a-mprec.o)
                0x0000000000019700                __multiply
 .text.__pow5mult
                0x000000000001985c       0xc0 /Applications/FEH_ARM/bin/../lib/gcc/arm-none-eabi/10.3.1/../../../../arm-none-eabi/lib/thumb/v7e-m/nofp/libg.a(lib_a-mprec.o)
                0x000000000001985c                __pow5mult
 .text.__lshift
                0x000000000001991c       0xf0 /Applications/FEH_ARM/bin/../lib/gcc/arm-none-eabi/10.3.1/../../../../arm-none-eabi/lib/thumb/v7e-m/nofp/libg.a(lib_a-mprec.o)
                0x000000000001991c                __lshift
 .text.__mcmp   0x0000000000019a0c       0x40 /Applications/FEH_ARM/bin/../lib/gcc/arm-none-eabi/10.3.1/../../../../arm-none-eabi/lib/thumb/v7e-m/nofp/libg.a(lib_a-mprec.o)
                0x0000000000019a0c                __mcmp
 .text.__mdiff  0x0000000000019a4c      0x14c /Applications/FEH_ARM/bin/../lib/gcc/arm-none-eabi/10.3.1/../../../../arm-none-eabi/lib/thumb/v7e-m/nofp/libg.a(lib_a-mprec.o)
                0x0000000000019a4c                __mdiff
 .text.__d2b    0x0000000000019b98       0xc4 /Applications/FEH_ARM/bin/../lib/gcc/arm-none-eabi/10.3.1/../../../../arm-none-eabi/lib/thumb/v7e-m/nofp/libg.a(lib_a-mprec.o)
                0x0000000000019b98                __d2b
 .text.frexp    0x0000000000019c5c       0x70 /Applications/FEH_ARM/bin/../lib/gcc/arm-none-eabi/10.3.1/../../../../arm-none-eabi/lib/thumb/v7e-m/nofp/libg.a(lib_a-s_frexp.o)
                0x0000000000019c5c                frexp
 .text.__sread  0x0000000000019ccc       0x24 /Applications/FEH_ARM/bin/../lib/gcc/arm-none-eabi/10.3.1/../../../../arm-none-eabi/lib/thumb/v7e-m/nofp/libg.a(lib_a-stdio.o)
                0x0000000000019ccc                __sread
 .text.__swrite
                0x0000000000019cf0       0x40 /Applications/FEH_ARM/bin/../lib/gcc/arm-none-eabi/10.3.1/../../../../arm-none-eabi/lib/thumb/v7e-m/nofp/libg.a(lib_a-stdio.o)
                0x0000000000019cf0                __swrite
 .text.__sseek  0x0000000000019d30       0x20 /Applications/FEH_ARM/bin/../lib/gcc/arm-none-eabi/10.3.1/../../../../arm-none-eabi/lib/thumb/v7e-m/nofp/libg.a(lib_a-stdio.o)
                0x0000000000019d30                __sseek
 .text.__sclose
                0x0000000000019d50        0x8 /Applications/FEH_ARM/bin/../lib/gcc/arm-none-eabi/10.3.1/../../../../arm-none-eabi/lib/thumb/v7e-m/nofp/libg.a(lib_a-stdio.o)
                0x0000000000019d50                __sclose
 .text.strncpy  0x0000000000019d58       0x64 /Applications/FEH_ARM/bin/../lib/gcc/arm-none-eabi/10.3.1/../../../../arm-none-eabi/lib/thumb/v7e-m/nofp/libg.a(lib_a-strncpy.o)
                0x0000000000019d58                strncpy
 .text.__ssprint_r
                0x0000000000019dbc       0xf8 /Applications/FEH_ARM/bin/../lib/gcc/arm-none-eabi/10.3.1/../../../../arm-none-eabi/lib/thumb/v7e-m/nofp/libg.a(lib_a-svfiprintf.o)
                0x0000000000019dbc                __ssprint_r
 .text.__register_exitproc
                0x0000000000019eb4       0x8c /Applications/FEH_ARM/bin/../lib/gcc/arm-none-eabi/10.3.1/../../../../arm-none-eabi/lib/thumb/v7e-m/nofp/libg.a(lib_a-__atexit.o)
                0x0000000000019eb4                __register_exitproc
 .text.__assert_func
                0x0000000000019f40       0x40 /Applications/FEH_ARM/bin/../lib/gcc/arm-none-eabi/10.3.1/../../../../arm-none-eabi/lib/thumb/v7e-m/nofp/libg.a(lib_a-assert.o)
                0x0000000000019f40                __assert_func
 .text._calloc_r
                0x0000000000019f80       0x78 /Applications/FEH_ARM/bin/../lib/gcc/arm-none-eabi/10.3.1/../../../../arm-none-eabi/lib/thumb/v7e-m/nofp/libg.a(lib_a-callocr.o)
                0x0000000000019f80                _calloc_r
 .text._close_r
                0x0000000000019ff8       0x24 /Applications/FEH_ARM/bin/../lib/gcc/arm-none-eabi/10.3.1/../../../../arm-none-eabi/lib/thumb/v7e-m/nofp/libg.a(lib_a-closer.o)
                0x0000000000019ff8                _close_r
 .text.__errno  0x000000000001a01c        0xc /Applications/FEH_ARM/bin/../lib/gcc/arm-none-eabi/10.3.1/../../../../arm-none-eabi/lib/thumb/v7e-m/nofp/libg.a(lib_a-errno.o)
                0x000000000001a01c                __errno
 .text._fclose_r
                0x000000000001a028       0xcc /Applications/FEH_ARM/bin/../lib/gcc/arm-none-eabi/10.3.1/../../../../arm-none-eabi/lib/thumb/v7e-m/nofp/libg.a(lib_a-fclose.o)
                0x000000000001a028                _fclose_r
 .text.fiprintf
                0x000000000001a0f4       0x28 /Applications/FEH_ARM/bin/../lib/gcc/arm-none-eabi/10.3.1/../../../../arm-none-eabi/lib/thumb/v7e-m/nofp/libg.a(lib_a-fiprintf.o)
                0x000000000001a0f4                fiprintf
 .text._fstat_r
                0x000000000001a11c       0x2c /Applications/FEH_ARM/bin/../lib/gcc/arm-none-eabi/10.3.1/../../../../arm-none-eabi/lib/thumb/v7e-m/nofp/libg.a(lib_a-fstatr.o)
                0x000000000001a11c                _fstat_r
 .text._isatty_r
                0x000000000001a148       0x24 /Applications/FEH_ARM/bin/../lib/gcc/arm-none-eabi/10.3.1/../../../../arm-none-eabi/lib/thumb/v7e-m/nofp/libg.a(lib_a-isattyr.o)
                0x000000000001a148                _isatty_r
 .text.__locale_mb_cur_max
                0x000000000001a16c        0xc /Applications/FEH_ARM/bin/../lib/gcc/arm-none-eabi/10.3.1/../../../../arm-none-eabi/lib/thumb/v7e-m/nofp/libg.a(lib_a-locale.o)
                0x000000000001a16c                __locale_mb_cur_max
 .text._lseek_r
                0x000000000001a178       0x2c /Applications/FEH_ARM/bin/../lib/gcc/arm-none-eabi/10.3.1/../../../../arm-none-eabi/lib/thumb/v7e-m/nofp/libg.a(lib_a-lseekr.o)
                0x000000000001a178                _lseek_r
 .text.__ascii_mbtowc
                0x000000000001a1a4       0x2c /Applications/FEH_ARM/bin/../lib/gcc/arm-none-eabi/10.3.1/../../../../arm-none-eabi/lib/thumb/v7e-m/nofp/libg.a(lib_a-mbtowc_r.o)
                0x000000000001a1a4                __ascii_mbtowc
 .text._read_r  0x000000000001a1d0       0x2c /Applications/FEH_ARM/bin/../lib/gcc/arm-none-eabi/10.3.1/../../../../arm-none-eabi/lib/thumb/v7e-m/nofp/libg.a(lib_a-readr.o)
                0x000000000001a1d0                _read_r
 .text.__sprint_r.part.0
                0x000000000001a1fc       0x78 /Applications/FEH_ARM/bin/../lib/gcc/arm-none-eabi/10.3.1/../../../../arm-none-eabi/lib/thumb/v7e-m/nofp/libg.a(lib_a-vfiprintf.o)
 .text._vfiprintf_r
                0x000000000001a274      0xda0 /Applications/FEH_ARM/bin/../lib/gcc/arm-none-eabi/10.3.1/../../../../arm-none-eabi/lib/thumb/v7e-m/nofp/libg.a(lib_a-vfiprintf.o)
                0x000000000001a274                _vfiprintf_r
 .text.__sbprintf
                0x000000000001b014       0x80 /Applications/FEH_ARM/bin/../lib/gcc/arm-none-eabi/10.3.1/../../../../arm-none-eabi/lib/thumb/v7e-m/nofp/libg.a(lib_a-vfiprintf.o)
 .text.__ascii_wctomb
                0x000000000001b094       0x1c /Applications/FEH_ARM/bin/../lib/gcc/arm-none-eabi/10.3.1/../../../../arm-none-eabi/lib/thumb/v7e-m/nofp/libg.a(lib_a-wctomb_r.o)
                0x000000000001b094                __ascii_wctomb
 .text.__fputwc
                0x000000000001b0b0       0xa8 /Applications/FEH_ARM/bin/../lib/gcc/arm-none-eabi/10.3.1/../../../../arm-none-eabi/lib/thumb/v7e-m/nofp/libg.a(lib_a-fputwc.o)
                0x000000000001b0b0                __fputwc
 .text._fputwc_r
                0x000000000001b158       0x68 /Applications/FEH_ARM/bin/../lib/gcc/arm-none-eabi/10.3.1/../../../../arm-none-eabi/lib/thumb/v7e-m/nofp/libg.a(lib_a-fputwc.o)
                0x000000000001b158                _fputwc_r
 .text._wcrtomb_r
                0x000000000001b1c0       0x3c /Applications/FEH_ARM/bin/../lib/gcc/arm-none-eabi/10.3.1/../../../../arm-none-eabi/lib/thumb/v7e-m/nofp/libg.a(lib_a-wcrtomb.o)
                0x000000000001b1c0                _wcrtomb_r
 .text          0x000000000001b1fc       0x2c /Applications/FEH_ARM/bin/../lib/gcc/arm-none-eabi/10.3.1/thumb/v7e-m/nofp/libgcc.a(_arm_unorddf2.o)
                0x000000000001b1fc                __aeabi_dcmpun
                0x000000000001b1fc                __unorddf2
 .text          0x000000000001b228       0x30 /Applications/FEH_ARM/bin/../lib/gcc/arm-none-eabi/10.3.1/thumb/v7e-m/nofp/libgcc.a(_aeabi_uldivmod.o)
                0x000000000001b228                __aeabi_uldivmod
 .text          0x000000000001b258      0x2d0 /Applications/FEH_ARM/bin/../lib/gcc/arm-none-eabi/10.3.1/thumb/v7e-m/nofp/libgcc.a(_udivmoddi4.o)
                0x000000000001b258                __udivmoddi4
 .text          0x000000000001b528        0x4 /Applications/FEH_ARM/bin/../lib/gcc/arm-none-eabi/10.3.1/thumb/v7e-m/nofp/libgcc.a(_dvmd_tls.o)
                0x000000000001b528                __aeabi_ldiv0
                0x000000000001b528                __aeabi_idiv0
 .text._close   0x000000000001b52c       0x10 /Applications/FEH_ARM/bin/../lib/gcc/arm-none-eabi/10.3.1/../../../../arm-none-eabi/lib/thumb/v7e-m/nofp/libnosys.a(close.o)
                0x000000000001b52c                _close
 .text._fstat   0x000000000001b53c       0x10 /Applications/FEH_ARM/bin/../lib/gcc/arm-none-eabi/10.3.1/../../../../arm-none-eabi/lib/thumb/v7e-m/nofp/libnosys.a(fstat.o)
                0x000000000001b53c                _fstat
 .text._getpid  0x000000000001b54c       0x10 /Applications/FEH_ARM/bin/../lib/gcc/arm-none-eabi/10.3.1/../../../../arm-none-eabi/lib/thumb/v7e-m/nofp/libnosys.a(getpid.o)
                0x000000000001b54c                _getpid
 .text._isatty  0x000000000001b55c       0x10 /Applications/FEH_ARM/bin/../lib/gcc/arm-none-eabi/10.3.1/../../../../arm-none-eabi/lib/thumb/v7e-m/nofp/libnosys.a(isatty.o)
                0x000000000001b55c                _isatty
 .text._kill    0x000000000001b56c       0x10 /Applications/FEH_ARM/bin/../lib/gcc/arm-none-eabi/10.3.1/../../../../arm-none-eabi/lib/thumb/v7e-m/nofp/libnosys.a(kill.o)
                0x000000000001b56c                _kill
 .text._lseek   0x000000000001b57c       0x10 /Applications/FEH_ARM/bin/../lib/gcc/arm-none-eabi/10.3.1/../../../../arm-none-eabi/lib/thumb/v7e-m/nofp/libnosys.a(lseek.o)
                0x000000000001b57c                _lseek
 .text._read    0x000000000001b58c       0x10 /Applications/FEH_ARM/bin/../lib/gcc/arm-none-eabi/10.3.1/../../../../arm-none-eabi/lib/thumb/v7e-m/nofp/libnosys.a(read.o)
                0x000000000001b58c                _read
 .text._sbrk    0x000000000001b59c       0x1c /Applications/FEH_ARM/bin/../lib/gcc/arm-none-eabi/10.3.1/../../../../arm-none-eabi/lib/thumb/v7e-m/nofp/libnosys.a(sbrk.o)
                0x000000000001b59c                _sbrk
 .text._write   0x000000000001b5b8       0x10 /Applications/FEH_ARM/bin/../lib/gcc/arm-none-eabi/10.3.1/../../../../arm-none-eabi/lib/thumb/v7e-m/nofp/libnosys.a(write.o)
                0x000000000001b5b8                _write
 .text._exit    0x000000000001b5c8        0x4 /Applications/FEH_ARM/bin/../lib/gcc/arm-none-eabi/10.3.1/../../../../arm-none-eabi/lib/thumb/v7e-m/nofp/libnosys.a(_exit.o)
                0x000000000001b5c8                _exit
 *(.rodata .rodata.* .constdata .constdata.*)
 .rodata        0x000000000001b5cc       0x67 ../main.o
 *fill*         0x000000000001b633        0x1 
 .rodata.K60_SDHC0_init
                0x000000000001b634        0xc Drivers/SDHC.o
                0x000000000001b634                K60_SDHC0_init
 .rodata._ZL21ESDHC_COMMAND_XFERTYP
                0x000000000001b640      0x100 Drivers/SDHC.o
 .rodata._ZL9GPIOPorts
                0x000000000001b740       0x20 Libraries/FEHIO.o
 .rodata._ZL10ADCNumbers
                0x000000000001b760       0x21 Libraries/FEHIO.o
 *fill*         0x000000000001b781        0x3 
 .rodata._ZL14GPIOPinNumbers
                0x000000000001b784       0x80 Libraries/FEHIO.o
 .rodata._ZL16AnalogPinNumbers
                0x000000000001b804       0x84 Libraries/FEHIO.o
 .rodata        0x000000000001b888       0x78 Libraries/FEHIO.o
 .rodata        0x000000000001b900       0x32 Libraries/FEHLCD.o
 *fill*         0x000000000001b932        0x2 
 .rodata        0x000000000001b934      0x3ac Libraries/FEHRCS.o
 .rodata._global_impure_ptr
                0x000000000001bce0        0x4 /Applications/FEH_ARM/bin/../lib/gcc/arm-none-eabi/10.3.1/../../../../arm-none-eabi/lib/thumb/v7e-m/nofp/libg.a(lib_a-impure.o)
                0x000000000001bce0                _global_impure_ptr
 .rodata._svfprintf_r.str1.4
                0x000000000001bce4       0x42 /Applications/FEH_ARM/bin/../lib/gcc/arm-none-eabi/10.3.1/../../../../arm-none-eabi/lib/thumb/v7e-m/nofp/libg.a(lib_a-svfprintf.o)
 *fill*         0x000000000001bd26        0x2 
 .rodata.blanks.1
                0x000000000001bd28       0x10 /Applications/FEH_ARM/bin/../lib/gcc/arm-none-eabi/10.3.1/../../../../arm-none-eabi/lib/thumb/v7e-m/nofp/libg.a(lib_a-svfprintf.o)
 .rodata.zeroes.0
                0x000000000001bd38       0x10 /Applications/FEH_ARM/bin/../lib/gcc/arm-none-eabi/10.3.1/../../../../arm-none-eabi/lib/thumb/v7e-m/nofp/libg.a(lib_a-svfprintf.o)
 .rodata._dtoa_r.str1.4
                0x000000000001bd48       0x7e /Applications/FEH_ARM/bin/../lib/gcc/arm-none-eabi/10.3.1/../../../../arm-none-eabi/lib/thumb/v7e-m/nofp/libg.a(lib_a-dtoa.o)
                                         0x82 (size before relaxing)
 *fill*         0x000000000001bdc6        0x2 
 .rodata.__multadd.str1.4
                0x000000000001bdc8       0x5b /Applications/FEH_ARM/bin/../lib/gcc/arm-none-eabi/10.3.1/../../../../arm-none-eabi/lib/thumb/v7e-m/nofp/libg.a(lib_a-mprec.o)
                                         0x6f (size before relaxing)
 *fill*         0x000000000001be23        0x5 
 .rodata.__mprec_bigtens
                0x000000000001be28       0x28 /Applications/FEH_ARM/bin/../lib/gcc/arm-none-eabi/10.3.1/../../../../arm-none-eabi/lib/thumb/v7e-m/nofp/libg.a(lib_a-mprec.o)
                0x000000000001be28                __mprec_bigtens
 .rodata.__mprec_tens
                0x000000000001be50       0xc8 /Applications/FEH_ARM/bin/../lib/gcc/arm-none-eabi/10.3.1/../../../../arm-none-eabi/lib/thumb/v7e-m/nofp/libg.a(lib_a-mprec.o)
                0x000000000001be50                __mprec_tens
 .rodata.p05.0  0x000000000001bf18        0xc /Applications/FEH_ARM/bin/../lib/gcc/arm-none-eabi/10.3.1/../../../../arm-none-eabi/lib/thumb/v7e-m/nofp/libg.a(lib_a-mprec.o)
 .rodata.__assert_func.str1.4
                0x000000000001bf24       0x3f /Applications/FEH_ARM/bin/../lib/gcc/arm-none-eabi/10.3.1/../../../../arm-none-eabi/lib/thumb/v7e-m/nofp/libg.a(lib_a-assert.o)
                                         0x43 (size before relaxing)
 *fill*         0x000000000001bf63        0x1 
 .rodata._ctype_
                0x000000000001bf64      0x101 /Applications/FEH_ARM/bin/../lib/gcc/arm-none-eabi/10.3.1/../../../../arm-none-eabi/lib/thumb/v7e-m/nofp/libg.a(lib_a-ctype_.o)
                0x000000000001bf64                _ctype_
 *fill*         0x000000000001c065        0x3 
 .rodata._setlocale_r.str1.4
                0x000000000001c068        0xa /Applications/FEH_ARM/bin/../lib/gcc/arm-none-eabi/10.3.1/../../../../arm-none-eabi/lib/thumb/v7e-m/nofp/libg.a(lib_a-locale.o)
                                          0xd (size before relaxing)
 *fill*         0x000000000001c072        0x2 
 .rodata.str1.4
                0x000000000001c074        0x2 /Applications/FEH_ARM/bin/../lib/gcc/arm-none-eabi/10.3.1/../../../../arm-none-eabi/lib/thumb/v7e-m/nofp/libg.a(lib_a-locale.o)
 .rodata._vfiprintf_r.str1.4
                0x000000000001c076       0x2f /Applications/FEH_ARM/bin/../lib/gcc/arm-none-eabi/10.3.1/../../../../arm-none-eabi/lib/thumb/v7e-m/nofp/libg.a(lib_a-vfiprintf.o)
 *fill*         0x000000000001c076        0x2 
 .rodata.blanks.1
                0x000000000001c078       0x10 /Applications/FEH_ARM/bin/../lib/gcc/arm-none-eabi/10.3.1/../../../../arm-none-eabi/lib/thumb/v7e-m/nofp/libg.a(lib_a-vfiprintf.o)
 .rodata.zeroes.0
                0x000000000001c088       0x10 /Applications/FEH_ARM/bin/../lib/gcc/arm-none-eabi/10.3.1/../../../../arm-none-eabi/lib/thumb/v7e-m/nofp/libg.a(lib_a-vfiprintf.o)
                0x000000000001c098                . = ALIGN (0x4)
                0x000000000001c098                . = ALIGN (0x4)
 *(.init)
 .init          0x000000000001c098        0x4 /Applications/FEH_ARM/bin/../lib/gcc/arm-none-eabi/10.3.1/thumb/v7e-m/nofp/crti.o
                0x000000000001c098                _init
 .init          0x000000000001c09c        0x8 /Applications/FEH_ARM/bin/../lib/gcc/arm-none-eabi/10.3.1/thumb/v7e-m/nofp/crtn.o