Archive member included to satisfy reference by file (symbol)

/Applications/FEH_ARM/bin/../lib/gcc/arm-none-eabi/10.3.1/../../../../arm-none-eabi/lib/thumb/v7e-m/nofp/libstdc++.a(del_ops.o)
                              Libraries/FEHIO.o (operator delete(void*, unsigned int))
/Applications/FEH_ARM/bin/../lib/gcc/arm-none-eabi/10.3.1/../../../../arm-none-eabi/lib/thumb/v7e-m/nofp/libstdc++.a(new_op.o)
                              Libraries/FEHIO.o (operator new(unsigned int))
/Applications/FEH_ARM/bin/../lib/gcc/arm-none-eabi/10.3.1/../../../../arm-none-eabi/lib/thumb/v7e-m/nofp/libstdc++.a(bad_alloc.o)
                              /Applications/FEH_ARM/bin/../lib/gcc/arm-none-eabi/10.3.1/../../../../arm-none-eabi/lib/thumb/v7e-m/nofp/libstdc++.a(new_op.o) (std::bad_alloc::~bad_alloc())
/Applications/FEH_ARM/bin/../lib/gcc/arm-none-eabi/10.3.1/../../../../arm-none-eabi/lib/thumb/v7e-m/nofp/libstdc++.a(del_op.o)
                              /Applications/FEH_ARM/bin/../lib/gcc/arm-none-eabi/10.3.1/../../../../arm-none-eabi/lib/thumb/v7e-m/nofp/libstdc++.a(del_ops.o) (operator delete(void*))
/Applications/FEH_ARM/bin/../lib/gcc/arm-none-eabi/10.3.1/../../../../arm-none-eabi/lib/thumb/v7e-m/nofp/libstdc++.a(eh_alloc.o)
                              /Applications/FEH_ARM/bin/../lib/gcc/arm-none-eabi/10.3.1/../../../../arm-none-eabi/lib/thumb/v7e-m/nofp/libstdc++.a(new_op.o) (__cxa_allocate_exception)
/Applications/FEH_ARM/bin/../lib/gcc/arm-none-eabi/10.3.1/../../../../arm-none-eabi/lib/thumb/v7e-m/nofp/libstdc++.a(eh_exception.o)
                              /Applications/FEH_ARM/bin/../lib/gcc/arm-none-eabi/10.3.1/../../../../arm-none-eabi/lib/thumb/v7e-m/nofp/libstdc++.a(bad_alloc.o) (std::exception::~exception())
/Applications/FEH_ARM/bin/../lib/gcc/arm-none-eabi/10.3.1/../../../../arm-none-eabi/lib/thumb/v7e-m/nofp/libstdc++.a(eh_terminate.o)
                              /Applications/FEH_ARM/bin/../lib/gcc/arm-none-eabi/10.3.1/../../../../arm-none-eabi/lib/thumb/v7e-m/nofp/libstdc++.a(eh_alloc.o) (std::terminate())
/Applications/FEH_ARM/bin/../lib/gcc/arm-none-eabi/10.3.1/../../../../arm-none-eabi/lib/thumb/v7e-m/nofp/libstdc++.a(eh_throw.o)
                              /Applications/FEH_ARM/bin/../lib/gcc/arm-none-eabi/10.3.1/../../../../arm-none-eabi/lib/thumb/v7e-m/nofp/libstdc++.a(new_op.o) (__cxa_throw)
/Applications/FEH_ARM/bin/../lib/gcc/arm-none-eabi/10.3.1/../../../../arm-none-eabi/lib/thumb/v7e-m/nofp/libstdc++.a(eh_unex_handler.o)
                              /Applications/FEH_ARM/bin/../lib/gcc/arm-none-eabi/10.3.1/../../../../arm-none-eabi/lib/thumb/v7e-m/nofp/libstdc++.a(eh_terminate.o) (__cxxabiv1::__unexpected_handler)
/Applications/FEH_ARM/bin/../lib/gcc/arm-none-eabi/10.3.1/../../../../arm-none-eabi/lib/thumb/v7e-m/nofp/libstdc++.a(new_handler.o)
                              /Applications/FEH_ARM/bin/../lib/gcc/arm-none-eabi/10.3.1/../../../../arm-none-eabi/lib/thumb/v7e-m/nofp/libstdc++.a(new_op.o) (std::get_new_handler())
/Applications/FEH_ARM/bin/../lib/gcc/arm-none-eabi/10.3.1/../../../../arm-none-eabi/lib/thumb/v7e-m/nofp/libstdc++.a(pure.o)
                              /Applications/FEH_ARM/bin/../lib/gcc/arm-none-eabi/10.3.1/../../../../arm-none-eabi/lib/thumb/v7e-m/nofp/libstdc++.a(eh_exception.o) (__cxa_pure_virtual)
/Applications/FEH_ARM/bin/../lib/gcc/arm-none-eabi/10.3.1/../../../../arm-none-eabi/lib/thumb/v7e-m/nofp/libstdc++.a(si_class_type_info.o)
                              /Applications/FEH_ARM/bin/../lib/gcc/arm-none-eabi/10.3.1/../../../../arm-none-eabi/lib/thumb/v7e-m/nofp/libstdc++.a(bad_alloc.o) (vtable for __cxxabiv1::__si_class_type_info)
/Applications/FEH_ARM/bin/../lib/gcc/arm-none-eabi/10.3.1/../../../../arm-none-eabi/lib/thumb/v7e-m/nofp/libstdc++.a(tinfo.o)
                              /Applications/FEH_ARM/bin/../lib/gcc/arm-none-eabi/10.3.1/../../../../arm-none-eabi/lib/thumb/v7e-m/nofp/libstdc++.a(si_class_type_info.o) (std::type_info::__is_pointer_p() const)
/Applications/FEH_ARM/bin/../lib/gcc/arm-none-eabi/10.3.1/../../../../arm-none-eabi/lib/thumb/v7e-m/nofp/libstdc++.a(vterminate.o)
                              /Applications/FEH_ARM/bin/../lib/gcc/arm-none-eabi/10.3.1/../../../../arm-none-eabi/lib/thumb/v7e-m/nofp/libstdc++.a(eh_terminate.o) (__gnu_cxx::__verbose_terminate_handler())
/Applications/FEH_ARM/bin/../lib/gcc/arm-none-eabi/10.3.1/../../../../arm-none-eabi/lib/thumb/v7e-m/nofp/libstdc++.a(class_type_info.o)
                              /Applications/FEH_ARM/bin/../lib/gcc/arm-none-eabi/10.3.1/../../../../arm-none-eabi/lib/thumb/v7e-m/nofp/libstdc++.a(si_class_type_info.o) (__cxxabiv1::__class_type_info::__do_upcast(__cxxabiv1::__class_type_info const*, void**) const)
/Applications/FEH_ARM/bin/../lib/gcc/arm-none-eabi/10.3.1/../../../../arm-none-eabi/lib/thumb/v7e-m/nofp/libstdc++.a(cp-demangle.o)
[...]
Memory Configuration

Name             Origin             Length             Attributes
PROGRAM_FLASH    0x000000000000c000 0x0000000000073c00 xr
SRAM_UPPER       0x0000000020000000 0x0000000000010000 xrw
SRAM_LOWER       0x000000001fff0000 0x0000000000010000 xrw
*default*        0x0000000000000000 0xffffffffffffffff

Linker script and memory map

LOAD /Applications/FEH_ARM/bin/../lib/gcc/arm-none-eabi/10.3.1/thumb/v7e-m/nofp/crti.o
LOAD /Applications/FEH_ARM/bin/../lib/gcc/arm-none-eabi/10.3.1/thumb/v7e-m/nofp/crtbegin.o
LOAD /Applications/FEH_ARM/bin/../lib/gcc/arm-none-eabi/10.3.1/../../../../arm-none-eabi/lib/thumb/v7e-m/nofp/crt0.o
LOAD ../main.o
LOAD Startup/startup_mk60d10.o
LOAD Libraries/FEHMotor.o
LOAD Drivers/mcg.o
LOAD Drivers/i2c.o
LOAD Drivers/spi.o
LOAD Drivers/uart.o
LOAD Drivers/ff.o
LOAD Drivers/SDHC.o
LOAD Drivers/lptmr.o
LOAD FEHProteus.o
LOAD Drivers/FEHPropeller.o
LOAD Libraries/FEHUtility.o
LOAD Libraries/FEHIO.o
LOAD Drivers/adc16.o
LOAD Libraries/FEHBuzzer.o
LOAD Libraries/FEHServo.o
LOAD Libraries/FEHLCD.o
LOAD Libraries/FEHAccel.o
LOAD Libraries/FEHBattery.o
LOAD Drivers/FEHXBee.o
LOAD Libraries/FEHRCS.o
LOAD Libraries/FEHSD.o
LOAD Libraries/FEHRandom.o
LOAD /Applications/FEH_ARM/bin/../lib/gcc/arm-none-eabi/10.3.1/../../../../arm-none-eabi/lib/thumb/v7e-m/nofp/libstdc++.a
LOAD /Applications/FEH_ARM/bin/../lib/gcc/arm-none-eabi/10.3.1/../../../../arm-none-eabi/lib/thumb/v7e-m/nofp/libm.a
START GROUP
LOAD /Applications/FEH_ARM/bin/../lib/gcc/arm-none-eabi/10.3.1/thumb/v7e-m/nofp/libgcc.a
LOAD /Applications/FEH_ARM/bin/../lib/gcc/arm-none-eabi/10.3.1/../../../../arm-none-eabi/lib/thumb/v7e-m/nofp/libg.a
LOAD /Applications/FEH_ARM/bin/../lib/gcc/arm-none-eabi/10.3.1/../../../../arm-none-eabi/lib/thumb/v7e-m/nofp/libc.a
END GROUP
START GROUP
LOAD /Applications/FEH_ARM/bin/../lib/gcc/arm-none-eabi/10.3.1/thumb/v7e-m/nofp/libgcc.a
LOAD /Applications/FEH_ARM/bin/../lib/gcc/arm-none-eabi/10.3.1/../../../../arm-none-eabi/lib/thumb/v7e-m/nofp/libc.a
LOAD /Applications/FEH_ARM/bin/../lib/gcc/arm-none-eabi/10.3.1/../../../../arm-none-eabi/lib/thumb/v7e-m/nofp/libnosys.a
END GROUP
LOAD /Applications/FEH_ARM/bin/../lib/gcc/arm-none-eabi/10.3.1/thumb/v7e-m/nofp/crtend.o
LOAD /Applications/FEH_ARM/bin/../lib/gcc/arm-none-eabi/10.3.1/thumb/v7e-m/nofp/crtn.o
                0x000000000000c000                __base_PROGRAM_FLASH = 0xc000
                0x000000000000c000                __base_Flash = 0xc000
                0x000000000007fc00                __top_PROGRAM_FLASH = 0x7fc00
                0x000000000007fc00                __top_Flash = 0x7fc00
                0x0000000020000000                __base_SRAM_UPPER = 0x20000000
                0x0000000020000000                __base_RAM = 0x20000000
                0x0000000020010000                __top_SRAM_UPPER = 0x20010000
                0x0000000020010000                __top_RAM = 0x20010000
                0x000000001fff0000                __base_SRAM_LOWER = 0x1fff0000
                0x000000001fff0000                __base_RAM2 = 0x1fff0000
                0x0000000020000000                __top_SRAM_LOWER = 0x20000000
                0x0000000020000000                __top_RAM2 = 0x20000000

.text           0x000000000000c000      0x410
 FILL mask 0xff
                0x000000000000c000                __vectors_start__ = ABSOLUTE (.)
 *(.isr_vector)
 .isr_vector    0x000000000000c000      0x1bc Startup/startup_mk60d10.o
                0x000000000000c000                __Vectors
                0x000000000000c000                g_pfnVectors
                0x000000000000c1bc                . = ALIGN (0x4)
                0x000000000000c1bc                __section_table_start = .
                0x000000000000c1bc                __data_section_table = .
                0x000000000000c1bc        0x4 LONG 0x1beec LOADADDR (.data)
                0x000000000000c1c0        0x4 LONG 0x20000000 ADDR (.data)
                0x000000000000c1c4        0x4 LONG 0x16c8 SIZEOF (.data)
                0x000000000000c1c8        0x4 LONG 0x1beec LOADADDR (.data_RAM2)
                0x000000000000c1cc        0x4 LONG 0x1fff0000 ADDR (.data_RAM2)
                0x000000000000c1d0        0x4 LONG 0x0 SIZEOF (.data_RAM2)
                0x000000000000c1d4                __data_section_table_end = .
                0x000000000000c1d4                __bss_section_table = .
                0x000000000000c1d4        0x4 LONG 0x200016c8 ADDR (.bss)
                0x000000000000c1d8        0x4 LONG 0x488 SIZEOF (.bss)
                0x000000000000c1dc        0x4 LONG 0x1fff0000 ADDR (.bss_RAM2)
                0x000000000000c1e0        0x4 LONG 0x0 SIZEOF (.bss_RAM2)
                0x000000000000c1e4                __bss_section_table_end = .
                0x000000000000c1e4                __section_table_end = .
 *(.after_vectors*)
 .after_vectors.init_data
                0x000000000000c1e4       0x42 Startup/startup_mk60d10.o
                0x000000000000c1e4                data_init(unsigned int, unsigned int, unsigned int)
 .after_vectors.init_bss
                0x000000000000c226       0x36 Startup/startup_mk60d10.o
                0x000000000000c226                bss_init(unsigned int, unsigned int)
 .after_vectors.reset
                0x000000000000c25c       0xb4 Startup/startup_mk60d10.o
                0x000000000000c25c                ResetISR
 .after_vectors
                0x000000000000c310       0x3c Startup/startup_mk60d10.o
                0x000000000000c310                NMI_Handler
                0x000000000000c316                HardFault_Handler
                0x000000000000c31c                MemManage_Handler
                0x000000000000c322                BusFault_Handler
                0x000000000000c328                UsageFault_Handler
                0x000000000000c32e                SVC_Handler
                0x000000000000c334                DebugMon_Handler
                0x000000000000c33a                PendSV_Handler
                0x000000000000c340                SysTick_Handler
                0x000000000000c346                PIT2_DriverIRQHandler
                0x000000000000c346                SDHC_DriverIRQHandler
                0x000000000000c346                I2S0_Tx_DriverIRQHandler
                0x000000000000c346                TSI0_DriverIRQHandler
                0x000000000000c346                RTC_Seconds_DriverIRQHandler
                0x000000000000c346                Reserved109_DriverIRQHandler
                0x000000000000c346                DMA6_DriverIRQHandler
                0x000000000000c346                LLWU_DriverIRQHandler
                0x000000000000c346                MCM_DriverIRQHandler
                0x000000000000c346                MCG_DriverIRQHandler
                0x000000000000c346                ENET_1588_Timer_DriverIRQHandler
                0x000000000000c346                DAC1_DriverIRQHandler
                0x000000000000c346                CMP1_DriverIRQHandler
                0x000000000000c346                UART5_RX_TX_DriverIRQHandler
                0x000000000000c346                FTM0_DriverIRQHandler
                0x000000000000c346                IntDefaultHandler
                0x000000000000c346                USB0_DriverIRQHandler
                0x000000000000c346                UART5_ERR_DriverIRQHandler
                0x000000000000c346                DMA11_DriverIRQHandler
                0x000000000000c346                DAC0_DriverIRQHandler
                0x000000000000c346                DMA10_DriverIRQHandler
                0x000000000000c346                CMP2_DriverIRQHandler
                0x000000000000c346                UART2_ERR_DriverIRQHandler
                0x000000000000c346                SPI2_DriverIRQHandler
                0x000000000000c346                LVD_LVW_DriverIRQHandler
                0x000000000000c346                RNG_DriverIRQHandler
                0x000000000000c346                DMA5_DriverIRQHandler
                0x000000000000c346                DMA4_DriverIRQHandler
                0x000000000000c346                UART2_RX_TX_DriverIRQHandler
                0x000000000000c346                USBDCD_DriverIRQHandler
                0x000000000000c346                UART3_ERR_DriverIRQHandler
                0x000000000000c346                DMA3_DriverIRQHandler
                0x000000000000c346                DMA8_DriverIRQHandler
                0x000000000000c346                DMA9_DriverIRQHandler
                0x000000000000c346                UART0_ERR_DriverIRQHandler
                0x000000000000c346                CMT_DriverIRQHandler
                0x000000000000c346                ADC1_DriverIRQHandler
                0x000000000000c346                DMA14_DriverIRQHandler
                0x000000000000c346                PIT3_DriverIRQHandler
                0x000000000000c346                PIT1_DriverIRQHandler
                0x000000000000c346                WDOG_EWM_DriverIRQHandler
                0x000000000000c346                PDB0_DriverIRQHandler
                0x000000000000c346                Reserved95_DriverIRQHandler
                0x000000000000c346                RTC_DriverIRQHandler
                0x000000000000c346                I2S0_Rx_DriverIRQHandler
                0x000000000000c346                Read_Collision_DriverIRQHandler
                0x000000000000c346                SWI_DriverIRQHandler
                0x000000000000c346                UART4_RX_TX_DriverIRQHandler
                0x000000000000c346                UART4_ERR_DriverIRQHandler
                0x000000000000c346                UART0_LON_DriverIRQHandler
                0x000000000000c346                DMA1_DriverIRQHandler
                0x000000000000c346                I2C1_DriverIRQHandler
                0x000000000000c346                UART3_RX_TX_DriverIRQHandler
                0x000000000000c346                ENET_Receive_DriverIRQHandler
                0x000000000000c346                DMA13_DriverIRQHandler
                0x000000000000c346                ENET_Error_DriverIRQHandler
                0x000000000000c346                DMA15_DriverIRQHandler
                0x000000000000c346                SPI0_DriverIRQHandler
                0x000000000000c346                ADC0_DriverIRQHandler
                0x000000000000c346                FTFL_DriverIRQHandler
                0x000000000000c346                CMP0_DriverIRQHandler
                0x000000000000c346                CAN0_DriverIRQHandler
                0x000000000000c346                Reserved59_DriverIRQHandler
                0x000000000000c346                UART1_ERR_DriverIRQHandler
                0x000000000000c346                DMA2_DriverIRQHandler
                0x000000000000c346                ENET_Transmit_DriverIRQHandler
                0x000000000000c346                I2C0_DriverIRQHandler
                0x000000000000c346                CAN1_DriverIRQHandler
                0x000000000000c346                DMA7_DriverIRQHandler
                0x000000000000c346                UART1_RX_TX_DriverIRQHandler
                0x000000000000c346                Reserved108_DriverIRQHandler
                0x000000000000c346                Reserved102_DriverIRQHandler
                0x000000000000c346                DMA0_DriverIRQHandler
                0x000000000000c346                DMA12_DriverIRQHandler
                0x000000000000c346                SPI1_DriverIRQHandler
                0x000000000000c346                LPTMR0_DriverIRQHandler
                0x000000000000c346                DMA_Error_DriverIRQHandler
                0x000000000000c346                FTM1_DriverIRQHandler
                0x000000000000c346                FTM2_DriverIRQHandler
                0x0000000000000400                . = 0x400
 *fill*         0x000000000000c34c       0xb4 ff
                0x000000000000c400                PROVIDE (__FLASH_CONFIG_START__ = .)
 *(.FlashConfig)
 .FlashConfig   0x000000000000c400       0x10 Startup/startup_mk60d10.o
                0x000000000000c410                PROVIDE (__FLASH_CONFIG_END__ = .)
                0x0000000000000001                ASSERT (! ((__FLASH_CONFIG_START__ == __FLASH_CONFIG_END__)), Linker Flash Config Support Enabled, but no .FlashConfig section provided within application)

.eh_frame       0x000000000000c410        0x0
 .eh_frame      0x000000000000c410        0x0 /Applications/FEH_ARM/bin/../lib/gcc/arm-none-eabi/10.3.1/thumb/v7e-m/nofp/crtbegin.o

.glue_7         0x000000000000c410        0x0
 .glue_7        0x000000000000c410        0x0 linker stubs

.glue_7t        0x000000000000c410        0x0
 .glue_7t       0x000000000000c410        0x0 linker stubs

.vfp11_veneer   0x000000000000c410        0x0
 .vfp11_veneer  0x000000000000c410        0x0 linker stubs

.v4_bx          0x000000000000c410        0x0
 .v4_bx         0x000000000000c410        0x0 linker stubs

.iplt           0x000000000000c410        0x0
 .iplt          0x000000000000c410        0x0 /Applications/FEH_ARM/bin/../lib/gcc/arm-none-eabi/10.3.1/thumb/v7e-m/nofp/crtbegin.o

.text           0x000000000000c440     0xfaa4
 *(.text*)
 .text          0x000000000000c440       0x40 /Applications/FEH_ARM/bin/../lib/gcc/arm-none-eabi/10.3.1/thumb/v7e-m/nofp/crtbegin.o
 .text._ZSt3absd
                0x000000000000c480       0x1e ../main.o
                0x000000000000c480                std::abs(double)
 *fill*         0x000000000000c49e        0x2 
 .text.main     0x000000000000c4a0       0x68 ../main.o
                0x000000000000c4a0                main
 .text._Z13setMotorSpeedii
                0x000000000000c508       0x3c ../main.o
                0x000000000000c508                setMotorSpeed(int, int)
 *fill*         0x000000000000c544        0x4 
 .text._Z4moved
                0x000000000000c548      0x190 ../main.o
                0x000000000000c548                move(double)
 .text._Z4turnd
                0x000000000000c6d8      0x1d8 ../main.o
                0x000000000000c6d8                turn(double)
 .text._Z10milestone4v
                0x000000000000c8b0       0x44 ../main.o
                0x000000000000c8b0                milestone4()
 .text._Z41__static_initialization_and_destruction_0ii
                0x000000000000c8f4       0x98 ../main.o
 .text._GLOBAL__sub_I_right_motor
                0x000000000000c98c       0x10 ../main.o
 .text.PORTD_IRQHandler
                0x000000000000c99c       0x50 Startup/startup_mk60d10.o
                0x000000000000c99c                PORTD_IRQHandler
 .text._Z15InitPowerButtonv
                0x000000000000c9ec       0x60 Startup/startup_mk60d10.o
                0x000000000000c9ec                InitPowerButton()
 .text._ZL11pll_init_blv
                0x000000000000ca4c       0xe0 Startup/startup_mk60d10.o
 .text._Z14InitFEHProteusv
                0x000000000000cb2c       0xec Startup/startup_mk60d10.o
                0x000000000000cb2c                InitFEHProteus()
 .text.DMA0_IRQHandler
                0x000000000000cc18        0xc Startup/startup_mk60d10.o
                0x000000000000cc18                DMA0_IRQHandler
 .text.DMA1_IRQHandler
                0x000000000000cc24        0xc Startup/startup_mk60d10.o
                0x000000000000cc24                DMA1_IRQHandler
 .text.DMA2_IRQHandler
                0x000000000000cc30        0xc Startup/startup_mk60d10.o
                0x000000000000cc30                DMA2_IRQHandler
 .text.DMA3_IRQHandler
                0x000000000000cc3c        0xc Startup/startup_mk60d10.o
                0x000000000000cc3c                DMA3_IRQHandler
 .text.DMA4_IRQHandler
                0x000000000000cc48        0xc Startup/startup_mk60d10.o
                0x000000000000cc48                DMA4_IRQHandler
 .text.DMA5_IRQHandler
                0x000000000000cc54        0xc Startup/startup_mk60d10.o
                0x000000000000cc54                DMA5_IRQHandler
 .text.DMA6_IRQHandler
                0x000000000000cc60        0xc Startup/startup_mk60d10.o
                0x000000000000cc60                DMA6_IRQHandler
 .text.DMA7_IRQHandler
                0x000000000000cc6c        0xc Startup/startup_mk60d10.o
                0x000000000000cc6c                DMA7_IRQHandler
 .text.DMA8_IRQHandler
                0x000000000000cc78        0xc Startup/startup_mk60d10.o
                0x000000000000cc78                DMA8_IRQHandler
 .text.DMA9_IRQHandler
                0x000000000000cc84        0xc Startup/startup_mk60d10.o
                0x000000000000cc84                DMA9_IRQHandler
 .text.DMA10_IRQHandler
                0x000000000000cc90        0xc Startup/startup_mk60d10.o
                0x000000000000cc90                DMA10_IRQHandler
 .text.DMA11_IRQHandler
                0x000000000000cc9c        0xc Startup/startup_mk60d10.o
                0x000000000000cc9c                DMA11_IRQHandler
 .text.DMA12_IRQHandler
                0x000000000000cca8        0xc Startup/startup_mk60d10.o
                0x000000000000cca8                DMA12_IRQHandler
 .text.DMA13_IRQHandler
                0x000000000000ccb4        0xc Startup/startup_mk60d10.o
                0x000000000000ccb4                DMA13_IRQHandler
 .text.DMA14_IRQHandler
                0x000000000000ccc0        0xc Startup/startup_mk60d10.o
                0x000000000000ccc0                DMA14_IRQHandler
 .text.DMA15_IRQHandler
                0x000000000000cccc        0xc Startup/startup_mk60d10.o
                0x000000000000cccc                DMA15_IRQHandler
 .text.DMA_Error_IRQHandler
                0x000000000000ccd8        0xc Startup/startup_mk60d10.o
                0x000000000000ccd8                DMA_Error_IRQHandler
 .text.MCM_IRQHandler
                0x000000000000cce4        0xc Startup/startup_mk60d10.o
                0x000000000000cce4                MCM_IRQHandler
 .text.FTFL_IRQHandler
                0x000000000000ccf0        0xc Startup/startup_mk60d10.o
                0x000000000000ccf0                FTFL_IRQHandler
 .text.Read_Collision_IRQHandler
                0x000000000000ccfc        0xc Startup/startup_mk60d10.o
                0x000000000000ccfc                Read_Collision_IRQHandler
 .text.LVD_LVW_IRQHandler
                0x000000000000cd08        0xc Startup/startup_mk60d10.o
                0x000000000000cd08                LVD_LVW_IRQHandler
 .text.LLWU_IRQHandler
                0x000000000000cd14        0xc Startup/startup_mk60d10.o
                0x000000000000cd14                LLWU_IRQHandler
 .text.WDOG_EWM_IRQHandler
                0x000000000000cd20        0xc Startup/startup_mk60d10.o
                0x000000000000cd20                WDOG_EWM_IRQHandler
 .text.RNG_IRQHandler
                0x000000000000cd2c        0xc Startup/startup_mk60d10.o
                0x000000000000cd2c                RNG_IRQHandler
 .text.I2C0_IRQHandler
                0x000000000000cd38        0xc Startup/startup_mk60d10.o
                0x000000000000cd38                I2C0_IRQHandler
 .text.I2C1_IRQHandler
                0x000000000000cd44        0xc Startup/startup_mk60d10.o
                0x000000000000cd44                I2C1_IRQHandler
 .text.SPI0_IRQHandler
                0x000000000000cd50        0xc Startup/startup_mk60d10.o
                0x000000000000cd50                SPI0_IRQHandler
 .text.SPI1_IRQHandler
                0x000000000000cd5c        0xc Startup/startup_mk60d10.o
                0x000000000000cd5c                SPI1_IRQHandler
 .text.SPI2_IRQHandler
                0x000000000000cd68        0xc Startup/startup_mk60d10.o
                0x000000000000cd68                SPI2_IRQHandler
 .text.CAN0_ORed_Message_buffer_IRQHandler
                0x000000000000cd74        0xc Startup/startup_mk60d10.o
                0x000000000000cd74                CAN0_ORed_Message_buffer_IRQHandler
 .text.CAN0_Bus_Off_IRQHandler
                0x000000000000cd80        0xc Startup/startup_mk60d10.o
                0x000000000000cd80                CAN0_Bus_Off_IRQHandler
 .text.CAN0_Error_IRQHandler
                0x000000000000cd8c        0xc Startup/startup_mk60d10.o
                0x000000000000cd8c                CAN0_Error_IRQHandler
 .text.CAN0_Tx_Warning_IRQHandler
                0x000000000000cd98        0xc Startup/startup_mk60d10.o
                0x000000000000cd98                CAN0_Tx_Warning_IRQHandler
 .text.CAN0_Rx_Warning_IRQHandler
                0x000000000000cda4        0xc Startup/startup_mk60d10.o
                0x000000000000cda4                CAN0_Rx_Warning_IRQHandler
 .text.CAN0_Wake_Up_IRQHandler
                0x000000000000cdb0        0xc Startup/startup_mk60d10.o
                0x000000000000cdb0                CAN0_Wake_Up_IRQHandler
 .text.I2S0_Tx_IRQHandler
                0x000000000000cdbc        0xc Startup/startup_mk60d10.o
                0x000000000000cdbc                I2S0_Tx_IRQHandler
 .text.I2S0_Rx_IRQHandler
                0x000000000000cdc8        0xc Startup/startup_mk60d10.o
                0x000000000000cdc8                I2S0_Rx_IRQHandler
 .text.CAN1_ORed_Message_buffer_IRQHandler
                0x000000000000cdd4        0xc Startup/startup_mk60d10.o
                0x000000000000cdd4                CAN1_ORed_Message_buffer_IRQHandler
 .text.CAN1_Bus_Off_IRQHandler
                0x000000000000cde0        0xc Startup/startup_mk60d10.o
                0x000000000000cde0                CAN1_Bus_Off_IRQHandler
 .text.CAN1_Error_IRQHandler
                0x000000000000cdec        0xc Startup/startup_mk60d10.o
                0x000000000000cdec                CAN1_Error_IRQHandler
 .text.CAN1_Tx_Warning_IRQHandler
                0x000000000000cdf8        0xc Startup/startup_mk60d10.o
                0x000000000000cdf8                CAN1_Tx_Warning_IRQHandler
 .text.CAN1_Rx_Warning_IRQHandler
                0x000000000000ce04        0xc Startup/startup_mk60d10.o
                0x000000000000ce04                CAN1_Rx_Warning_IRQHandler
 .text.CAN1_Wake_Up_IRQHandler
                0x000000000000ce10        0xc Startup/startup_mk60d10.o
                0x000000000000ce10                CAN1_Wake_Up_IRQHandler
 .text.Reserved59_IRQHandler
                0x000000000000ce1c        0xc Startup/startup_mk60d10.o
                0x000000000000ce1c                Reserved59_IRQHandler
 .text.UART0_LON_IRQHandler
                0x000000000000ce28        0xc Startup/startup_mk60d10.o
                0x000000000000ce28                UART0_LON_IRQHandler
 .text.UART0_ERR_IRQHandler
                0x000000000000ce34        0xc Startup/startup_mk60d10.o
                0x000000000000ce34                UART0_ERR_IRQHandler
 .text.UART1_RX_TX_IRQHandler
                0x000000000000ce40        0xc Startup/startup_mk60d10.o
                0x000000000000ce40                UART1_RX_TX_IRQHandler
 .text.UART1_ERR_IRQHandler
                0x000000000000ce4c        0xc Startup/startup_mk60d10.o
                0x000000000000ce4c                UART1_ERR_IRQHandler
 .text.UART2_RX_TX_IRQHandler
                0x000000000000ce58        0xc Startup/startup_mk60d10.o
                0x000000000000ce58                UART2_RX_TX_IRQHandler
 .text.UART2_ERR_IRQHandler
                0x000000000000ce64        0xc Startup/startup_mk60d10.o
                0x000000000000ce64                UART2_ERR_IRQHandler
 .text.UART3_RX_TX_IRQHandler
                0x000000000000ce70        0xc Startup/startup_mk60d10.o
                0x000000000000ce70                UART3_RX_TX_IRQHandler
 .text.UART3_ERR_IRQHandler
                0x000000000000ce7c        0xc Startup/startup_mk60d10.o
                0x000000000000ce7c                UART3_ERR_IRQHandler
 .text.UART4_RX_TX_IRQHandler
                0x000000000000ce88        0xc Startup/startup_mk60d10.o
                0x000000000000ce88                UART4_RX_TX_IRQHandler
 .text.UART4_ERR_IRQHandler
                0x000000000000ce94        0xc Startup/startup_mk60d10.o
                0x000000000000ce94                UART4_ERR_IRQHandler
 .text.UART5_RX_TX_IRQHandler
                0x000000000000cea0        0xc Startup/startup_mk60d10.o
                0x000000000000cea0                UART5_RX_TX_IRQHandler
 .text.UART5_ERR_IRQHandler
                0x000000000000ceac        0xc Startup/startup_mk60d10.o
                0x000000000000ceac                UART5_ERR_IRQHandler
 .text.ADC0_IRQHandler
                0x000000000000ceb8        0xc Startup/startup_mk60d10.o
                0x000000000000ceb8                ADC0_IRQHandler
 .text.ADC1_IRQHandler
                0x000000000000cec4        0xc Startup/startup_mk60d10.o
                0x000000000000cec4                ADC1_IRQHandler
 .text.CMP0_IRQHandler
                0x000000000000ced0        0xc Startup/startup_mk60d10.o
                0x000000000000ced0                CMP0_IRQHandler
 .text.CMP1_IRQHandler
                0x000000000000cedc        0xc Startup/startup_mk60d10.o
                0x000000000000cedc                CMP1_IRQHandler
 .text.CMP2_IRQHandler
                0x000000000000cee8        0xc Startup/startup_mk60d10.o
                0x000000000000cee8                CMP2_IRQHandler
 .text.FTM0_IRQHandler
                0x000000000000cef4        0xc Startup/startup_mk60d10.o
                0x000000000000cef4                FTM0_IRQHandler
 .text.FTM1_IRQHandler
                0x000000000000cf00        0xc Startup/startup_mk60d10.o
                0x000000000000cf00                FTM1_IRQHandler
 .text.FTM2_IRQHandler
                0x000000000000cf0c        0xc Startup/startup_mk60d10.o
                0x000000000000cf0c                FTM2_IRQHandler
 .text.CMT_IRQHandler
                0x000000000000cf18        0xc Startup/startup_mk60d10.o
                0x000000000000cf18                CMT_IRQHandler
 .text.RTC_IRQHandler
                0x000000000000cf24        0xc Startup/startup_mk60d10.o
                0x000000000000cf24                RTC_IRQHandler
 .text.RTC_Seconds_IRQHandler
                0x000000000000cf30        0xc Startup/startup_mk60d10.o
                0x000000000000cf30                RTC_Seconds_IRQHandler
 .text.PIT1_IRQHandler
                0x000000000000cf3c        0xc Startup/startup_mk60d10.o
                0x000000000000cf3c                PIT1_IRQHandler
 .text.PIT2_IRQHandler
                0x000000000000cf48        0xc Startup/startup_mk60d10.o
                0x000000000000cf48                PIT2_IRQHandler
 .text.PIT3_IRQHandler
                0x000000000000cf54        0xc Startup/startup_mk60d10.o
                0x000000000000cf54                PIT3_IRQHandler
 .text.PDB0_IRQHandler
                0x000000000000cf60        0xc Startup/startup_mk60d10.o
                0x000000000000cf60                PDB0_IRQHandler
 .text.USB0_IRQHandler
                0x000000000000cf6c        0xc Startup/startup_mk60d10.o
                0x000000000000cf6c                USB0_IRQHandler
 .text.USBDCD_IRQHandler
                0x000000000000cf78        0xc Startup/startup_mk60d10.o
                0x000000000000cf78                USBDCD_IRQHandler
 .text.ENET_1588_Timer_IRQHandler
                0x000000000000cf84        0xc Startup/startup_mk60d10.o
                0x000000000000cf84                ENET_1588_Timer_IRQHandler
 .text.ENET_Transmit_IRQHandler
                0x000000000000cf90        0xc Startup/startup_mk60d10.o
                0x000000000000cf90                ENET_Transmit_IRQHandler
 .text.ENET_Receive_IRQHandler
                0x000000000000cf9c        0xc Startup/startup_mk60d10.o
                0x000000000000cf9c                ENET_Receive_IRQHandler
 .text.ENET_Error_IRQHandler
                0x000000000000cfa8        0xc Startup/startup_mk60d10.o
                0x000000000000cfa8                ENET_Error_IRQHandler
 .text.Reserved95_IRQHandler
                0x000000000000cfb4        0xc Startup/startup_mk60d10.o
                0x000000000000cfb4                Reserved95_IRQHandler
 .text.SDHC_IRQHandler
                0x000000000000cfc0        0xc Startup/startup_mk60d10.o
                0x000000000000cfc0                SDHC_IRQHandler
 .text.DAC0_IRQHandler
                0x000000000000cfcc        0xc Startup/startup_mk60d10.o
                0x000000000000cfcc                DAC0_IRQHandler
 .text.DAC1_IRQHandler
                0x000000000000cfd8        0xc Startup/startup_mk60d10.o
                0x000000000000cfd8                DAC1_IRQHandler
 .text.TSI0_IRQHandler
                0x000000000000cfe4        0xc Startup/startup_mk60d10.o
                0x000000000000cfe4                TSI0_IRQHandler
 .text.MCG_IRQHandler
                0x000000000000cff0        0xc Startup/startup_mk60d10.o
                0x000000000000cff0                MCG_IRQHandler
 .text.LPTMR0_IRQHandler
                0x000000000000cffc        0xc Startup/startup_mk60d10.o
                0x000000000000cffc                LPTMR0_IRQHandler
 .text.Reserved102_IRQHandler
                0x000000000000d008        0xc Startup/startup_mk60d10.o
                0x000000000000d008                Reserved102_IRQHandler
 .text.Reserved108_IRQHandler
                0x000000000000d014        0xc Startup/startup_mk60d10.o
                0x000000000000d014                Reserved108_IRQHandler
 .text.Reserved109_IRQHandler
                0x000000000000d020        0xc Startup/startup_mk60d10.o
                0x000000000000d020                Reserved109_IRQHandler
 .text.SWI_IRQHandler
                0x000000000000d02c        0xc Startup/startup_mk60d10.o
                0x000000000000d02c                SWI_IRQHandler
 .text._ZN8FEHMotorC2ENS_12FEHMotorPortEf
                0x000000000000d038       0x7c Libraries/FEHMotor.o
                0x000000000000d038                FEHMotor::FEHMotor(FEHMotor::FEHMotorPort, float)
                0x000000000000d038                FEHMotor::FEHMotor(FEHMotor::FEHMotorPort, float)
 .text._ZN8FEHMotor4StopEv
                0x000000000000d0b4       0x30 Libraries/FEHMotor.o
                0x000000000000d0b4                FEHMotor::Stop()
 .text._ZN8FEHMotor8SetPowerEi
                0x000000000000d0e4       0x54 Libraries/FEHMotor.o
                0x000000000000d0e4                FEHMotor::SetPower(int)
 .text._ZN8FEHMotor10SetPercentEf
                0x000000000000d138       0xf8 Libraries/FEHMotor.o
                0x000000000000d138                FEHMotor::SetPercent(float)
 .text._Z21IIC_StartTransmissionhh
                0x000000000000d230       0x6c Drivers/i2c.o
                0x000000000000d230                IIC_StartTransmission(unsigned char, unsigned char)
 .text._Z5Pausev
                0x000000000000d29c       0x24 Drivers/i2c.o
                0x000000000000d29c                Pause()
 .text._Z21MMA8451QWriteRegisterhh
                0x000000000000d2c0       0x68 Drivers/i2c.o
                0x000000000000d2c0                MMA8451QWriteRegister(unsigned char, unsigned char)
 .text._Z8i2c_Waitv
                0x000000000000d328       0x6c Drivers/i2c.o
                0x000000000000d328                i2c_Wait()
 .text._Z12SPI_SendCharh
                0x000000000000d394       0x1a Drivers/spi.o
                0x000000000000d394                SPI_SendChar(unsigned char)
 .text._Z16SPI_WriteCommandhh
                0x000000000000d3ae       0x34 Drivers/spi.o
                0x000000000000d3ae                SPI_WriteCommand(unsigned char, unsigned char)
 .text._Z11SPI_GetCharv
                0x000000000000d3e2       0x10 Drivers/spi.o
                0x000000000000d3e2                SPI_GetChar()
 .text._Z15SPI_ReadCommandh
                0x000000000000d3f2       0x38 Drivers/spi.o
                0x000000000000d3f2                SPI_ReadCommand(unsigned char)
 *fill*         0x000000000000d42a        0x2 
 .text._Z13SPI_CS_Assertv
                0x000000000000d42c       0x1c Drivers/spi.o
                0x000000000000d42c                SPI_CS_Assert()
 .text._Z15SPI_CS_Deassertv
                0x000000000000d448       0x1c Drivers/spi.o
                0x000000000000d448                SPI_CS_Deassert()
 .text._Z12SPI_Transferh
                0x000000000000d464       0x6c Drivers/spi.o
                0x000000000000d464                SPI_Transfer(unsigned char)
 .text._Z8SPI_Initv
                0x000000000000d4d0       0xa0 Drivers/spi.o
                0x000000000000d4d0                SPI_Init()
 .text._Z9uart_initPV11UART_MemMapii
                0x000000000000d570      0x174 Drivers/uart.o
                0x000000000000d570                uart_init(UART_MemMap volatile*, int, int)
 .text._Z12uart_getcharPV11UART_MemMap
                0x000000000000d6e4       0x32 Drivers/uart.o
                0x000000000000d6e4                uart_getchar(UART_MemMap volatile*)
 .text._Z12uart_putcharPV11UART_MemMapc
                0x000000000000d716       0x32 Drivers/uart.o
                0x000000000000d716                uart_putchar(UART_MemMap volatile*, char)
 .text._ZL7mem_setPvij
                0x000000000000d748       0x3c Drivers/ff.o
 .text._ZL11move_windowP5FATFSm
                0x000000000000d784       0xc8 Drivers/ff.o
 .text._ZL4syncP5FATFS
                0x000000000000d84c      0x14c Drivers/ff.o
 .text._ZL8validateP5FATFSt
                0x000000000000d998       0x54 Drivers/ff.o
 .text._Z6f_syncP3FIL
                0x000000000000d9ec      0x186 Drivers/ff.o
                0x000000000000d9ec                f_sync(FIL*)
 .text._Z7f_closeP3FIL
                0x000000000000db72       0x28 Drivers/ff.o
                0x000000000000db72                f_close(FIL*)
 *fill*         0x000000000000db9a        0x2 
 .text._ZL17SDHC_set_baudratemm
                0x000000000000db9c       0xe8 Drivers/SDHC.o
 .text._Z9SDHC_initP17esdhc_info_structPK17esdhc_init_struct
                0x000000000000dc84      0x130 Drivers/SDHC.o
                0x000000000000dc84                SDHC_init(esdhc_info_struct*, esdhc_init_struct const*)
 .text._ZL15SDHC_is_runningv
                0x000000000000ddb4       0x24 Drivers/SDHC.o
 .text._ZL16SDHC_status_waitm
                0x000000000000ddd8       0x2c Drivers/SDHC.o
 .text._ZL17SDHC_send_commandP20esdhc_command_struct
                0x000000000000de04      0x1f8 Drivers/SDHC.o
 .text._Z10SDHC_ioctlmPv
                0x000000000000dffc      0x6f0 Drivers/SDHC.o
                0x000000000000dffc                SDHC_ioctl(unsigned long, void*)
 .text._ZL14rcvr_datablockPhm
                0x000000000000e6ec       0xf0 Drivers/SDHC.o
 .text._Z9disk_readhPhmh
                0x000000000000e7dc      0x124 Drivers/SDHC.o
                0x000000000000e7dc                disk_read(unsigned char, unsigned char*, unsigned long, unsigned char)
 .text._ZL14xmit_datablockPKhm
                0x000000000000e900       0xa4 Drivers/SDHC.o
 .text._Z10disk_writehPKhmh
                0x000000000000e9a4      0x198 Drivers/SDHC.o
                0x000000000000e9a4                disk_write(unsigned char, unsigned char const*, unsigned long, unsigned char)
 .text._Z10disk_ioctlhhPv
                0x000000000000eb3c      0x104 Drivers/SDHC.o
                0x000000000000eb3c                disk_ioctl(unsigned char, unsigned char, void*)
 .text._Z11disk_statush
                0x000000000000ec40       0x28 Drivers/SDHC.o
                0x000000000000ec40                disk_status(unsigned char)
 .text._Z13time_delay_msm
                0x000000000000ec68       0x6c Drivers/lptmr.o
                0x000000000000ec68                time_delay_ms(unsigned long)
 .text._Z41__static_initialization_and_destruction_0ii
                0x000000000000ecd4       0x2c FEHProteus.o
 .text._GLOBAL__sub_I_Propeller
                0x000000000000ed00       0x10 FEHProteus.o
 .text._ZN12FEHPropellerC2Ev
                0x000000000000ed10       0x1a Drivers/FEHPropeller.o
                0x000000000000ed10                FEHPropeller::FEHPropeller()
                0x000000000000ed10                FEHPropeller::FEHPropeller()
 *fill*         0x000000000000ed2a        0x2 
 .text._ZN12FEHPropeller10InitializeEv
                0x000000000000ed2c       0x74 Drivers/FEHPropeller.o
                0x000000000000ed2c                FEHPropeller::Initialize()
 .text._ZN12FEHPropeller12SetMotorRateEhhh
                0x000000000000eda0       0x5c Drivers/FEHPropeller.o
                0x000000000000eda0                FEHPropeller::SetMotorRate(unsigned char, unsigned char, unsigned char)
 .text._ZL5Delaymjj
                0x000000000000edfc       0x94 Libraries/FEHUtility.o
 .text._Z5Sleepi
                0x000000000000ee90       0x2c Libraries/FEHUtility.o
                0x000000000000ee90                Sleep(int)
 .text._Z5Sleepd
                0x000000000000eebc       0x4c Libraries/FEHUtility.o
                0x000000000000eebc                Sleep(double)
 .text._Z11TimeNowMSecv
                0x000000000000ef08       0x38 Libraries/FEHUtility.o
                0x000000000000ef08                TimeNowMSec()
 .text._ZN14DigitalEncoderC2EN5FEHIO8FEHIOPinE
                0x000000000000ef40       0x26 Libraries/FEHIO.o
                0x000000000000ef40                DigitalEncoder::DigitalEncoder(FEHIO::FEHIOPin)
                0x000000000000ef40                DigitalEncoder::DigitalEncoder(FEHIO::FEHIOPin)
 *fill*         0x000000000000ef66        0x2 
 .text._Z10enable_irqi
                0x000000000000ef68      0x11c Libraries/FEHIO.o
                0x000000000000ef68                enable_irq(int)
 .text._ZN14DigitalEncoder10InitializeEN5FEHIO8FEHIOPinENS0_21FEHIOInterruptTriggerE
                0x000000000000f084      0x1a8 Libraries/FEHIO.o
                0x000000000000f084                DigitalEncoder::Initialize(FEHIO::FEHIOPin, FEHIO::FEHIOInterruptTrigger)
 .text._Z16PORTB_IRQHandlerv
                0x000000000000f22c       0x9c Libraries/FEHIO.o
                0x000000000000f22c                PORTB_IRQHandler()
 .text._Z16PORTC_IRQHandlerv
                0x000000000000f2c8       0x9c Libraries/FEHIO.o
                0x000000000000f2c8                PORTC_IRQHandler()
 .text._Z16PORTA_IRQHandlerv
                0x000000000000f364       0xa0 Libraries/FEHIO.o
                0x000000000000f364                PORTA_IRQHandler()
 .text._Z16PORTE_IRQHandlerv
                0x000000000000f404       0x98 Libraries/FEHIO.o
                0x000000000000f404                PORTE_IRQHandler()
 .text._ZN14DigitalEncoder6CountsEv
                0x000000000000f49c       0x24 Libraries/FEHIO.o
                0x000000000000f49c                DigitalEncoder::Counts()
 .text._ZN14DigitalEncoder11ResetCountsEv
                0x000000000000f4c0       0x24 Libraries/FEHIO.o
                0x000000000000f4c0                DigitalEncoder::ResetCounts()
 .text._ZN14AnalogInputPinC2EN5FEHIO8FEHIOPinE
                0x000000000000f4e4       0x1e Libraries/FEHIO.o
                0x000000000000f4e4                AnalogInputPin::AnalogInputPin(FEHIO::FEHIOPin)
                0x000000000000f4e4                AnalogInputPin::AnalogInputPin(FEHIO::FEHIOPin)
 *fill*         0x000000000000f502        0x6 
 .text._ZN14AnalogInputPin5ValueEv
                0x000000000000f508      0x120 Libraries/FEHIO.o
                0x000000000000f508                AnalogInputPin::Value()
 .text._ZN13AnalogEncoder12EncoderValueEv
                0x000000000000f628       0xb0 Libraries/FEHIO.o
                0x000000000000f628                AnalogEncoder::EncoderValue()
 .text._ZN14AnalogInputPin8InitADCsEv
                0x000000000000f6d8       0x98 Libraries/FEHIO.o
                0x000000000000f6d8                AnalogInputPin::InitADCs()
 .text._Z15PIT0_IRQHandlerv
                0x000000000000f770       0x28 Libraries/FEHIO.o
                0x000000000000f770                PIT0_IRQHandler()
 .text._ZN13AnalogEncoder4InitEv
                0x000000000000f798       0x44 Libraries/FEHIO.o
                0x000000000000f798                AnalogEncoder::Init()
 .text._ZN13AnalogEncoder14SetCounterInitEj
                0x000000000000f7dc       0x20 Libraries/FEHIO.o
                0x000000000000f7dc                AnalogEncoder::SetCounterInit(unsigned int)
 .text._ZN13AnalogEncoder10ProcessIntEv
                0x000000000000f7fc       0x68 Libraries/FEHIO.o
                0x000000000000f7fc                AnalogEncoder::ProcessInt()
 .text._ZN13AnalogEncoder14ProcessIntSelfEv
                0x000000000000f864       0x6e Libraries/FEHIO.o
                0x000000000000f864                AnalogEncoder::ProcessIntSelf()
 .text._Z7ADC_CalPV10ADC_MemMap
                0x000000000000f8d2      0x13e Drivers/adc16.o
                0x000000000000f8d2                ADC_Cal(ADC_MemMap volatile*)
 .text._Z14ADC_Config_AltPV10ADC_MemMapP7adc_cfg
                0x000000000000fa10       0x6c Drivers/adc16.o
                0x000000000000fa10                ADC_Config_Alt(ADC_MemMap volatile*, adc_cfg*)
 .text._ZN9FEHBuzzerC2Ev
                0x000000000000fa7c       0x14 Libraries/FEHBuzzer.o
                0x000000000000fa7c                FEHBuzzer::FEHBuzzer()
                0x000000000000fa7c                FEHBuzzer::FEHBuzzer()
 .text._Z41__static_initialization_and_destruction_0ii
                0x000000000000fa90       0x2c Libraries/FEHBuzzer.o
 .text._GLOBAL__sub_I_Buzzer
                0x000000000000fabc       0x10 Libraries/FEHBuzzer.o
 .text._ZN8FEHServoC2ENS_12FEHServoPortE
                0x000000000000facc       0x38 Libraries/FEHServo.o
                0x000000000000facc                FEHServo::FEHServo(FEHServo::FEHServoPort)
                0x000000000000facc                FEHServo::FEHServo(FEHServo::FEHServoPort)
 .text._ZN8FEHServo9SetDegreeEf
                0x000000000000fb04       0xf8 Libraries/FEHServo.o
                0x000000000000fb04                FEHServo::SetDegree(float)
 .text._ZN8FEHServo14TouchCalibrateEv
                0x000000000000fbfc      0x88c Libraries/FEHServo.o
                0x000000000000fbfc                FEHServo::TouchCalibrate()
 .text._ZN6FEHLCD11_InitializeEv
                0x0000000000010488      0x410 Libraries/FEHLCD.o
                0x0000000000010488                FEHLCD::_Initialize()
 .text._ZN6FEHLCDC2Ev
                0x0000000000010898       0x50 Libraries/FEHLCD.o
                0x0000000000010898                FEHLCD::FEHLCD()
                0x0000000000010898                FEHLCD::FEHLCD()
 .text._ZN6FEHLCD10InitializeEv
                0x00000000000108e8       0x28 Libraries/FEHLCD.o
                0x00000000000108e8                FEHLCD::Initialize()
 .text._ZN6FEHLCD10PrintImageEii
                0x0000000000010910       0xbc Libraries/FEHLCD.o
                0x0000000000010910                FEHLCD::PrintImage(int, int)
 .text._ZN6FEHLCD9PrintLogoEii
                0x00000000000109cc       0xbc Libraries/FEHLCD.o
                0x00000000000109cc                FEHLCD::PrintLogo(int, int)
 .text._ZN6FEHLCD22ConvertFEHColorTo24BitENS_11FEHLCDColorE
                0x0000000000010a88       0x78 Libraries/FEHLCD.o
                0x0000000000010a88                FEHLCD::ConvertFEHColorTo24Bit(FEHLCD::FEHLCDColor)
 .text._ZN6FEHLCD24Convert24BitColorTo16BitEj
                0x0000000000010b00       0x30 Libraries/FEHLCD.o
                0x0000000000010b00                FEHLCD::Convert24BitColorTo16Bit(unsigned int)
 .text._ZN6FEHLCD22ConvertRGBColorTo16BitEhhh
                0x0000000000010b30       0x4a Libraries/FEHLCD.o
                0x0000000000010b30                FEHLCD::ConvertRGBColorTo16Bit(unsigned char, unsigned char, unsigned char)
 .text._ZN6FEHLCD5ClearENS_11FEHLCDColorE
                0x0000000000010b7a       0x28 Libraries/FEHLCD.o
                0x0000000000010b7a                FEHLCD::Clear(FEHLCD::FEHLCDColor)
 .text._ZN6FEHLCD5ClearEj
                0x0000000000010ba2       0x2c Libraries/FEHLCD.o
                0x0000000000010ba2                FEHLCD::Clear(unsigned int)
 .text._ZN6FEHLCD5ClearEv
                0x0000000000010bce       0x16 Libraries/FEHLCD.o
                0x0000000000010bce                FEHLCD::Clear()
 .text._ZN6FEHLCD18SetBackgroundColorENS_11FEHLCDColorE
                0x0000000000010be4       0x28 Libraries/FEHLCD.o
                0x0000000000010be4                FEHLCD::SetBackgroundColor(FEHLCD::FEHLCDColor)
 .text._ZN6FEHLCD18SetBackgroundColorEj
                0x0000000000010c0c       0x26 Libraries/FEHLCD.o
                0x0000000000010c0c                FEHLCD::SetBackgroundColor(unsigned int)
 .text._ZN6FEHLCD12SetFontColorENS_11FEHLCDColorE
                0x0000000000010c32       0x28 Libraries/FEHLCD.o
                0x0000000000010c32                FEHLCD::SetFontColor(FEHLCD::FEHLCDColor)
 .text._ZN6FEHLCD12SetFontColorEj
                0x0000000000010c5a       0x26 Libraries/FEHLCD.o
                0x0000000000010c5a                FEHLCD::SetFontColor(unsigned int)
 .text._ZN6FEHLCD7WriteAtEPKcii
                0x0000000000010c80       0x46 Libraries/FEHLCD.o
                0x0000000000010c80                FEHLCD::WriteAt(char const*, int, int)
 .text._ZN6FEHLCD11TS_SPI_InitEv
                0x0000000000010cc6       0x7c Libraries/FEHLCD.o
                0x0000000000010cc6                FEHLCD::TS_SPI_Init()
 *fill*         0x0000000000010d42        0x6 
 .text._ZN6FEHLCD5TouchEPfS0_
                0x0000000000010d48      0x1fc Libraries/FEHLCD.o
                0x0000000000010d48                FEHLCD::Touch(float*, float*)
 .text._ZN6FEHLCD3absEi
                0x0000000000010f44       0x22 Libraries/FEHLCD.o
                0x0000000000010f44                FEHLCD::abs(int)
 .text._ZN6FEHLCD5WriteEPKc
                0x0000000000010f66       0x4e Libraries/FEHLCD.o
                0x0000000000010f66                FEHLCD::Write(char const*)
 .text._ZN6FEHLCD5WriteEc
                0x0000000000010fb4       0x30 Libraries/FEHLCD.o
                0x0000000000010fb4                FEHLCD::Write(char)
 .text._ZN6FEHLCD9WriteLineEPKc
                0x0000000000010fe4       0x26 Libraries/FEHLCD.o
                0x0000000000010fe4                FEHLCD::WriteLine(char const*)
 .text._ZN6FEHLCD9WriteLineEc
                0x000000000001100a       0x2a Libraries/FEHLCD.o
                0x000000000001100a                FEHLCD::WriteLine(char)
 .text._ZN6FEHLCD10WriteIndexEh
                0x0000000000011034      0x14c Libraries/FEHLCD.o
                0x0000000000011034                FEHLCD::WriteIndex(unsigned char)
 .text._ZN6FEHLCD14WriteParameterEh
                0x0000000000011180      0x130 Libraries/FEHLCD.o
                0x0000000000011180                FEHLCD::WriteParameter(unsigned char)
 .text._ZN6FEHLCD6_ClearEv
                0x00000000000112b0      0x15c Libraries/FEHLCD.o
                0x00000000000112b0                FEHLCD::_Clear()
 .text._ZN6FEHLCD8NextLineEv
                0x000000000001140c       0x2a Libraries/FEHLCD.o
                0x000000000001140c                FEHLCD::NextLine()
 .text._ZN6FEHLCD9CheckLineEv
                0x0000000000011436       0x28 Libraries/FEHLCD.o
                0x0000000000011436                FEHLCD::CheckLine()
 .text._ZN6FEHLCD8NextCharEv
                0x000000000001145e       0x32 Libraries/FEHLCD.o
                0x000000000001145e                FEHLCD::NextChar()
 .text._ZN6FEHLCD9DrawPixelEii
                0x0000000000011490       0x2a Libraries/FEHLCD.o
                0x0000000000011490                FEHLCD::DrawPixel(int, int)
 .text._Z4SwapRiS_
                0x00000000000114ba       0x28 Libraries/FEHLCD.o
                0x00000000000114ba                Swap(int&, int&)
 .text._ZN6FEHLCD13DrawRectangleEiiii
                0x00000000000114e2       0x7c Libraries/FEHLCD.o
                0x00000000000114e2                FEHLCD::DrawRectangle(int, int, int, int)
 .text._ZN6FEHLCD13SetDrawRegionEiiii
                0x000000000001155e       0xfe Libraries/FEHLCD.o
                0x000000000001155e                FEHLCD::SetDrawRegion(int, int, int, int)
 .text._ZN6FEHLCD13FillRectangleEiiii
                0x000000000001165c       0x4c Libraries/FEHLCD.o
                0x000000000001165c                FEHLCD::FillRectangle(int, int, int, int)
 .text._ZN6FEHLCD8DrawLineEiiii
                0x00000000000116a8      0x14c Libraries/FEHLCD.o
                0x00000000000116a8                FEHLCD::DrawLine(int, int, int, int)
 .text._ZN6FEHLCD9WriteCharEiic
                0x00000000000117f4       0x34 Libraries/FEHLCD.o
                0x00000000000117f4                FEHLCD::WriteChar(int, int, char)
 .text._ZN6FEHLCD11WriteCharAtEiic
                0x0000000000011828      0x214 Libraries/FEHLCD.o
                0x0000000000011828                FEHLCD::WriteCharAt(int, int, char)
 .text._ZN6FEHLCD11RepeatColorEv
                0x0000000000011a3c       0x70 Libraries/FEHLCD.o
                0x0000000000011a3c                FEHLCD::RepeatColor()
 .text._ZN6FEHLCD10_ForePixelEv
                0x0000000000011aac       0xc4 Libraries/FEHLCD.o
                0x0000000000011aac                FEHLCD::_ForePixel()
 .text._ZN6FEHLCD10_BackPixelEv
                0x0000000000011b70       0xc4 Libraries/FEHLCD.o
                0x0000000000011b70                FEHLCD::_BackPixel()
 .text._ZN6FEHLCD22SetRegisterColorValuesEv
                0x0000000000011c34      0x336 Libraries/FEHLCD.o
                0x0000000000011c34                FEHLCD::SetRegisterColorValues()
 .text._ZN7FEHIcon4IconC2Ev
                0x0000000000011f6a       0x14 Libraries/FEHLCD.o
                0x0000000000011f6a                FEHIcon::Icon::Icon()
                0x0000000000011f6a                FEHIcon::Icon::Icon()
 .text._ZN7FEHIcon4Icon13SetPropertiesEPciiiijj
                0x0000000000011f7e       0x6a Libraries/FEHLCD.o
                0x0000000000011f7e                FEHIcon::Icon::SetProperties(char*, int, int, int, int, unsigned int, unsigned int)
 .text._ZN7FEHIcon4Icon4DrawEv
                0x0000000000011fe8       0x90 Libraries/FEHLCD.o
                0x0000000000011fe8                FEHIcon::Icon::Draw()
 .text._ZN7FEHIcon4Icon6SelectEv
                0x0000000000012078       0x90 Libraries/FEHLCD.o
                0x0000000000012078                FEHIcon::Icon::Select()
 .text._ZN7FEHIcon4Icon8DeselectEv
                0x0000000000012108       0x8c Libraries/FEHLCD.o
                0x0000000000012108                FEHIcon::Icon::Deselect()
 .text._ZN7FEHIcon4Icon7PressedEffi
                0x0000000000012194      0x13c Libraries/FEHLCD.o
                0x0000000000012194                FEHIcon::Icon::Pressed(float, float, int)
 .text._ZN7FEHIcon4Icon12WhilePressedEff
                0x00000000000122d0       0x50 Libraries/FEHLCD.o
                0x00000000000122d0                FEHIcon::Icon::WhilePressed(float, float)
 .text._ZN7FEHIcon4Icon17ChangeLabelStringEPKc
                0x0000000000012320       0x64 Libraries/FEHLCD.o
                0x0000000000012320                FEHIcon::Icon::ChangeLabelString(char const*)
 .text._ZN7FEHIcon4Icon14ChangeLabelIntEi
                0x0000000000012384       0x78 Libraries/FEHLCD.o
                0x0000000000012384                FEHIcon::Icon::ChangeLabelInt(int)
 .text._ZN7FEHIcon13DrawIconArrayEPNS_4IconEiiiiiiPA20_cjj
                0x00000000000123fc      0x168 Libraries/FEHLCD.o
                0x00000000000123fc                FEHIcon::DrawIconArray(FEHIcon::Icon*, int, int, int, int, int, int, char (*) [20], unsigned int, unsigned int)
 .text._Z41__static_initialization_and_destruction_0ii
                0x0000000000012564       0x2c Libraries/FEHLCD.o
 .text._GLOBAL__sub_I_image
                0x0000000000012590       0x10 Libraries/FEHLCD.o
 .text._ZN8FEHAccelC2Ev
                0x00000000000125a0       0x70 Libraries/FEHAccel.o
                0x00000000000125a0                FEHAccel::FEHAccel()
                0x00000000000125a0                FEHAccel::FEHAccel()
 .text._Z41__static_initialization_and_destruction_0ii
                0x0000000000012610       0x2c Libraries/FEHAccel.o
 .text._GLOBAL__sub_I_Accel
                0x000000000001263c       0x10 Libraries/FEHAccel.o
 *fill*         0x000000000001264c        0x4 
 .text._ZN10FEHBattery7VoltageEv
                0x0000000000012650       0x54 Libraries/FEHBattery.o
                0x0000000000012650                FEHBattery::Voltage()
 .text._ZN10FEHBatteryC2EN5FEHIO8FEHIOPinE
                0x00000000000126a4       0x22 Libraries/FEHBattery.o
                0x00000000000126a4                FEHBattery::FEHBattery(FEHIO::FEHIOPin)
                0x00000000000126a4                FEHBattery::FEHBattery(FEHIO::FEHIOPin)
 *fill*         0x00000000000126c6        0x2 
 .text._Z41__static_initialization_and_destruction_0ii
                0x00000000000126c8       0x30 Libraries/FEHBattery.o
 .text._GLOBAL__sub_I_Battery
                0x00000000000126f8       0x10 Libraries/FEHBattery.o
 .text._ZN7FEHXBeeC2Ev
                0x0000000000012708       0x1a Drivers/FEHXBee.o
                0x0000000000012708                FEHXBee::FEHXBee()
                0x0000000000012708                FEHXBee::FEHXBee()
 *fill*         0x0000000000012722        0x2 
 .text._ZN7FEHXBee10InitializeEv
                0x0000000000012724       0xdc Drivers/FEHXBee.o
                0x0000000000012724                FEHXBee::Initialize()
 .text._ZN7FEHXBee13IsInitializedEv
                0x0000000000012800       0x16 Drivers/FEHXBee.o
                0x0000000000012800                FEHXBee::IsInitialized()
 *fill*         0x0000000000012816        0x2 
 .text._ZN7FEHXBee17ReceiveDataSearchEPcjh
                0x0000000000012818       0x8c Drivers/FEHXBee.o
                0x0000000000012818                FEHXBee::ReceiveDataSearch(char*, unsigned int, unsigned char)
 .text._ZN7FEHXBee8SendDataEPcj
                0x00000000000128a4       0x40 Drivers/FEHXBee.o
                0x00000000000128a4                FEHXBee::SendData(char*, unsigned int)
 .text._ZN7FEHXBee17SetPacketCallBackEPFvPhhE
                0x00000000000128e4       0x20 Drivers/FEHXBee.o
                0x00000000000128e4                FEHXBee::SetPacketCallBack(void (*)(unsigned char*, unsigned char))
 .text._Z22UART0_RX_TX_IRQHandlerv
                0x0000000000012904       0xec Drivers/FEHXBee.o
                0x0000000000012904                UART0_RX_TX_IRQHandler()
 .text._ZN6FEHRCSC2Ev
                0x00000000000129f0       0x74 Libraries/FEHRCS.o
                0x00000000000129f0                FEHRCS::FEHRCS()
                0x00000000000129f0                FEHRCS::FEHRCS()
 .text._ZN6FEHRCS10InitializeEiPKc
                0x0000000000012a64      0x7a0 Libraries/FEHRCS.o
                0x0000000000012a64                FEHRCS::Initialize(int, char const*)
 .text._ZN6FEHRCS10InitializeEcPKc
                0x0000000000013204       0x4c Libraries/FEHRCS.o
                0x0000000000013204                FEHRCS::Initialize(char, char const*)
 .text._ZN6FEHRCS19InitializeTouchMenuEPKc
                0x0000000000013250      0x438 Libraries/FEHRCS.o
                0x0000000000013250                FEHRCS::InitializeTouchMenu(char const*)
 .text._ZN6FEHRCS19CurrentRegionLetterEv
                0x0000000000013688       0x1c Libraries/FEHRCS.o
                0x0000000000013688                FEHRCS::CurrentRegionLetter()
 .text._ZN6FEHRCS8GetLeverEv
                0x00000000000136a4       0x1c Libraries/FEHRCS.o
                0x00000000000136a4                FEHRCS::GetLever()
 .text._ZN6FEHRCS13WaitForPacketEv
                0x00000000000136c0       0x58 Libraries/FEHRCS.o
                0x00000000000136c0                FEHRCS::WaitForPacket()
 .text._Z14RCSDataProcessPhh
                0x0000000000013718       0xa0 Libraries/FEHRCS.o
                0x0000000000013718                RCSDataProcess(unsigned char*, unsigned char)
 .text._Z41__static_initialization_and_destruction_0ii
                0x00000000000137b8       0x2c Libraries/FEHRCS.o
 .text._GLOBAL__sub_I_RCS
                0x00000000000137e4       0x10 Libraries/FEHRCS.o
 .text._ZN5FEHSDC2Ev
                0x00000000000137f4       0x24 Libraries/FEHSD.o
                0x00000000000137f4                FEHSD::FEHSD()
                0x00000000000137f4                FEHSD::FEHSD()
 .text._ZN5FEHSD9FCloseAllEv
                0x0000000000013818       0x6c Libraries/FEHSD.o
                0x0000000000013818                FEHSD::FCloseAll()
 .text._Z41__static_initialization_and_destruction_0ii
                0x0000000000013884       0x2c Libraries/FEHSD.o
 .text._GLOBAL__sub_I_SD
                0x00000000000138b0       0x10 Libraries/FEHSD.o
 .text._ZN9FEHRandom10InitializeEv
                0x00000000000138c0       0x3c Libraries/FEHRandom.o
                0x00000000000138c0                FEHRandom::Initialize()
 .text.startup._GLOBAL__sub_I__ZN9__gnu_cxx9__freeresEv
                0x00000000000138fc       0x28 /Applications/FEH_ARM/bin/../lib/gcc/arm-none-eabi/10.3.1/../../../../arm-none-eabi/lib/thumb/v7e-m/nofp/libstdc++.a(eh_alloc.o)
 .text          0x0000000000013924      0x378 /Applications/FEH_ARM/bin/../lib/gcc/arm-none-eabi/10.3.1/thumb/v7e-m/nofp/libgcc.a(_arm_addsubdf3.o)
                0x0000000000013924                __aeabi_drsub
                0x000000000001392c                __subdf3
                0x000000000001392c                __aeabi_dsub
                0x0000000000013930                __aeabi_dadd
                0x0000000000013930                __adddf3
                0x0000000000013ba8                __aeabi_ui2d
                0x0000000000013ba8                __floatunsidf
                0x0000000000013bc8                __floatsidf
                0x0000000000013bc8                __aeabi_i2d
                0x0000000000013bec                __extendsfdf2
                0x0000000000013bec                __aeabi_f2d
                0x0000000000013c30                __aeabi_ul2d
                0x0000000000013c30                __floatundidf
                0x0000000000013c40                __aeabi_l2d
                0x0000000000013c40                __floatdidf
 .text          0x0000000000013c9c      0x424 /Applications/FEH_ARM/bin/../lib/gcc/arm-none-eabi/10.3.1/thumb/v7e-m/nofp/libgcc.a(_arm_muldivdf3.o)
                0x0000000000013c9c                __aeabi_dmul
                0x0000000000013c9c                __muldf3
                0x0000000000013ef0                __aeabi_ddiv
                0x0000000000013ef0                __divdf3
 .text          0x00000000000140c0      0x110 /Applications/FEH_ARM/bin/../lib/gcc/arm-none-eabi/10.3.1/thumb/v7e-m/nofp/libgcc.a(_arm_cmpdf2.o)
                0x00000000000140c0                __gedf2
                0x00000000000140c0                __gtdf2
                0x00000000000140c8                __ledf2
                0x00000000000140c8                __ltdf2
                0x00000000000140d0                __cmpdf2
                0x00000000000140d0                __eqdf2
                0x00000000000140d0                __nedf2
                0x000000000001414c                __aeabi_cdrcmple
                0x000000000001415c                __aeabi_cdcmple
                0x000000000001415c                __aeabi_cdcmpeq
                0x000000000001416c                __aeabi_dcmpeq
                0x0000000000014180                __aeabi_dcmplt
                0x0000000000014194                __aeabi_dcmple
                0x00000000000141a8                __aeabi_dcmpge
                0x00000000000141bc                __aeabi_dcmpgt
 .text          0x00000000000141d0       0x50 /Applications/FEH_ARM/bin/../lib/gcc/arm-none-eabi/10.3.1/thumb/v7e-m/nofp/libgcc.a(_arm_fixdfsi.o)
                0x00000000000141d0                __fixdfsi
                0x00000000000141d0                __aeabi_d2iz
 .text          0x0000000000014220       0x40 /Applications/FEH_ARM/bin/../lib/gcc/arm-none-eabi/10.3.1/thumb/v7e-m/nofp/libgcc.a(_arm_fixunsdfsi.o)
                0x0000000000014220                __fixunsdfsi
                0x0000000000014220                __aeabi_d2uiz
 .text          0x0000000000014260       0xa0 /Applications/FEH_ARM/bin/../lib/gcc/arm-none-eabi/10.3.1/thumb/v7e-m/nofp/libgcc.a(_arm_truncdfsf2.o)
                0x0000000000014260                __aeabi_d2f
                0x0000000000014260                __truncdfsf2
 .text          0x0000000000014300      0x21c /Applications/FEH_ARM/bin/../lib/gcc/arm-none-eabi/10.3.1/thumb/v7e-m/nofp/libgcc.a(_arm_addsubsf3.o)
                0x0000000000014300                __aeabi_frsub
                0x0000000000014308                __aeabi_fsub
                0x0000000000014308                __subsf3
                0x000000000001430c                __aeabi_fadd
                0x000000000001430c                __addsf3
                0x000000000001446c                __aeabi_ui2f
                0x000000000001446c                __floatunsisf
                0x0000000000014474                __floatsisf
                0x0000000000014474                __aeabi_i2f
                0x0000000000014490                __aeabi_ul2f
                0x0000000000014490                __floatundisf
                0x00000000000144a0                __aeabi_l2f
                0x00000000000144a0                __floatdisf
 .text          0x000000000001451c      0x2a0 /Applications/FEH_ARM/bin/../lib/gcc/arm-none-eabi/10.3.1/thumb/v7e-m/nofp/libgcc.a(_arm_muldivsf3.o)
                0x000000000001451c                __mulsf3
                0x000000000001451c                __aeabi_fmul
                0x0000000000014684                __divsf3
                0x0000000000014684                __aeabi_fdiv
 .text          0x00000000000147bc       0xec /Applications/FEH_ARM/bin/../lib/gcc/arm-none-eabi/10.3.1/thumb/v7e-m/nofp/libgcc.a(_arm_cmpsf2.o)
                0x00000000000147bc                __gesf2
                0x00000000000147bc                __gtsf2
                0x00000000000147c4                __ltsf2
                0x00000000000147c4                __lesf2
                0x00000000000147cc                __nesf2
                0x00000000000147cc                __eqsf2
                0x00000000000147cc                __cmpsf2
                0x000000000001482c                __aeabi_cfrcmple
                0x0000000000014834                __aeabi_cfcmpeq
                0x0000000000014834                __aeabi_cfcmple
                0x0000000000014844                __aeabi_fcmpeq
                0x0000000000014858                __aeabi_fcmplt
                0x000000000001486c                __aeabi_fcmple
                0x0000000000014880                __aeabi_fcmpge
                0x0000000000014894                __aeabi_fcmpgt
 .text          0x00000000000148a8       0x4c /Applications/FEH_ARM/bin/../lib/gcc/arm-none-eabi/10.3.1/thumb/v7e-m/nofp/libgcc.a(_arm_fixsfsi.o)
                0x00000000000148a8                __fixsfsi
                0x00000000000148a8                __aeabi_f2iz
 .text.abort    0x00000000000148f4       0x10 /Applications/FEH_ARM/bin/../lib/gcc/arm-none-eabi/10.3.1/../../../../arm-none-eabi/lib/thumb/v7e-m/nofp/libg.a(lib_a-abort.o)
                0x00000000000148f4                abort
 .text.__assert_func
                0x0000000000014904       0x40 /Applications/FEH_ARM/bin/../lib/gcc/arm-none-eabi/10.3.1/../../../../arm-none-eabi/lib/thumb/v7e-m/nofp/libg.a(lib_a-assert.o)
                0x0000000000014904                __assert_func
 .text.fiprintf
                0x0000000000014944       0x28 /Applications/FEH_ARM/bin/../lib/gcc/arm-none-eabi/10.3.1/../../../../arm-none-eabi/lib/thumb/v7e-m/nofp/libg.a(lib_a-fiprintf.o)
                0x0000000000014944                fiprintf
 .text.__sfvwrite_r
                0x000000000001496c      0x2e8 /Applications/FEH_ARM/bin/../lib/gcc/arm-none-eabi/10.3.1/../../../../arm-none-eabi/lib/thumb/v7e-m/nofp/libg.a(lib_a-fvwrite.o)
                0x000000000001496c                __sfvwrite_r
 .text.__libc_init_array
                0x0000000000014c54       0x48 /Applications/FEH_ARM/bin/../lib/gcc/arm-none-eabi/10.3.1/../../../../arm-none-eabi/lib/thumb/v7e-m/nofp/libg.a(lib_a-init.o)
                0x0000000000014c54                __libc_init_array
 .text.__retarget_lock_init_recursive
                0x0000000000014c9c        0x4 /Applications/FEH_ARM/bin/../lib/gcc/arm-none-eabi/10.3.1/../../../../arm-none-eabi/lib/thumb/v7e-m/nofp/libg.a(lib_a-lock.o)
                0x0000000000014c9c                __retarget_lock_init_recursive
 .text.__retarget_lock_close_recursive
                0x0000000000014ca0        0x4 /Applications/FEH_ARM/bin/../lib/gcc/arm-none-eabi/10.3.1/../../../../arm-none-eabi/lib/thumb/v7e-m/nofp/libg.a(lib_a-lock.o)
                0x0000000000014ca0                __retarget_lock_close_recursive
 .text.__retarget_lock_acquire_recursive
                0x0000000000014ca4        0x4 /Applications/FEH_ARM/bin/../lib/gcc/arm-none-eabi/10.3.1/../../../../arm-none-eabi/lib/thumb/v7e-m/nofp/libg.a(lib_a-lock.o)
                0x0000000000014ca4                __retarget_lock_acquire_recursive
 .text.__retarget_lock_release_recursive
                0x0000000000014ca8        0x4 /Applications/FEH_ARM/bin/../lib/gcc/arm-none-eabi/10.3.1/../../../../arm-none-eabi/lib/thumb/v7e-m/nofp/libg.a(lib_a-lock.o)
                0x0000000000014ca8                __retarget_lock_release_recursive
 .text.malloc   0x0000000000014cac       0x10 /Applications/FEH_ARM/bin/../lib/gcc/arm-none-eabi/10.3.1/../../../../arm-none-eabi/lib/thumb/v7e-m/nofp/libg.a(lib_a-malloc.o)
                0x0000000000014cac                malloc
 .text._malloc_r
                0x0000000000014cbc      0x560 /Applications/FEH_ARM/bin/../lib/gcc/arm-none-eabi/10.3.1/../../../../arm-none-eabi/lib/thumb/v7e-m/nofp/libg.a(lib_a-mallocr.o)
                0x0000000000014cbc                _malloc_r
 *fill*         0x000000000001521c        0x4 
 .text          0x0000000000015220       0xa0 /Applications/FEH_ARM/bin/../lib/gcc/arm-none-eabi/10.3.1/../../../../arm-none-eabi/lib/thumb/v7e-m/nofp/libg.a(lib_a-memchr.o)
                0x0000000000015220                memchr
 .text          0x00000000000152c0      0x134 /Applications/FEH_ARM/bin/../lib/gcc/arm-none-eabi/10.3.1/../../../../arm-none-eabi/lib/thumb/v7e-m/nofp/libg.a(lib_a-memcpy.o)
                0x00000000000152c0                memcpy
 .text.memmove  0x00000000000153f4       0xf8 /Applications/FEH_ARM/bin/../lib/gcc/arm-none-eabi/10.3.1/../../../../arm-none-eabi/lib/thumb/v7e-m/nofp/libg.a(lib_a-memmove.o)
                0x00000000000153f4                memmove
 .text.memset   0x00000000000154ec       0xa4 /Applications/FEH_ARM/bin/../lib/gcc/arm-none-eabi/10.3.1/../../../../arm-none-eabi/lib/thumb/v7e-m/nofp/libg.a(lib_a-memset.o)
                0x00000000000154ec                memset
 .text.__malloc_lock
                0x0000000000015590        0xc /Applications/FEH_ARM/bin/../lib/gcc/arm-none-eabi/10.3.1/../../../../arm-none-eabi/lib/thumb/v7e-m/nofp/libg.a(lib_a-mlock.o)
                0x0000000000015590                __malloc_lock
 .text.__malloc_unlock
                0x000000000001559c        0xc /Applications/FEH_ARM/bin/../lib/gcc/arm-none-eabi/10.3.1/../../../../arm-none-eabi/lib/thumb/v7e-m/nofp/libg.a(lib_a-mlock.o)
                0x000000000001559c                __malloc_unlock
 .text._realloc_r
                0x00000000000155a8      0x3d8 /Applications/FEH_ARM/bin/../lib/gcc/arm-none-eabi/10.3.1/../../../../arm-none-eabi/lib/thumb/v7e-m/nofp/libg.a(lib_a-reallocr.o)
                0x00000000000155a8                _realloc_r
 .text._sbrk_r  0x0000000000015980       0x24 /Applications/FEH_ARM/bin/../lib/gcc/arm-none-eabi/10.3.1/../../../../arm-none-eabi/lib/thumb/v7e-m/nofp/libg.a(lib_a-sbrkr.o)
                0x0000000000015980                _sbrk_r
 .text.raise    0x00000000000159a4       0x5c /Applications/FEH_ARM/bin/../lib/gcc/arm-none-eabi/10.3.1/../../../../arm-none-eabi/lib/thumb/v7e-m/nofp/libg.a(lib_a-signal.o)
                0x00000000000159a4                raise
 .text._kill_r  0x0000000000015a00       0x2c /Applications/FEH_ARM/bin/../lib/gcc/arm-none-eabi/10.3.1/../../../../arm-none-eabi/lib/thumb/v7e-m/nofp/libg.a(lib_a-signalr.o)
                0x0000000000015a00                _kill_r
 .text._getpid_r
                0x0000000000015a2c        0x4 /Applications/FEH_ARM/bin/../lib/gcc/arm-none-eabi/10.3.1/../../../../arm-none-eabi/lib/thumb/v7e-m/nofp/libg.a(lib_a-signalr.o)
                0x0000000000015a2c                _getpid_r
 .text.sprintf  0x0000000000015a30       0x40 /Applications/FEH_ARM/bin/../lib/gcc/arm-none-eabi/10.3.1/../../../../arm-none-eabi/lib/thumb/v7e-m/nofp/libg.a(lib_a-sprintf.o)
                0x0000000000015a30                sprintf
 *fill*         0x0000000000015a70       0x10 
 .text          0x0000000000015a80      0x2dc /Applications/FEH_ARM/bin/../lib/gcc/arm-none-eabi/10.3.1/../../../../arm-none-eabi/lib/thumb/v7e-m/nofp/libg.a(lib_a-strcmp.o)
                0x0000000000015a88                strcmp
 .text.strcpy   0x0000000000015d5c       0xbc /Applications/FEH_ARM/bin/../lib/gcc/arm-none-eabi/10.3.1/../../../../arm-none-eabi/lib/thumb/v7e-m/nofp/libg.a(lib_a-strcpy.o)
                0x0000000000015d5c                strcpy
 *fill*         0x0000000000015e18       0x28 
 .text          0x0000000000015e40       0xdc /Applications/FEH_ARM/bin/../lib/gcc/arm-none-eabi/10.3.1/../../../../arm-none-eabi/lib/thumb/v7e-m/nofp/libg.a(lib_a-strlen.o)
                0x0000000000015e40                strlen
 .text._svfprintf_r
                0x0000000000015f1c     0x1a3c /Applications/FEH_ARM/bin/../lib/gcc/arm-none-eabi/10.3.1/../../../../arm-none-eabi/lib/thumb/v7e-m/nofp/libg.a(lib_a-svfprintf.o)
                0x0000000000015f1c                _svfprintf_r
 .text.__sprint_r.part.0
                0x0000000000017958       0x78 /Applications/FEH_ARM/bin/../lib/gcc/arm-none-eabi/10.3.1/../../../../arm-none-eabi/lib/thumb/v7e-m/nofp/libg.a(lib_a-vfiprintf.o)
 .text._vfiprintf_r
                0x00000000000179d0      0xda0 /Applications/FEH_ARM/bin/../lib/gcc/arm-none-eabi/10.3.1/../../../../arm-none-eabi/lib/thumb/v7e-m/nofp/libg.a(lib_a-vfiprintf.o)
                0x00000000000179d0                _vfiprintf_r
 .text.__sbprintf
                0x0000000000018770       0x80 /Applications/FEH_ARM/bin/../lib/gcc/arm-none-eabi/10.3.1/../../../../arm-none-eabi/lib/thumb/v7e-m/nofp/libg.a(lib_a-vfiprintf.o)
 .text.__swbuf_r
                0x00000000000187f0       0xb0 /Applications/FEH_ARM/bin/../lib/gcc/arm-none-eabi/10.3.1/../../../../arm-none-eabi/lib/thumb/v7e-m/nofp/libg.a(lib_a-wbuf.o)
                0x00000000000187f0                __swbuf_r
 .text._write_r
                0x00000000000188a0       0x2c /Applications/FEH_ARM/bin/../lib/gcc/arm-none-eabi/10.3.1/../../../../arm-none-eabi/lib/thumb/v7e-m/nofp/libg.a(lib_a-writer.o)
                0x00000000000188a0                _write_r
 .text.__swsetup_r
                0x00000000000188cc       0xd4 /Applications/FEH_ARM/bin/../lib/gcc/arm-none-eabi/10.3.1/../../../../arm-none-eabi/lib/thumb/v7e-m/nofp/libg.a(lib_a-wsetup.o)
                0x00000000000188cc                __swsetup_r
 .text.startup.register_fini
                0x00000000000189a0       0x14 /Applications/FEH_ARM/bin/../lib/gcc/arm-none-eabi/10.3.1/../../../../arm-none-eabi/lib/thumb/v7e-m/nofp/libg.a(lib_a-__call_atexit.o)
 .text.atexit   0x00000000000189b4        0xc /Applications/FEH_ARM/bin/../lib/gcc/arm-none-eabi/10.3.1/../../../../arm-none-eabi/lib/thumb/v7e-m/nofp/libg.a(lib_a-atexit.o)
                0x00000000000189b4                atexit
 .text.quorem   0x00000000000189c0      0x124 /Applications/FEH_ARM/bin/../lib/gcc/arm-none-eabi/10.3.1/../../../../arm-none-eabi/lib/thumb/v7e-m/nofp/libg.a(lib_a-dtoa.o)
 *fill*         0x0000000000018ae4        0x4 
 .text._dtoa_r  0x0000000000018ae8      0xec4 /Applications/FEH_ARM/bin/../lib/gcc/arm-none-eabi/10.3.1/../../../../arm-none-eabi/lib/thumb/v7e-m/nofp/libg.a(lib_a-dtoa.o)
                0x0000000000018ae8                _dtoa_r
 .text.__sflush_r
                0x00000000000199ac      0x120 /Applications/FEH_ARM/bin/../lib/gcc/arm-none-eabi/10.3.1/../../../../arm-none-eabi/lib/thumb/v7e-m/nofp/libg.a(lib_a-fflush.o)
                0x00000000000199ac                __sflush_r
 .text._fflush_r
                0x0000000000019acc       0x5c /Applications/FEH_ARM/bin/../lib/gcc/arm-none-eabi/10.3.1/../../../../arm-none-eabi/lib/thumb/v7e-m/nofp/libg.a(lib_a-fflush.o)
                0x0000000000019acc                _fflush_r
 .text._cleanup_r
                0x0000000000019b28        0xc /Applications/FEH_ARM/bin/../lib/gcc/arm-none-eabi/10.3.1/../../../../arm-none-eabi/lib/thumb/v7e-m/nofp/libg.a(lib_a-findfp.o)
                0x0000000000019b28                _cleanup_r
 .text.__sinit  0x0000000000019b34      0x10c /Applications/FEH_ARM/bin/../lib/gcc/arm-none-eabi/10.3.1/../../../../arm-none-eabi/lib/thumb/v7e-m/nofp/libg.a(lib_a-findfp.o)
                0x0000000000019b34                __sinit
 .text.__sfp_lock_acquire
                0x0000000000019c40        0xc /Applications/FEH_ARM/bin/../lib/gcc/arm-none-eabi/10.3.1/../../../../arm-none-eabi/lib/thumb/v7e-m/nofp/libg.a(lib_a-findfp.o)
                0x0000000000019c40                __sfp_lock_acquire
 .text.__sfp_lock_release
                0x0000000000019c4c        0xc /Applications/FEH_ARM/bin/../lib/gcc/arm-none-eabi/10.3.1/../../../../arm-none-eabi/lib/thumb/v7e-m/nofp/libg.a(lib_a-findfp.o)
                0x0000000000019c4c                __sfp_lock_release
 .text.__libc_fini_array
                0x0000000000019c58       0x2c /Applications/FEH_ARM/bin/../lib/gcc/arm-none-eabi/10.3.1/../../../../arm-none-eabi/lib/thumb/v7e-m/nofp/libg.a(lib_a-fini.o)
                0x0000000000019c58                __libc_fini_array
 .text.__fputwc
                0x0000000000019c84       0xa8 /Applications/FEH_ARM/bin/../lib/gcc/arm-none-eabi/10.3.1/../../../../arm-none-eabi/lib/thumb/v7e-m/nofp/libg.a(lib_a-fputwc.o)
                0x0000000000019c84                __fputwc
 .text._fputwc_r
                0x0000000000019d2c       0x68 /Applications/FEH_ARM/bin/../lib/gcc/arm-none-eabi/10.3.1/../../../../arm-none-eabi/lib/thumb/v7e-m/nofp/libg.a(lib_a-fputwc.o)
                0x0000000000019d2c                _fputwc_r
 .text._malloc_trim_r
                0x0000000000019d94       0xa0 /Applications/FEH_ARM/bin/../lib/gcc/arm-none-eabi/10.3.1/../../../../arm-none-eabi/lib/thumb/v7e-m/nofp/libg.a(lib_a-freer.o)
                0x0000000000019d94                _malloc_trim_r
 .text._free_r  0x0000000000019e34      0x20c /Applications/FEH_ARM/bin/../lib/gcc/arm-none-eabi/10.3.1/../../../../arm-none-eabi/lib/thumb/v7e-m/nofp/libg.a(lib_a-freer.o)
                0x0000000000019e34                _free_r
 .text._fwalk_reent
                0x000000000001a040       0x48 /Applications/FEH_ARM/bin/../lib/gcc/arm-none-eabi/10.3.1/../../../../arm-none-eabi/lib/thumb/v7e-m/nofp/libg.a(lib_a-fwalk.o)
                0x000000000001a040                _fwalk_reent
 .text.__locale_mb_cur_max
                0x000000000001a088        0xc /Applications/FEH_ARM/bin/../lib/gcc/arm-none-eabi/10.3.1/../../../../arm-none-eabi/lib/thumb/v7e-m/nofp/libg.a(lib_a-locale.o)
                0x000000000001a088                __locale_mb_cur_max
 .text._localeconv_r
                0x000000000001a094        0x8 /Applications/FEH_ARM/bin/../lib/gcc/arm-none-eabi/10.3.1/../../../../arm-none-eabi/lib/thumb/v7e-m/nofp/libg.a(lib_a-localeconv.o)
                0x000000000001a094                _localeconv_r
 .text.__smakebuf_r
                0x000000000001a09c       0xe0 /Applications/FEH_ARM/bin/../lib/gcc/arm-none-eabi/10.3.1/../../../../arm-none-eabi/lib/thumb/v7e-m/nofp/libg.a(lib_a-makebuf.o)
                0x000000000001a09c                __smakebuf_r
 .text.__ascii_mbtowc
                0x000000000001a17c       0x2c /Applications/FEH_ARM/bin/../lib/gcc/arm-none-eabi/10.3.1/../../../../arm-none-eabi/lib/thumb/v7e-m/nofp/libg.a(lib_a-mbtowc_r.o)
                0x000000000001a17c                __ascii_mbtowc
 .text._Balloc  0x000000000001a1a8       0x4c /Applications/FEH_ARM/bin/../lib/gcc/arm-none-eabi/10.3.1/../../../../arm-none-eabi/lib/thumb/v7e-m/nofp/libg.a(lib_a-mprec.o)
                0x000000000001a1a8                _Balloc
 .text._Bfree   0x000000000001a1f4       0x14 /Applications/FEH_ARM/bin/../lib/gcc/arm-none-eabi/10.3.1/../../../../arm-none-eabi/lib/thumb/v7e-m/nofp/libg.a(lib_a-mprec.o)
                0x000000000001a1f4                _Bfree
 .text.__multadd
                0x000000000001a208       0xa0 /Applications/FEH_ARM/bin/../lib/gcc/arm-none-eabi/10.3.1/../../../../arm-none-eabi/lib/thumb/v7e-m/nofp/libg.a(lib_a-mprec.o)
                0x000000000001a208                __multadd
 .text.__hi0bits
                0x000000000001a2a8       0x40 /Applications/FEH_ARM/bin/../lib/gcc/arm-none-eabi/10.3.1/../../../../arm-none-eabi/lib/thumb/v7e-m/nofp/libg.a(lib_a-mprec.o)
                0x000000000001a2a8                __hi0bits
 .text.__lo0bits
                0x000000000001a2e8       0x5c /Applications/FEH_ARM/bin/../lib/gcc/arm-none-eabi/10.3.1/../../../../arm-none-eabi/lib/thumb/v7e-m/nofp/libg.a(lib_a-mprec.o)
                0x000000000001a2e8                __lo0bits
 .text.__i2b    0x000000000001a344       0x5c /Applications/FEH_ARM/bin/../lib/gcc/arm-none-eabi/10.3.1/../../../../arm-none-eabi/lib/thumb/v7e-m/nofp/libg.a(lib_a-mprec.o)
                0x000000000001a344                __i2b
 .text.__multiply
                0x000000000001a3a0      0x15c /Applications/FEH_ARM/bin/../lib/gcc/arm-none-eabi/10.3.1/../../../../arm-none-eabi/lib/thumb/v7e-m/nofp/libg.a(lib_a-mprec.o)
                0x000000000001a3a0                __multiply
 .text.__pow5mult
                0x000000000001a4fc       0xc0 /Applications/FEH_ARM/bin/../lib/gcc/arm-none-eabi/10.3.1/../../../../arm-none-eabi/lib/thumb/v7e-m/nofp/libg.a(lib_a-mprec.o)
                0x000000000001a4fc                __pow5mult
 .text.__lshift
                0x000000000001a5bc       0xf0 /Applications/FEH_ARM/bin/../lib/gcc/arm-none-eabi/10.3.1/../../../../arm-none-eabi/lib/thumb/v7e-m/nofp/libg.a(lib_a-mprec.o)
                0x000000000001a5bc                __lshift
 .text.__mcmp   0x000000000001a6ac       0x40 /Applications/FEH_ARM/bin/../lib/gcc/arm-none-eabi/10.3.1/../../../../arm-none-eabi/lib/thumb/v7e-m/nofp/libg.a(lib_a-mprec.o)
                0x000000000001a6ac                __mcmp
 .text.__mdiff  0x000000000001a6ec      0x14c /Applications/FEH_ARM/bin/../lib/gcc/arm-none-eabi/10.3.1/../../../../arm-none-eabi/lib/thumb/v7e-m/nofp/libg.a(lib_a-mprec.o)
                0x000000000001a6ec                __mdiff
 .text.__d2b    0x000000000001a838       0xc4 /Applications/FEH_ARM/bin/../lib/gcc/arm-none-eabi/10.3.1/../../../../arm-none-eabi/lib/thumb/v7e-m/nofp/libg.a(lib_a-mprec.o)
                0x000000000001a838                __d2b
 .text.frexp    0x000000000001a8fc       0x70 /Applications/FEH_ARM/bin/../lib/gcc/arm-none-eabi/10.3.1/../../../../arm-none-eabi/lib/thumb/v7e-m/nofp/libg.a(lib_a-s_frexp.o)
                0x000000000001a8fc                frexp
 .text.__sread  0x000000000001a96c       0x24 /Applications/FEH_ARM/bin/../lib/gcc/arm-none-eabi/10.3.1/../../../../arm-none-eabi/lib/thumb/v7e-m/nofp/libg.a(lib_a-stdio.o)
                0x000000000001a96c                __sread
 .text.__swrite
                0x000000000001a990       0x40 /Applications/FEH_ARM/bin/../lib/gcc/arm-none-eabi/10.3.1/../../../../arm-none-eabi/lib/thumb/v7e-m/nofp/libg.a(lib_a-stdio.o)
                0x000000000001a990                __swrite
 .text.__sseek  0x000000000001a9d0       0x20 /Applications/FEH_ARM/bin/../lib/gcc/arm-none-eabi/10.3.1/../../../../arm-none-eabi/lib/thumb/v7e-m/nofp/libg.a(lib_a-stdio.o)
                0x000000000001a9d0                __sseek
 .text.__sclose
                0x000000000001a9f0        0x8 /Applications/FEH_ARM/bin/../lib/gcc/arm-none-eabi/10.3.1/../../../../arm-none-eabi/lib/thumb/v7e-m/nofp/libg.a(lib_a-stdio.o)
                0x000000000001a9f0                __sclose
 .text.strncpy  0x000000000001a9f8       0x64 /Applications/FEH_ARM/bin/../lib/gcc/arm-none-eabi/10.3.1/../../../../arm-none-eabi/lib/thumb/v7e-m/nofp/libg.a(lib_a-strncpy.o)
                0x000000000001a9f8                strncpy
 .text.__ssprint_r
                0x000000000001aa5c       0xf8 /Applications/FEH_ARM/bin/../lib/gcc/arm-none-eabi/10.3.1/../../../../arm-none-eabi/lib/thumb/v7e-m/nofp/libg.a(lib_a-svfiprintf.o)
                0x000000000001aa5c                __ssprint_r
 .text._wcrtomb_r
                0x000000000001ab54       0x3c /Applications/FEH_ARM/bin/../lib/gcc/arm-none-eabi/10.3.1/../../../../arm-none-eabi/lib/thumb/v7e-m/nofp/libg.a(lib_a-wcrtomb.o)
                0x000000000001ab54                _wcrtomb_r
 .text.__ascii_wctomb
                0x000000000001ab90       0x1c /Applications/FEH_ARM/bin/../lib/gcc/arm-none-eabi/10.3.1/../../../../arm-none-eabi/lib/thumb/v7e-m/nofp/libg.a(lib_a-wctomb_r.o)
                0x000000000001ab90                __ascii_wctomb
 .text.__register_exitproc
                0x000000000001abac       0x8c /Applications/FEH_ARM/bin/../lib/gcc/arm-none-eabi/10.3.1/../../../../arm-none-eabi/lib/thumb/v7e-m/nofp/libg.a(lib_a-__atexit.o)
                0x000000000001abac                __register_exitproc
 .text._calloc_r
                0x000000000001ac38       0x78 /Applications/FEH_ARM/bin/../lib/gcc/arm-none-eabi/10.3.1/../../../../arm-none-eabi/lib/thumb/v7e-m/nofp/libg.a(lib_a-callocr.o)
                0x000000000001ac38                _calloc_r
 .text._close_r
                0x000000000001acb0       0x24 /Applications/FEH_ARM/bin/../lib/gcc/arm-none-eabi/10.3.1/../../../../arm-none-eabi/lib/thumb/v7e-m/nofp/libg.a(lib_a-closer.o)
                0x000000000001acb0                _close_r
 .text.__errno  0x000000000001acd4        0xc /Applications/FEH_ARM/bin/../lib/gcc/arm-none-eabi/10.3.1/../../../../arm-none-eabi/lib/thumb/v7e-m/nofp/libg.a(lib_a-errno.o)
                0x000000000001acd4                __errno
 .text._fclose_r
                0x000000000001ace0       0xcc /Applications/FEH_ARM/bin/../lib/gcc/arm-none-eabi/10.3.1/../../../../arm-none-eabi/lib/thumb/v7e-m/nofp/libg.a(lib_a-fclose.o)
                0x000000000001ace0                _fclose_r
 .text._fstat_r
                0x000000000001adac       0x2c /Applications/FEH_ARM/bin/../lib/gcc/arm-none-eabi/10.3.1/../../../../arm-none-eabi/lib/thumb/v7e-m/nofp/libg.a(lib_a-fstatr.o)
                0x000000000001adac                _fstat_r
 .text._isatty_r
                0x000000000001add8       0x24 /Applications/FEH_ARM/bin/../lib/gcc/arm-none-eabi/10.3.1/../../../../arm-none-eabi/lib/thumb/v7e-m/nofp/libg.a(lib_a-isattyr.o)
                0x000000000001add8                _isatty_r
 .text._lseek_r
                0x000000000001adfc       0x2c /Applications/FEH_ARM/bin/../lib/gcc/arm-none-eabi/10.3.1/../../../../arm-none-eabi/lib/thumb/v7e-m/nofp/libg.a(lib_a-lseekr.o)
                0x000000000001adfc                _lseek_r
 .text._read_r  0x000000000001ae28       0x2c /Applications/FEH_ARM/bin/../lib/gcc/arm-none-eabi/10.3.1/../../../../arm-none-eabi/lib/thumb/v7e-m/nofp/libg.a(lib_a-readr.o)
                0x000000000001ae28                _read_r
 .text          0x000000000001ae54       0x2c /Applications/FEH_ARM/bin/../lib/gcc/arm-none-eabi/10.3.1/thumb/v7e-m/nofp/libgcc.a(_arm_unorddf2.o)
                0x000000000001ae54                __aeabi_dcmpun
                0x000000000001ae54                __unorddf2
 .text          0x000000000001ae80       0x30 /Applications/FEH_ARM/bin/../lib/gcc/arm-none-eabi/10.3.1/thumb/v7e-m/nofp/libgcc.a(_aeabi_uldivmod.o)
                0x000000000001ae80                __aeabi_uldivmod
 .text          0x000000000001aeb0      0x2d0 /Applications/FEH_ARM/bin/../lib/gcc/arm-none-eabi/10.3.1/thumb/v7e-m/nofp/libgcc.a(_udivmoddi4.o)
                0x000000000001aeb0                __udivmoddi4
 .text          0x000000000001b180        0x4 /Applications/FEH_ARM/bin/../lib/gcc/arm-none-eabi/10.3.1/thumb/v7e-m/nofp/libgcc.a(_dvmd_tls.o)
                0x000000000001b180                __aeabi_ldiv0
                0x000000000001b180                __aeabi_idiv0
 .text._close   0x000000000001b184       0x10 /Applications/FEH_ARM/bin/../lib/gcc/arm-none-eabi/10.3.1/../../../../arm-none-eabi/lib/thumb/v7e-m/nofp/libnosys.a(close.o)
                0x000000000001b184                _close
 .text._fstat   0x000000000001b194       0x10 /Applications/FEH_ARM/bin/../lib/gcc/arm-none-eabi/10.3.1/../../../../arm-none-eabi/lib/thumb/v7e-m/nofp/libnosys.a(fstat.o)
                0x000000000001b194                _fstat
 .text._getpid  0x000000000001b1a4       0x10 /Applications/FEH_ARM/bin/../lib/gcc/arm-none-eabi/10.3.1/../../../../arm-none-eabi/lib/thumb/v7e-m/nofp/libnosys.a(getpid.o)
                0x000000000001b1a4                _getpid
 .text._isatty  0x000000000001b1b4       0x10 /Applications/FEH_ARM/bin/../lib/gcc/arm-none-eabi/10.3.1/../../../../arm-none-eabi/lib/thumb/v7e-m/nofp/libnosys.a(isatty.o)
                0x000000000001b1b4                _isatty
 .text._kill    0x000000000001b1c4       0x10 /Applications/FEH_ARM/bin/../lib/gcc/arm-none-eabi/10.3.1/../../../../arm-none-eabi/lib/thumb/v7e-m/nofp/libnosys.a(kill.o)
                0x000000000001b1c4                _kill
 .text._lseek   0x000000000001b1d4       0x10 /Applications/FEH_ARM/bin/../lib/gcc/arm-none-eabi/10.3.1/../../../../arm-none-eabi/lib/thumb/v7e-m/nofp/libnosys.a(lseek.o)
                0x000000000001b1d4                _lseek
 .text._read    0x000000000001b1e4       0x10 /Applications/FEH_ARM/bin/../lib/gcc/arm-none-eabi/10.3.1/../../../../arm-none-eabi/lib/thumb/v7e-m/nofp/libnosys.a(read.o)
                0x000000000001b1e4                _read
 .text._sbrk    0x000000000001b1f4       0x1c /Applications/FEH_ARM/bin/../lib/gcc/arm-none-eabi/10.3.1/../../../../arm-none-eabi/lib/thumb/v7e-m/nofp/libnosys.a(sbrk.o)
                0x000000000001b1f4                _sbrk
 .text._write   0x000000000001b210       0x10 /Applications/FEH_ARM/bin/../lib/gcc/arm-none-eabi/10.3.1/../../../../arm-none-eabi/lib/thumb/v7e-m/nofp/libnosys.a(write.o)
                0x000000000001b210                _write
 .text._exit    0x000000000001b220        0x4 /Applications/FEH_ARM/bin/../lib/gcc/arm-none-eabi/10.3.1/../../../../arm-none-eabi/lib/thumb/v7e-m/nofp/libnosys.a(_exit.o)
                0x000000000001b220                _exit
 *(.rodata .rodata.* .constdata .constdata.*)
 .rodata        0x000000000001b224       0x54 ../main.o
 .rodata.K60_SDHC0_init
                0x000000000001b278        0xc Drivers/SDHC.o
                0x000000000001b278                K60_SDHC0_init
 .rodata._ZL21ESDHC_COMMAND_XFERTYP
                0x000000000001b284      0x100 Drivers/SDHC.o
 .rodata._ZL9GPIOPorts
                0x000000000001b384       0x20 Libraries/FEHIO.o
 .rodata._ZL10ADCNumbers
                0x000000000001b3a4       0x21 Libraries/FEHIO.o
 *fill*         0x000000000001b3c5        0x3 
 .rodata._ZL14GPIOPinNumbers
                0x000000000001b3c8       0x80 Libraries/FEHIO.o
 .rodata._ZL16AnalogPinNumbers
                0x000000000001b448       0x84 Libraries/FEHIO.o
 .rodata        0x000000000001b4cc       0x78 Libraries/FEHIO.o
 .rodata        0x000000000001b544      0x1c4 Libraries/FEHServo.o
 .rodata        0x000000000001b708       0x32 Libraries/FEHLCD.o
 *fill*         0x000000000001b73a        0x2 
 .rodata        0x000000000001b73c      0x3ac Libraries/FEHRCS.o
 .rodata.__assert_func.str1.4
                0x000000000001bae8       0x3f /Applications/FEH_ARM/bin/../lib/gcc/arm-none-eabi/10.3.1/../../../../arm-none-eabi/lib/thumb/v7e-m/nofp/libg.a(lib_a-assert.o)
                                         0x43 (size before relaxing)
 *fill*         0x000000000001bb27        0x1 
 .rodata._global_impure_ptr
                0x000000000001bb28        0x4 /Applications/FEH_ARM/bin/../lib/gcc/arm-none-eabi/10.3.1/../../../../arm-none-eabi/lib/thumb/v7e-m/nofp/libg.a(lib_a-impure.o)
                0x000000000001bb28                _global_impure_ptr
 .rodata._svfprintf_r.str1.4
                0x000000000001bb2c       0x42 /Applications/FEH_ARM/bin/../lib/gcc/arm-none-eabi/10.3.1/../../../../arm-none-eabi/lib/thumb/v7e-m/nofp/libg.a(lib_a-svfprintf.o)
 *fill*         0x000000000001bb6e        0x2 
 .rodata.blanks.1
                0x000000000001bb70       0x10 /Applications/FEH_ARM/bin/../lib/gcc/arm-none-eabi/10.3.1/../../../../arm-none-eabi/lib/thumb/v7e-m/nofp/libg.a(lib_a-svfprintf.o)
 .rodata.zeroes.0
                0x000000000001bb80       0x10 /Applications/FEH_ARM/bin/../lib/gcc/arm-none-eabi/10.3.1/../../../../arm-none-eabi/lib/thumb/v7e-m/nofp/libg.a(lib_a-svfprintf.o)
 .rodata._vfiprintf_r.str1.4
                0x000000000001bb90       0x2f /Applications/FEH_ARM/bin/../lib/gcc/arm-none-eabi/10.3.1/../../../../arm-none-eabi/lib/thumb/v7e-m/nofp/libg.a(lib_a-vfiprintf.o)
 .rodata.blanks.1
                0x000000000001bb90       0x10 /Applications/FEH_ARM/bin/../lib/gcc/arm-none-eabi/10.3.1/../../../../arm-none-eabi/lib/thumb/v7e-m/nofp/libg.a(lib_a-vfiprintf.o)
 .rodata.zeroes.0
                0x000000000001bba0       0x10 /Applications/FEH_ARM/bin/../lib/gcc/arm-none-eabi/10.3.1/../../../../arm-none-eabi/lib/thumb/v7e-m/nofp/libg.a(lib_a-vfiprintf.o)
 .rodata._dtoa_r.str1.4
                0x000000000001bbb0       0x7e /Applications/FEH_ARM/bin/../lib/gcc/arm-none-eabi/10.3.1/../../../../arm-none-eabi/lib/thumb/v7e-m/nofp/libg.a(lib_a-dtoa.o)
                                         0x82 (size before relaxing)
 *fill*         0x000000000001bc2e        0x2 
 .rodata._setlocale_r.str1.4
                0x000000000001bc30        0xa /Applications/FEH_ARM/bin/../lib/gcc/arm-none-eabi/10.3.1/../../../../arm-none-eabi/lib/thumb/v7e-m/nofp/libg.a(lib_a-locale.o)
                                          0xd (size before relaxing)
 *fill*         0x000000000001bc3a        0x2 
 .rodata.str1.4
                0x000000000001bc3c        0x2 /Applications/FEH_ARM/bin/../lib/gcc/arm-none-eabi/10.3.1/../../../../arm-none-eabi/lib/thumb/v7e-m/nofp/libg.a(lib_a-locale.o)
 *fill*         0x000000000001bc3e        0x2 
 .rodata.__multadd.str1.4
                0x000000000001bc40       0x5b /Applications/FEH_ARM/bin/../lib/gcc/arm-none-eabi/10.3.1/../../../../arm-none-eabi/lib/thumb/v7e-m/nofp/libg.a(lib_a-mprec.o)
                                         0x6f (size before relaxing)
 *fill*         0x000000000001bc9b        0x5 
 .rodata.__mprec_bigtens
                0x000000000001bca0       0x28 /Applications/FEH_ARM/bin/../lib/gcc/arm-none-eabi/10.3.1/../../../../arm-none-eabi/lib/thumb/v7e-m/nofp/libg.a(lib_a-mprec.o)
                0x000000000001bca0                __mprec_bigtens
 .rodata.__mprec_tens
                0x000000000001bcc8       0xc8 /Applications/FEH_ARM/bin/../lib/gcc/arm-none-eabi/10.3.1/../../../../arm-none-eabi/lib/thumb/v7e-m/nofp/libg.a(lib_a-mprec.o)
                0x000000000001bcc8                __mprec_tens
 .rodata.p05.0  0x000000000001bd90        0xc /Applications/FEH_ARM/bin/../lib/gcc/arm-none-eabi/10.3.1/../../../../arm-none-eabi/lib/thumb/v7e-m/nofp/libg.a(lib_a-mprec.o)
 .rodata._ctype_
                0x000000000001bd9c      0x101 /Applications/FEH_ARM/bin/../lib/gcc/arm-none-eabi/10.3.1/../../../../arm-none-eabi/lib/thumb/v7e-m/nofp/libg.a(lib_a-ctype_.o)
                0x000000000001bd9c                _ctype_
                0x000000000001bea0                . = ALIGN (0x4)
 *fill*         0x000000000001be9d        0x3 
                0x000000000001bea0                . = ALIGN (0x4)
 *(.init)
 .init          0x000000000001bea0        0x4 /Applications/FEH_ARM/bin/../lib/gcc/arm-none-eabi/10.3.1/thumb/v7e-m/nofp/crti.o
                0x000000000001bea0                _init
 .init          0x000000000001bea4        0x8 /Applications/FEH_ARM/bin/../lib/gcc/arm-none-eabi/10.3.1/thumb/v7e-m/nofp/crtn.o
                0x000000000001beac                . = ALIGN (0x4)
                0x000000000001beac                __preinit_array_start = .
 *(.preinit_array)
                0x000000000001beac                __preinit_array_end = .
                0x000000000001beac                . = ALIGN (0x4)
                0x000000000001beac                __init_array_start = .
 *(SORT_BY_NAME(.init_array.*))
 .init_array.00000
                0x000000000001beac        0x4 /Applications/FEH_ARM/bin/../lib/gcc/arm-none-eabi/10.3.1/../../../../arm-none-eabi/lib/thumb/v7e-m/nofp/libg.a(lib_a-__call_atexit.o)
 *(.init_array)
 .init_array    0x000000000001beb0        0x4 /Applications/FEH_ARM/bin/../lib/gcc/arm-none-eabi/10.3.1/thumb/v7e-m/nofp/crtbegin.o
 .init_array    0x000000000001beb4        0x4 ../main.o
 .init_array    0x000000000001beb8        0x4 FEHProteus.o
 .init_array    0x000000000001bebc        0x4 Libraries/FEHBuzzer.o
 .init_array    0x000000000001bec0        0x4 Libraries/FEHLCD.o
 .init_array    0x000000000001bec4        0x4 Libraries/FEHAccel.o
 .init_array    0x000000000001bec8        0x4 Libraries/FEHBattery.o
 .init_array    0x000000000001becc        0x4 Libraries/FEHRCS.o
 .init_array    0x000000000001bed0        0x4 Libraries/FEHSD.o
 .init_array    0x000000000001bed4        0x4 /Applications/FEH_ARM/bin/../lib/gcc/arm-none-eabi/10.3.1/../../../../arm-none-eabi/lib/thumb/v7e-m/nofp/libstdc++.a(eh_alloc.o)
                0x000000000001bed8                __init_array_end = .
 *(.fini)
 .fini          0x000000000001bed8        0x4 /Applications/FEH_ARM/bin/../lib/gcc/arm-none-eabi/10.3.1/thumb/v7e-m/nofp/crti.o
                0x000000000001bed8                _fini
 .fini          0x000000000001bedc        0x8 /Applications/FEH_ARM/bin/../lib/gcc/arm-none-eabi/10.3.1/thumb/v7e-m/nofp/crtn.o